Archive member included to satisfy reference by file (symbol)

C:\Users\Chirag\Desktop\DTH\Atmel\DISPLA~1\DISPLA~1\ARDUIN~1\Debug\libArduinoCore.a(main.o)
                              C:/Program Files (x86)/Atmel/Studio/7.0/Packs/atmel/ATmega_DFP/1.2.150/gcc/dev/atmega328p/avr5/crtatmega328p.o (main)
C:\Users\Chirag\Desktop\DTH\Atmel\DISPLA~1\DISPLA~1\ARDUIN~1\Debug\libArduinoCore.a(Print.o)
                              Sketch.o (_ZN5Print5printEPKc)
C:\Users\Chirag\Desktop\DTH\Atmel\DISPLA~1\DISPLA~1\ARDUIN~1\Debug\libArduinoCore.a(wiring.o)
                              Sketch.o (delay)
C:\Users\Chirag\Desktop\DTH\Atmel\DISPLA~1\DISPLA~1\ARDUIN~1\Debug\libArduinoCore.a(wiring_digital.o)
                              Sketch.o (pinMode)
C:\Users\Chirag\Desktop\DTH\Atmel\DISPLA~1\DISPLA~1\ARDUIN~1\Debug\libArduinoCore.a(dht.o)
                              Sketch.o (_ZN3dht6read11Eh)
C:\Users\Chirag\Desktop\DTH\Atmel\DISPLA~1\DISPLA~1\ARDUIN~1\Debug\libArduinoCore.a(LiquidCrystal.o)
                              Sketch.o (_ZN13LiquidCrystal9setCursorEhh)
C:\Users\Chirag\Desktop\DTH\Atmel\DISPLA~1\DISPLA~1\ARDUIN~1\Debug\libArduinoCore.a(abi.o)
                              C:\Users\Chirag\Desktop\DTH\Atmel\DISPLA~1\DISPLA~1\ARDUIN~1\Debug\libArduinoCore.a(Print.o) (__cxa_pure_virtual)
C:\Users\Chirag\Desktop\DTH\Atmel\DISPLA~1\DISPLA~1\ARDUIN~1\Debug\libArduinoCore.a(hooks.o)
                              C:\Users\Chirag\Desktop\DTH\Atmel\DISPLA~1\DISPLA~1\ARDUIN~1\Debug\libArduinoCore.a(wiring.o) (yield)
C:\Users\Chirag\Desktop\DTH\Atmel\DISPLA~1\DISPLA~1\ARDUIN~1\Debug\libArduinoCore.a(WMath.o)
                              C:\Users\Chirag\Desktop\DTH\Atmel\DISPLA~1\DISPLA~1\ARDUIN~1\Debug\libArduinoCore.a(dht.o) (_Z8makeWordhh)
c:/program files (x86)/atmel/studio/7.0/toolchain/avr8/avr8-gnu-toolchain/bin/../lib/gcc/avr/5.4.0/../../../../avr/lib/avr5\libm.a(addsf3.o)
                              C:\Users\Chirag\Desktop\DTH\Atmel\DISPLA~1\DISPLA~1\ARDUIN~1\Debug\libArduinoCore.a(Print.o) (__subsf3)
c:/program files (x86)/atmel/studio/7.0/toolchain/avr8/avr8-gnu-toolchain/bin/../lib/gcc/avr/5.4.0/../../../../avr/lib/avr5\libm.a(addsf3x.o)
                              c:/program files (x86)/atmel/studio/7.0/toolchain/avr8/avr8-gnu-toolchain/bin/../lib/gcc/avr/5.4.0/../../../../avr/lib/avr5\libm.a(addsf3.o) (__addsf3x)
c:/program files (x86)/atmel/studio/7.0/toolchain/avr8/avr8-gnu-toolchain/bin/../lib/gcc/avr/5.4.0/../../../../avr/lib/avr5\libm.a(cmpsf2.o)
                              C:\Users\Chirag\Desktop\DTH\Atmel\DISPLA~1\DISPLA~1\ARDUIN~1\Debug\libArduinoCore.a(Print.o) (__ltsf2)
c:/program files (x86)/atmel/studio/7.0/toolchain/avr8/avr8-gnu-toolchain/bin/../lib/gcc/avr/5.4.0/../../../../avr/lib/avr5\libm.a(divsf3.o)
                              C:\Users\Chirag\Desktop\DTH\Atmel\DISPLA~1\DISPLA~1\ARDUIN~1\Debug\libArduinoCore.a(Print.o) (__divsf3)
c:/program files (x86)/atmel/studio/7.0/toolchain/avr8/avr8-gnu-toolchain/bin/../lib/gcc/avr/5.4.0/../../../../avr/lib/avr5\libm.a(divsf3x.o)
                              c:/program files (x86)/atmel/studio/7.0/toolchain/avr8/avr8-gnu-toolchain/bin/../lib/gcc/avr/5.4.0/../../../../avr/lib/avr5\libm.a(divsf3.o) (__divsf3x)
c:/program files (x86)/atmel/studio/7.0/toolchain/avr8/avr8-gnu-toolchain/bin/../lib/gcc/avr/5.4.0/../../../../avr/lib/avr5\libm.a(fixunssfsi.o)
                              C:\Users\Chirag\Desktop\DTH\Atmel\DISPLA~1\DISPLA~1\ARDUIN~1\Debug\libArduinoCore.a(Print.o) (__fixunssfsi)
c:/program files (x86)/atmel/studio/7.0/toolchain/avr8/avr8-gnu-toolchain/bin/../lib/gcc/avr/5.4.0/../../../../avr/lib/avr5\libm.a(floatsisf.o)
                              C:\Users\Chirag\Desktop\DTH\Atmel\DISPLA~1\DISPLA~1\ARDUIN~1\Debug\libArduinoCore.a(Print.o) (__floatunsisf)
c:/program files (x86)/atmel/studio/7.0/toolchain/avr8/avr8-gnu-toolchain/bin/../lib/gcc/avr/5.4.0/../../../../avr/lib/avr5\libm.a(fp_cmp.o)
                              c:/program files (x86)/atmel/studio/7.0/toolchain/avr8/avr8-gnu-toolchain/bin/../lib/gcc/avr/5.4.0/../../../../avr/lib/avr5\libm.a(cmpsf2.o) (__fp_cmp)
c:/program files (x86)/atmel/studio/7.0/toolchain/avr8/avr8-gnu-toolchain/bin/../lib/gcc/avr/5.4.0/../../../../avr/lib/avr5\libm.a(fp_inf.o)
                              c:/program files (x86)/atmel/studio/7.0/toolchain/avr8/avr8-gnu-toolchain/bin/../lib/gcc/avr/5.4.0/../../../../avr/lib/avr5\libm.a(addsf3x.o) (__fp_inf)
c:/program files (x86)/atmel/studio/7.0/toolchain/avr8/avr8-gnu-toolchain/bin/../lib/gcc/avr/5.4.0/../../../../avr/lib/avr5\libm.a(fp_nan.o)
                              c:/program files (x86)/atmel/studio/7.0/toolchain/avr8/avr8-gnu-toolchain/bin/../lib/gcc/avr/5.4.0/../../../../avr/lib/avr5\libm.a(addsf3x.o) (__fp_nan)
c:/program files (x86)/atmel/studio/7.0/toolchain/avr8/avr8-gnu-toolchain/bin/../lib/gcc/avr/5.4.0/../../../../avr/lib/avr5\libm.a(fp_pscA.o)
                              c:/program files (x86)/atmel/studio/7.0/toolchain/avr8/avr8-gnu-toolchain/bin/../lib/gcc/avr/5.4.0/../../../../avr/lib/avr5\libm.a(addsf3x.o) (__fp_pscA)
c:/program files (x86)/atmel/studio/7.0/toolchain/avr8/avr8-gnu-toolchain/bin/../lib/gcc/avr/5.4.0/../../../../avr/lib/avr5\libm.a(fp_pscB.o)
                              c:/program files (x86)/atmel/studio/7.0/toolchain/avr8/avr8-gnu-toolchain/bin/../lib/gcc/avr/5.4.0/../../../../avr/lib/avr5\libm.a(addsf3x.o) (__fp_pscB)
c:/program files (x86)/atmel/studio/7.0/toolchain/avr8/avr8-gnu-toolchain/bin/../lib/gcc/avr/5.4.0/../../../../avr/lib/avr5\libm.a(fp_round.o)
                              c:/program files (x86)/atmel/studio/7.0/toolchain/avr8/avr8-gnu-toolchain/bin/../lib/gcc/avr/5.4.0/../../../../avr/lib/avr5\libm.a(addsf3.o) (__fp_round)
c:/program files (x86)/atmel/studio/7.0/toolchain/avr8/avr8-gnu-toolchain/bin/../lib/gcc/avr/5.4.0/../../../../avr/lib/avr5\libm.a(fp_split3.o)
                              c:/program files (x86)/atmel/studio/7.0/toolchain/avr8/avr8-gnu-toolchain/bin/../lib/gcc/avr/5.4.0/../../../../avr/lib/avr5\libm.a(addsf3x.o) (__fp_split3)
c:/program files (x86)/atmel/studio/7.0/toolchain/avr8/avr8-gnu-toolchain/bin/../lib/gcc/avr/5.4.0/../../../../avr/lib/avr5\libm.a(fp_zero.o)
                              c:/program files (x86)/atmel/studio/7.0/toolchain/avr8/avr8-gnu-toolchain/bin/../lib/gcc/avr/5.4.0/../../../../avr/lib/avr5\libm.a(addsf3x.o) (__fp_zero)
c:/program files (x86)/atmel/studio/7.0/toolchain/avr8/avr8-gnu-toolchain/bin/../lib/gcc/avr/5.4.0/../../../../avr/lib/avr5\libm.a(gesf2.o)
                              C:\Users\Chirag\Desktop\DTH\Atmel\DISPLA~1\DISPLA~1\ARDUIN~1\Debug\libArduinoCore.a(Print.o) (__gtsf2)
c:/program files (x86)/atmel/studio/7.0/toolchain/avr8/avr8-gnu-toolchain/bin/../lib/gcc/avr/5.4.0/../../../../avr/lib/avr5\libm.a(mulsf3.o)
                              C:\Users\Chirag\Desktop\DTH\Atmel\DISPLA~1\DISPLA~1\ARDUIN~1\Debug\libArduinoCore.a(Print.o) (__mulsf3)
c:/program files (x86)/atmel/studio/7.0/toolchain/avr8/avr8-gnu-toolchain/bin/../lib/gcc/avr/5.4.0/../../../../avr/lib/avr5\libm.a(mulsf3x.o)
                              c:/program files (x86)/atmel/studio/7.0/toolchain/avr8/avr8-gnu-toolchain/bin/../lib/gcc/avr/5.4.0/../../../../avr/lib/avr5\libm.a(mulsf3.o) (__mulsf3x)
c:/program files (x86)/atmel/studio/7.0/toolchain/avr8/avr8-gnu-toolchain/bin/../lib/gcc/avr/5.4.0/../../../../avr/lib/avr5\libm.a(unordsf2.o)
                              C:\Users\Chirag\Desktop\DTH\Atmel\DISPLA~1\DISPLA~1\ARDUIN~1\Debug\libArduinoCore.a(Print.o) (__unordsf2)
c:/program files (x86)/atmel/studio/7.0/toolchain/avr8/avr8-gnu-toolchain/bin/../lib/gcc/avr/5.4.0/avr5\libgcc.a(_mulsi3.o)
                              C:\Users\Chirag\Desktop\DTH\Atmel\DISPLA~1\DISPLA~1\ARDUIN~1\Debug\libArduinoCore.a(WMath.o) (__mulsi3)
c:/program files (x86)/atmel/studio/7.0/toolchain/avr8/avr8-gnu-toolchain/bin/../lib/gcc/avr/5.4.0/avr5\libgcc.a(_udivmodsi4.o)
                              C:\Users\Chirag\Desktop\DTH\Atmel\DISPLA~1\DISPLA~1\ARDUIN~1\Debug\libArduinoCore.a(Print.o) (__udivmodsi4)
c:/program files (x86)/atmel/studio/7.0/toolchain/avr8/avr8-gnu-toolchain/bin/../lib/gcc/avr/5.4.0/avr5\libgcc.a(_divmodsi4.o)
                              C:\Users\Chirag\Desktop\DTH\Atmel\DISPLA~1\DISPLA~1\ARDUIN~1\Debug\libArduinoCore.a(WMath.o) (__divmodsi4)
c:/program files (x86)/atmel/studio/7.0/toolchain/avr8/avr8-gnu-toolchain/bin/../lib/gcc/avr/5.4.0/avr5\libgcc.a(_negsi2.o)
                              c:/program files (x86)/atmel/studio/7.0/toolchain/avr8/avr8-gnu-toolchain/bin/../lib/gcc/avr/5.4.0/avr5\libgcc.a(_divmodsi4.o) (__negsi2)
c:/program files (x86)/atmel/studio/7.0/toolchain/avr8/avr8-gnu-toolchain/bin/../lib/gcc/avr/5.4.0/avr5\libgcc.a(_exit.o)
                              C:/Program Files (x86)/Atmel/Studio/7.0/Packs/atmel/ATmega_DFP/1.2.150/gcc/dev/atmega328p/avr5/crtatmega328p.o (exit)
c:/program files (x86)/atmel/studio/7.0/toolchain/avr8/avr8-gnu-toolchain/bin/../lib/gcc/avr/5.4.0/avr5\libgcc.a(_copy_data.o)
                              Sketch.o (__do_copy_data)
c:/program files (x86)/atmel/studio/7.0/toolchain/avr8/avr8-gnu-toolchain/bin/../lib/gcc/avr/5.4.0/avr5\libgcc.a(_clear_bss.o)
                              Sketch.o (__do_clear_bss)
c:/program files (x86)/atmel/studio/7.0/toolchain/avr8/avr8-gnu-toolchain/bin/../lib/gcc/avr/5.4.0/avr5\libgcc.a(_ctors.o)
                              Sketch.o (__do_global_ctors)
c:/program files (x86)/atmel/studio/7.0/toolchain/avr8/avr8-gnu-toolchain/bin/../lib/gcc/avr/5.4.0/avr5\libgcc.a(_muluhisi3.o)
                              c:/program files (x86)/atmel/studio/7.0/toolchain/avr8/avr8-gnu-toolchain/bin/../lib/gcc/avr/5.4.0/avr5\libgcc.a(_mulsi3.o) (__muluhisi3)
c:/program files (x86)/atmel/studio/7.0/toolchain/avr8/avr8-gnu-toolchain/bin/../lib/gcc/avr/5.4.0/avr5\libgcc.a(_tablejump2.o)
                              c:/program files (x86)/atmel/studio/7.0/toolchain/avr8/avr8-gnu-toolchain/bin/../lib/gcc/avr/5.4.0/avr5\libgcc.a(_ctors.o) (__tablejump2__)
c:/program files (x86)/atmel/studio/7.0/toolchain/avr8/avr8-gnu-toolchain/bin/../lib/gcc/avr/5.4.0/avr5\libgcc.a(_umulhisi3.o)
                              c:/program files (x86)/atmel/studio/7.0/toolchain/avr8/avr8-gnu-toolchain/bin/../lib/gcc/avr/5.4.0/avr5\libgcc.a(_muluhisi3.o) (__umulhisi3)
c:/program files (x86)/atmel/studio/7.0/toolchain/avr8/avr8-gnu-toolchain/bin/../lib/gcc/avr/5.4.0/../../../../avr/lib/avr5\libc.a(random.o)
                              C:\Users\Chirag\Desktop\DTH\Atmel\DISPLA~1\DISPLA~1\ARDUIN~1\Debug\libArduinoCore.a(WMath.o) (random)
c:/program files (x86)/atmel/studio/7.0/toolchain/avr8/avr8-gnu-toolchain/bin/../lib/gcc/avr/5.4.0/../../../../avr/lib/avr5\libc.a(abort.o)
                              C:\Users\Chirag\Desktop\DTH\Atmel\DISPLA~1\DISPLA~1\ARDUIN~1\Debug\libArduinoCore.a(abi.o) (abort)
c:/program files (x86)/atmel/studio/7.0/toolchain/avr8/avr8-gnu-toolchain/bin/../lib/gcc/avr/5.4.0/avr5\libgcc.a(_mulshisi3.o)
                              c:/program files (x86)/atmel/studio/7.0/toolchain/avr8/avr8-gnu-toolchain/bin/../lib/gcc/avr/5.4.0/../../../../avr/lib/avr5\libc.a(random.o) (__mulohisi3)

Discarded input sections

 .data          0x00000000        0x0 C:/Program Files (x86)/Atmel/Studio/7.0/Packs/atmel/ATmega_DFP/1.2.150/gcc/dev/atmega328p/avr5/crtatmega328p.o
 .bss           0x00000000        0x0 C:/Program Files (x86)/Atmel/Studio/7.0/Packs/atmel/ATmega_DFP/1.2.150/gcc/dev/atmega328p/avr5/crtatmega328p.o
 .text          0x00000000        0x0 Sketch.o
 .data          0x00000000        0x0 Sketch.o
 .bss           0x00000000        0x0 Sketch.o
 .text          0x00000000        0x0 C:\Users\Chirag\Desktop\DTH\Atmel\DISPLA~1\DISPLA~1\ARDUIN~1\Debug\libArduinoCore.a(main.o)
 .data          0x00000000        0x0 C:\Users\Chirag\Desktop\DTH\Atmel\DISPLA~1\DISPLA~1\ARDUIN~1\Debug\libArduinoCore.a(main.o)
 .bss           0x00000000        0x0 C:\Users\Chirag\Desktop\DTH\Atmel\DISPLA~1\DISPLA~1\ARDUIN~1\Debug\libArduinoCore.a(main.o)
 .text.atexit   0x00000000        0x6 C:\Users\Chirag\Desktop\DTH\Atmel\DISPLA~1\DISPLA~1\ARDUIN~1\Debug\libArduinoCore.a(main.o)
 .text._Z8setupUSBv
                0x00000000        0x2 C:\Users\Chirag\Desktop\DTH\Atmel\DISPLA~1\DISPLA~1\ARDUIN~1\Debug\libArduinoCore.a(main.o)
 .group         0x00000000        0x8 C:\Users\Chirag\Desktop\DTH\Atmel\DISPLA~1\DISPLA~1\ARDUIN~1\Debug\libArduinoCore.a(Print.o)
 .group         0x00000000        0x8 C:\Users\Chirag\Desktop\DTH\Atmel\DISPLA~1\DISPLA~1\ARDUIN~1\Debug\libArduinoCore.a(Print.o)
 .group         0x00000000        0x8 C:\Users\Chirag\Desktop\DTH\Atmel\DISPLA~1\DISPLA~1\ARDUIN~1\Debug\libArduinoCore.a(Print.o)
 .group         0x00000000        0x8 C:\Users\Chirag\Desktop\DTH\Atmel\DISPLA~1\DISPLA~1\ARDUIN~1\Debug\libArduinoCore.a(Print.o)
 .text          0x00000000        0x0 C:\Users\Chirag\Desktop\DTH\Atmel\DISPLA~1\DISPLA~1\ARDUIN~1\Debug\libArduinoCore.a(Print.o)
 .data          0x00000000        0x0 C:\Users\Chirag\Desktop\DTH\Atmel\DISPLA~1\DISPLA~1\ARDUIN~1\Debug\libArduinoCore.a(Print.o)
 .bss           0x00000000        0x0 C:\Users\Chirag\Desktop\DTH\Atmel\DISPLA~1\DISPLA~1\ARDUIN~1\Debug\libArduinoCore.a(Print.o)
 .text._ZN5Print5printEPK19__FlashStringHelper
                0x00000000       0x48 C:\Users\Chirag\Desktop\DTH\Atmel\DISPLA~1\DISPLA~1\ARDUIN~1\Debug\libArduinoCore.a(Print.o)
 .text._ZN5Print5printERK6String
                0x00000000       0x1c C:\Users\Chirag\Desktop\DTH\Atmel\DISPLA~1\DISPLA~1\ARDUIN~1\Debug\libArduinoCore.a(Print.o)
 .text._ZN5Print5printERK9Printable
                0x00000000       0x14 C:\Users\Chirag\Desktop\DTH\Atmel\DISPLA~1\DISPLA~1\ARDUIN~1\Debug\libArduinoCore.a(Print.o)
 .text._ZN5Print7printlnEv
                0x00000000        0x8 C:\Users\Chirag\Desktop\DTH\Atmel\DISPLA~1\DISPLA~1\ARDUIN~1\Debug\libArduinoCore.a(Print.o)
 .text._ZN5Print7printlnEPK19__FlashStringHelper
                0x00000000       0x24 C:\Users\Chirag\Desktop\DTH\Atmel\DISPLA~1\DISPLA~1\ARDUIN~1\Debug\libArduinoCore.a(Print.o)
 .text._ZN5Print7printlnERK6String
                0x00000000       0x24 C:\Users\Chirag\Desktop\DTH\Atmel\DISPLA~1\DISPLA~1\ARDUIN~1\Debug\libArduinoCore.a(Print.o)
 .text._ZN5Print7printlnEPKc
                0x00000000       0x24 C:\Users\Chirag\Desktop\DTH\Atmel\DISPLA~1\DISPLA~1\ARDUIN~1\Debug\libArduinoCore.a(Print.o)
 .text._ZN5Print7printlnEc
                0x00000000       0x24 C:\Users\Chirag\Desktop\DTH\Atmel\DISPLA~1\DISPLA~1\ARDUIN~1\Debug\libArduinoCore.a(Print.o)
 .text._ZN5Print7printlnERK9Printable
                0x00000000       0x24 C:\Users\Chirag\Desktop\DTH\Atmel\DISPLA~1\DISPLA~1\ARDUIN~1\Debug\libArduinoCore.a(Print.o)
 .text._ZN5Print5printEhi
                0x00000000        0xe C:\Users\Chirag\Desktop\DTH\Atmel\DISPLA~1\DISPLA~1\ARDUIN~1\Debug\libArduinoCore.a(Print.o)
 .text._ZN5Print7printlnEhi
                0x00000000       0x24 C:\Users\Chirag\Desktop\DTH\Atmel\DISPLA~1\DISPLA~1\ARDUIN~1\Debug\libArduinoCore.a(Print.o)
 .text._ZN5Print7printlnEji
                0x00000000       0x24 C:\Users\Chirag\Desktop\DTH\Atmel\DISPLA~1\DISPLA~1\ARDUIN~1\Debug\libArduinoCore.a(Print.o)
 .text._ZN5Print7printlnEmi
                0x00000000       0x24 C:\Users\Chirag\Desktop\DTH\Atmel\DISPLA~1\DISPLA~1\ARDUIN~1\Debug\libArduinoCore.a(Print.o)
 .text._ZN5Print5printEli
                0x00000000       0x90 C:\Users\Chirag\Desktop\DTH\Atmel\DISPLA~1\DISPLA~1\ARDUIN~1\Debug\libArduinoCore.a(Print.o)
 .text._ZN5Print5printEii
                0x00000000        0xe C:\Users\Chirag\Desktop\DTH\Atmel\DISPLA~1\DISPLA~1\ARDUIN~1\Debug\libArduinoCore.a(Print.o)
 .text._ZN5Print7printlnEii
                0x00000000       0x24 C:\Users\Chirag\Desktop\DTH\Atmel\DISPLA~1\DISPLA~1\ARDUIN~1\Debug\libArduinoCore.a(Print.o)
 .text._ZN5Print7printlnEli
                0x00000000       0x24 C:\Users\Chirag\Desktop\DTH\Atmel\DISPLA~1\DISPLA~1\ARDUIN~1\Debug\libArduinoCore.a(Print.o)
 .text._ZN5Print7printlnEdi
                0x00000000       0x24 C:\Users\Chirag\Desktop\DTH\Atmel\DISPLA~1\DISPLA~1\ARDUIN~1\Debug\libArduinoCore.a(Print.o)
 .rodata._ZTV5Print
                0x00000000        0xc C:\Users\Chirag\Desktop\DTH\Atmel\DISPLA~1\DISPLA~1\ARDUIN~1\Debug\libArduinoCore.a(Print.o)
 .text          0x00000000        0x0 C:\Users\Chirag\Desktop\DTH\Atmel\DISPLA~1\DISPLA~1\ARDUIN~1\Debug\libArduinoCore.a(wiring.o)
 .data          0x00000000        0x0 C:\Users\Chirag\Desktop\DTH\Atmel\DISPLA~1\DISPLA~1\ARDUIN~1\Debug\libArduinoCore.a(wiring.o)
 .bss           0x00000000        0x0 C:\Users\Chirag\Desktop\DTH\Atmel\DISPLA~1\DISPLA~1\ARDUIN~1\Debug\libArduinoCore.a(wiring.o)
 .text.millis   0x00000000       0x18 C:\Users\Chirag\Desktop\DTH\Atmel\DISPLA~1\DISPLA~1\ARDUIN~1\Debug\libArduinoCore.a(wiring.o)
 .text          0x00000000        0x0 C:\Users\Chirag\Desktop\DTH\Atmel\DISPLA~1\DISPLA~1\ARDUIN~1\Debug\libArduinoCore.a(wiring_digital.o)
 .data          0x00000000        0x0 C:\Users\Chirag\Desktop\DTH\Atmel\DISPLA~1\DISPLA~1\ARDUIN~1\Debug\libArduinoCore.a(wiring_digital.o)
 .bss           0x00000000        0x0 C:\Users\Chirag\Desktop\DTH\Atmel\DISPLA~1\DISPLA~1\ARDUIN~1\Debug\libArduinoCore.a(wiring_digital.o)
 .text          0x00000000        0x0 C:\Users\Chirag\Desktop\DTH\Atmel\DISPLA~1\DISPLA~1\ARDUIN~1\Debug\libArduinoCore.a(dht.o)
 .data          0x00000000        0x0 C:\Users\Chirag\Desktop\DTH\Atmel\DISPLA~1\DISPLA~1\ARDUIN~1\Debug\libArduinoCore.a(dht.o)
 .bss           0x00000000        0x0 C:\Users\Chirag\Desktop\DTH\Atmel\DISPLA~1\DISPLA~1\ARDUIN~1\Debug\libArduinoCore.a(dht.o)
 .text._ZN3dht6read22Eh
                0x00000000       0xb0 C:\Users\Chirag\Desktop\DTH\Atmel\DISPLA~1\DISPLA~1\ARDUIN~1\Debug\libArduinoCore.a(dht.o)
 .group         0x00000000        0x8 C:\Users\Chirag\Desktop\DTH\Atmel\DISPLA~1\DISPLA~1\ARDUIN~1\Debug\libArduinoCore.a(LiquidCrystal.o)
 .group         0x00000000        0x8 C:\Users\Chirag\Desktop\DTH\Atmel\DISPLA~1\DISPLA~1\ARDUIN~1\Debug\libArduinoCore.a(LiquidCrystal.o)
 .group         0x00000000        0x8 C:\Users\Chirag\Desktop\DTH\Atmel\DISPLA~1\DISPLA~1\ARDUIN~1\Debug\libArduinoCore.a(LiquidCrystal.o)
 .group         0x00000000        0x8 C:\Users\Chirag\Desktop\DTH\Atmel\DISPLA~1\DISPLA~1\ARDUIN~1\Debug\libArduinoCore.a(LiquidCrystal.o)
 .group         0x00000000        0x8 C:\Users\Chirag\Desktop\DTH\Atmel\DISPLA~1\DISPLA~1\ARDUIN~1\Debug\libArduinoCore.a(LiquidCrystal.o)
 .text          0x00000000        0x0 C:\Users\Chirag\Desktop\DTH\Atmel\DISPLA~1\DISPLA~1\ARDUIN~1\Debug\libArduinoCore.a(LiquidCrystal.o)
 .data          0x00000000        0x0 C:\Users\Chirag\Desktop\DTH\Atmel\DISPLA~1\DISPLA~1\ARDUIN~1\Debug\libArduinoCore.a(LiquidCrystal.o)
 .bss           0x00000000        0x0 C:\Users\Chirag\Desktop\DTH\Atmel\DISPLA~1\DISPLA~1\ARDUIN~1\Debug\libArduinoCore.a(LiquidCrystal.o)
 .text._ZN5Print17availableForWriteEv
                0x00000000        0x6 C:\Users\Chirag\Desktop\DTH\Atmel\DISPLA~1\DISPLA~1\ARDUIN~1\Debug\libArduinoCore.a(LiquidCrystal.o)
 .text._ZN5Print5flushEv
                0x00000000        0x2 C:\Users\Chirag\Desktop\DTH\Atmel\DISPLA~1\DISPLA~1\ARDUIN~1\Debug\libArduinoCore.a(LiquidCrystal.o)
 .text._ZN13LiquidCrystal13setRowOffsetsEiiii
                0x00000000       0x10 C:\Users\Chirag\Desktop\DTH\Atmel\DISPLA~1\DISPLA~1\ARDUIN~1\Debug\libArduinoCore.a(LiquidCrystal.o)
 .text._ZN13LiquidCrystal4homeEv
                0x00000000        0xe C:\Users\Chirag\Desktop\DTH\Atmel\DISPLA~1\DISPLA~1\ARDUIN~1\Debug\libArduinoCore.a(LiquidCrystal.o)
 .text._ZN13LiquidCrystal9noDisplayEv
                0x00000000        0xe C:\Users\Chirag\Desktop\DTH\Atmel\DISPLA~1\DISPLA~1\ARDUIN~1\Debug\libArduinoCore.a(LiquidCrystal.o)
 .text._ZN13LiquidCrystal4initEhhhhhhhhhhhh
                0x00000000       0x58 C:\Users\Chirag\Desktop\DTH\Atmel\DISPLA~1\DISPLA~1\ARDUIN~1\Debug\libArduinoCore.a(LiquidCrystal.o)
 .text._ZN13LiquidCrystalC2Ehhhhhhhhhhh
                0x00000000       0x5a C:\Users\Chirag\Desktop\DTH\Atmel\DISPLA~1\DISPLA~1\ARDUIN~1\Debug\libArduinoCore.a(LiquidCrystal.o)
 .text._ZN13LiquidCrystalC2Ehhhhhhhhhh
                0x00000000       0x5a C:\Users\Chirag\Desktop\DTH\Atmel\DISPLA~1\DISPLA~1\ARDUIN~1\Debug\libArduinoCore.a(LiquidCrystal.o)
 .text._ZN13LiquidCrystalC2Ehhhhhhh
                0x00000000       0x42 C:\Users\Chirag\Desktop\DTH\Atmel\DISPLA~1\DISPLA~1\ARDUIN~1\Debug\libArduinoCore.a(LiquidCrystal.o)
 .text._ZN13LiquidCrystal8noCursorEv
                0x00000000        0xe C:\Users\Chirag\Desktop\DTH\Atmel\DISPLA~1\DISPLA~1\ARDUIN~1\Debug\libArduinoCore.a(LiquidCrystal.o)
 .text._ZN13LiquidCrystal6cursorEv
                0x00000000       0x10 C:\Users\Chirag\Desktop\DTH\Atmel\DISPLA~1\DISPLA~1\ARDUIN~1\Debug\libArduinoCore.a(LiquidCrystal.o)
 .text._ZN13LiquidCrystal7noBlinkEv
                0x00000000        0xe C:\Users\Chirag\Desktop\DTH\Atmel\DISPLA~1\DISPLA~1\ARDUIN~1\Debug\libArduinoCore.a(LiquidCrystal.o)
 .text._ZN13LiquidCrystal5blinkEv
                0x00000000       0x10 C:\Users\Chirag\Desktop\DTH\Atmel\DISPLA~1\DISPLA~1\ARDUIN~1\Debug\libArduinoCore.a(LiquidCrystal.o)
 .text._ZN13LiquidCrystal17scrollDisplayLeftEv
                0x00000000        0x6 C:\Users\Chirag\Desktop\DTH\Atmel\DISPLA~1\DISPLA~1\ARDUIN~1\Debug\libArduinoCore.a(LiquidCrystal.o)
 .text._ZN13LiquidCrystal18scrollDisplayRightEv
                0x00000000        0x6 C:\Users\Chirag\Desktop\DTH\Atmel\DISPLA~1\DISPLA~1\ARDUIN~1\Debug\libArduinoCore.a(LiquidCrystal.o)
 .text._ZN13LiquidCrystal11leftToRightEv
                0x00000000       0x10 C:\Users\Chirag\Desktop\DTH\Atmel\DISPLA~1\DISPLA~1\ARDUIN~1\Debug\libArduinoCore.a(LiquidCrystal.o)
 .text._ZN13LiquidCrystal11rightToLeftEv
                0x00000000        0xe C:\Users\Chirag\Desktop\DTH\Atmel\DISPLA~1\DISPLA~1\ARDUIN~1\Debug\libArduinoCore.a(LiquidCrystal.o)
 .text._ZN13LiquidCrystal10autoscrollEv
                0x00000000       0x10 C:\Users\Chirag\Desktop\DTH\Atmel\DISPLA~1\DISPLA~1\ARDUIN~1\Debug\libArduinoCore.a(LiquidCrystal.o)
 .text._ZN13LiquidCrystal12noAutoscrollEv
                0x00000000        0xe C:\Users\Chirag\Desktop\DTH\Atmel\DISPLA~1\DISPLA~1\ARDUIN~1\Debug\libArduinoCore.a(LiquidCrystal.o)
 .text._ZN13LiquidCrystal10createCharEhPh
                0x00000000       0x50 C:\Users\Chirag\Desktop\DTH\Atmel\DISPLA~1\DISPLA~1\ARDUIN~1\Debug\libArduinoCore.a(LiquidCrystal.o)
 .text          0x00000000        0x0 C:\Users\Chirag\Desktop\DTH\Atmel\DISPLA~1\DISPLA~1\ARDUIN~1\Debug\libArduinoCore.a(abi.o)
 .data          0x00000000        0x0 C:\Users\Chirag\Desktop\DTH\Atmel\DISPLA~1\DISPLA~1\ARDUIN~1\Debug\libArduinoCore.a(abi.o)
 .bss           0x00000000        0x0 C:\Users\Chirag\Desktop\DTH\Atmel\DISPLA~1\DISPLA~1\ARDUIN~1\Debug\libArduinoCore.a(abi.o)
 .text.__cxa_pure_virtual
                0x00000000        0x4 C:\Users\Chirag\Desktop\DTH\Atmel\DISPLA~1\DISPLA~1\ARDUIN~1\Debug\libArduinoCore.a(abi.o)
 .text.__cxa_deleted_virtual
                0x00000000        0x4 C:\Users\Chirag\Desktop\DTH\Atmel\DISPLA~1\DISPLA~1\ARDUIN~1\Debug\libArduinoCore.a(abi.o)
 .debug_info    0x00000000       0x76 C:\Users\Chirag\Desktop\DTH\Atmel\DISPLA~1\DISPLA~1\ARDUIN~1\Debug\libArduinoCore.a(abi.o)
 .debug_abbrev  0x00000000       0x6d C:\Users\Chirag\Desktop\DTH\Atmel\DISPLA~1\DISPLA~1\ARDUIN~1\Debug\libArduinoCore.a(abi.o)
 .debug_aranges
                0x00000000       0x20 C:\Users\Chirag\Desktop\DTH\Atmel\DISPLA~1\DISPLA~1\ARDUIN~1\Debug\libArduinoCore.a(abi.o)
 .debug_ranges  0x00000000       0x10 C:\Users\Chirag\Desktop\DTH\Atmel\DISPLA~1\DISPLA~1\ARDUIN~1\Debug\libArduinoCore.a(abi.o)
 .debug_line    0x00000000       0xa9 C:\Users\Chirag\Desktop\DTH\Atmel\DISPLA~1\DISPLA~1\ARDUIN~1\Debug\libArduinoCore.a(abi.o)
 .debug_str     0x00000000      0x1b1 C:\Users\Chirag\Desktop\DTH\Atmel\DISPLA~1\DISPLA~1\ARDUIN~1\Debug\libArduinoCore.a(abi.o)
 .comment       0x00000000       0x31 C:\Users\Chirag\Desktop\DTH\Atmel\DISPLA~1\DISPLA~1\ARDUIN~1\Debug\libArduinoCore.a(abi.o)
 .debug_frame   0x00000000       0x34 C:\Users\Chirag\Desktop\DTH\Atmel\DISPLA~1\DISPLA~1\ARDUIN~1\Debug\libArduinoCore.a(abi.o)
 .text          0x00000000        0x0 C:\Users\Chirag\Desktop\DTH\Atmel\DISPLA~1\DISPLA~1\ARDUIN~1\Debug\libArduinoCore.a(hooks.o)
 .data          0x00000000        0x0 C:\Users\Chirag\Desktop\DTH\Atmel\DISPLA~1\DISPLA~1\ARDUIN~1\Debug\libArduinoCore.a(hooks.o)
 .bss           0x00000000        0x0 C:\Users\Chirag\Desktop\DTH\Atmel\DISPLA~1\DISPLA~1\ARDUIN~1\Debug\libArduinoCore.a(hooks.o)
 .text          0x00000000        0x0 C:\Users\Chirag\Desktop\DTH\Atmel\DISPLA~1\DISPLA~1\ARDUIN~1\Debug\libArduinoCore.a(WMath.o)
 .data          0x00000000        0x0 C:\Users\Chirag\Desktop\DTH\Atmel\DISPLA~1\DISPLA~1\ARDUIN~1\Debug\libArduinoCore.a(WMath.o)
 .bss           0x00000000        0x0 C:\Users\Chirag\Desktop\DTH\Atmel\DISPLA~1\DISPLA~1\ARDUIN~1\Debug\libArduinoCore.a(WMath.o)
 .text._Z10randomSeedm
                0x00000000       0x10 C:\Users\Chirag\Desktop\DTH\Atmel\DISPLA~1\DISPLA~1\ARDUIN~1\Debug\libArduinoCore.a(WMath.o)
 .text._Z6randoml
                0x00000000       0x34 C:\Users\Chirag\Desktop\DTH\Atmel\DISPLA~1\DISPLA~1\ARDUIN~1\Debug\libArduinoCore.a(WMath.o)
 .text._Z6randomll
                0x00000000       0x44 C:\Users\Chirag\Desktop\DTH\Atmel\DISPLA~1\DISPLA~1\ARDUIN~1\Debug\libArduinoCore.a(WMath.o)
 .text._Z3maplllll
                0x00000000       0x82 C:\Users\Chirag\Desktop\DTH\Atmel\DISPLA~1\DISPLA~1\ARDUIN~1\Debug\libArduinoCore.a(WMath.o)
 .text._Z8makeWordj
                0x00000000        0x2 C:\Users\Chirag\Desktop\DTH\Atmel\DISPLA~1\DISPLA~1\ARDUIN~1\Debug\libArduinoCore.a(WMath.o)
 .text._Z8makeWordhh
                0x00000000        0xa C:\Users\Chirag\Desktop\DTH\Atmel\DISPLA~1\DISPLA~1\ARDUIN~1\Debug\libArduinoCore.a(WMath.o)
 .debug_info    0x00000000      0x230 C:\Users\Chirag\Desktop\DTH\Atmel\DISPLA~1\DISPLA~1\ARDUIN~1\Debug\libArduinoCore.a(WMath.o)
 .debug_abbrev  0x00000000      0x12b C:\Users\Chirag\Desktop\DTH\Atmel\DISPLA~1\DISPLA~1\ARDUIN~1\Debug\libArduinoCore.a(WMath.o)
 .debug_loc     0x00000000      0x3d6 C:\Users\Chirag\Desktop\DTH\Atmel\DISPLA~1\DISPLA~1\ARDUIN~1\Debug\libArduinoCore.a(WMath.o)
 .debug_aranges
                0x00000000       0x48 C:\Users\Chirag\Desktop\DTH\Atmel\DISPLA~1\DISPLA~1\ARDUIN~1\Debug\libArduinoCore.a(WMath.o)
 .debug_ranges  0x00000000       0x38 C:\Users\Chirag\Desktop\DTH\Atmel\DISPLA~1\DISPLA~1\ARDUIN~1\Debug\libArduinoCore.a(WMath.o)
 .debug_line    0x00000000      0x143 C:\Users\Chirag\Desktop\DTH\Atmel\DISPLA~1\DISPLA~1\ARDUIN~1\Debug\libArduinoCore.a(WMath.o)
 .debug_str     0x00000000      0x260 C:\Users\Chirag\Desktop\DTH\Atmel\DISPLA~1\DISPLA~1\ARDUIN~1\Debug\libArduinoCore.a(WMath.o)
 .comment       0x00000000       0x31 C:\Users\Chirag\Desktop\DTH\Atmel\DISPLA~1\DISPLA~1\ARDUIN~1\Debug\libArduinoCore.a(WMath.o)
 .debug_frame   0x00000000       0xf4 C:\Users\Chirag\Desktop\DTH\Atmel\DISPLA~1\DISPLA~1\ARDUIN~1\Debug\libArduinoCore.a(WMath.o)
 .text          0x00000000        0x0 c:/program files (x86)/atmel/studio/7.0/toolchain/avr8/avr8-gnu-toolchain/bin/../lib/gcc/avr/5.4.0/../../../../avr/lib/avr5\libm.a(addsf3.o)
 .data          0x00000000        0x0 c:/program files (x86)/atmel/studio/7.0/toolchain/avr8/avr8-gnu-toolchain/bin/../lib/gcc/avr/5.4.0/../../../../avr/lib/avr5\libm.a(addsf3.o)
 .bss           0x00000000        0x0 c:/program files (x86)/atmel/studio/7.0/toolchain/avr8/avr8-gnu-toolchain/bin/../lib/gcc/avr/5.4.0/../../../../avr/lib/avr5\libm.a(addsf3.o)
 .text          0x00000000        0x0 c:/program files (x86)/atmel/studio/7.0/toolchain/avr8/avr8-gnu-toolchain/bin/../lib/gcc/avr/5.4.0/../../../../avr/lib/avr5\libm.a(addsf3x.o)
 .data          0x00000000        0x0 c:/program files (x86)/atmel/studio/7.0/toolchain/avr8/avr8-gnu-toolchain/bin/../lib/gcc/avr/5.4.0/../../../../avr/lib/avr5\libm.a(addsf3x.o)
 .bss           0x00000000        0x0 c:/program files (x86)/atmel/studio/7.0/toolchain/avr8/avr8-gnu-toolchain/bin/../lib/gcc/avr/5.4.0/../../../../avr/lib/avr5\libm.a(addsf3x.o)
 .text          0x00000000        0x0 c:/program files (x86)/atmel/studio/7.0/toolchain/avr8/avr8-gnu-toolchain/bin/../lib/gcc/avr/5.4.0/../../../../avr/lib/avr5\libm.a(cmpsf2.o)
 .data          0x00000000        0x0 c:/program files (x86)/atmel/studio/7.0/toolchain/avr8/avr8-gnu-toolchain/bin/../lib/gcc/avr/5.4.0/../../../../avr/lib/avr5\libm.a(cmpsf2.o)
 .bss           0x00000000        0x0 c:/program files (x86)/atmel/studio/7.0/toolchain/avr8/avr8-gnu-toolchain/bin/../lib/gcc/avr/5.4.0/../../../../avr/lib/avr5\libm.a(cmpsf2.o)
 .text          0x00000000        0x0 c:/program files (x86)/atmel/studio/7.0/toolchain/avr8/avr8-gnu-toolchain/bin/../lib/gcc/avr/5.4.0/../../../../avr/lib/avr5\libm.a(divsf3.o)
 .data          0x00000000        0x0 c:/program files (x86)/atmel/studio/7.0/toolchain/avr8/avr8-gnu-toolchain/bin/../lib/gcc/avr/5.4.0/../../../../avr/lib/avr5\libm.a(divsf3.o)
 .bss           0x00000000        0x0 c:/program files (x86)/atmel/studio/7.0/toolchain/avr8/avr8-gnu-toolchain/bin/../lib/gcc/avr/5.4.0/../../../../avr/lib/avr5\libm.a(divsf3.o)
 .text          0x00000000        0x0 c:/program files (x86)/atmel/studio/7.0/toolchain/avr8/avr8-gnu-toolchain/bin/../lib/gcc/avr/5.4.0/../../../../avr/lib/avr5\libm.a(divsf3x.o)
 .data          0x00000000        0x0 c:/program files (x86)/atmel/studio/7.0/toolchain/avr8/avr8-gnu-toolchain/bin/../lib/gcc/avr/5.4.0/../../../../avr/lib/avr5\libm.a(divsf3x.o)
 .bss           0x00000000        0x0 c:/program files (x86)/atmel/studio/7.0/toolchain/avr8/avr8-gnu-toolchain/bin/../lib/gcc/avr/5.4.0/../../../../avr/lib/avr5\libm.a(divsf3x.o)
 .text          0x00000000        0x0 c:/program files (x86)/atmel/studio/7.0/toolchain/avr8/avr8-gnu-toolchain/bin/../lib/gcc/avr/5.4.0/../../../../avr/lib/avr5\libm.a(fixunssfsi.o)
 .data          0x00000000        0x0 c:/program files (x86)/atmel/studio/7.0/toolchain/avr8/avr8-gnu-toolchain/bin/../lib/gcc/avr/5.4.0/../../../../avr/lib/avr5\libm.a(fixunssfsi.o)
 .bss           0x00000000        0x0 c:/program files (x86)/atmel/studio/7.0/toolchain/avr8/avr8-gnu-toolchain/bin/../lib/gcc/avr/5.4.0/../../../../avr/lib/avr5\libm.a(fixunssfsi.o)
 .text          0x00000000        0x0 c:/program files (x86)/atmel/studio/7.0/toolchain/avr8/avr8-gnu-toolchain/bin/../lib/gcc/avr/5.4.0/../../../../avr/lib/avr5\libm.a(floatsisf.o)
 .data          0x00000000        0x0 c:/program files (x86)/atmel/studio/7.0/toolchain/avr8/avr8-gnu-toolchain/bin/../lib/gcc/avr/5.4.0/../../../../avr/lib/avr5\libm.a(floatsisf.o)
 .bss           0x00000000        0x0 c:/program files (x86)/atmel/studio/7.0/toolchain/avr8/avr8-gnu-toolchain/bin/../lib/gcc/avr/5.4.0/../../../../avr/lib/avr5\libm.a(floatsisf.o)
 .text          0x00000000        0x0 c:/program files (x86)/atmel/studio/7.0/toolchain/avr8/avr8-gnu-toolchain/bin/../lib/gcc/avr/5.4.0/../../../../avr/lib/avr5\libm.a(fp_cmp.o)
 .data          0x00000000        0x0 c:/program files (x86)/atmel/studio/7.0/toolchain/avr8/avr8-gnu-toolchain/bin/../lib/gcc/avr/5.4.0/../../../../avr/lib/avr5\libm.a(fp_cmp.o)
 .bss           0x00000000        0x0 c:/program files (x86)/atmel/studio/7.0/toolchain/avr8/avr8-gnu-toolchain/bin/../lib/gcc/avr/5.4.0/../../../../avr/lib/avr5\libm.a(fp_cmp.o)
 .text          0x00000000        0x0 c:/program files (x86)/atmel/studio/7.0/toolchain/avr8/avr8-gnu-toolchain/bin/../lib/gcc/avr/5.4.0/../../../../avr/lib/avr5\libm.a(fp_inf.o)
 .data          0x00000000        0x0 c:/program files (x86)/atmel/studio/7.0/toolchain/avr8/avr8-gnu-toolchain/bin/../lib/gcc/avr/5.4.0/../../../../avr/lib/avr5\libm.a(fp_inf.o)
 .bss           0x00000000        0x0 c:/program files (x86)/atmel/studio/7.0/toolchain/avr8/avr8-gnu-toolchain/bin/../lib/gcc/avr/5.4.0/../../../../avr/lib/avr5\libm.a(fp_inf.o)
 .text          0x00000000        0x0 c:/program files (x86)/atmel/studio/7.0/toolchain/avr8/avr8-gnu-toolchain/bin/../lib/gcc/avr/5.4.0/../../../../avr/lib/avr5\libm.a(fp_nan.o)
 .data          0x00000000        0x0 c:/program files (x86)/atmel/studio/7.0/toolchain/avr8/avr8-gnu-toolchain/bin/../lib/gcc/avr/5.4.0/../../../../avr/lib/avr5\libm.a(fp_nan.o)
 .bss           0x00000000        0x0 c:/program files (x86)/atmel/studio/7.0/toolchain/avr8/avr8-gnu-toolchain/bin/../lib/gcc/avr/5.4.0/../../../../avr/lib/avr5\libm.a(fp_nan.o)
 .text          0x00000000        0x0 c:/program files (x86)/atmel/studio/7.0/toolchain/avr8/avr8-gnu-toolchain/bin/../lib/gcc/avr/5.4.0/../../../../avr/lib/avr5\libm.a(fp_pscA.o)
 .data          0x00000000        0x0 c:/program files (x86)/atmel/studio/7.0/toolchain/avr8/avr8-gnu-toolchain/bin/../lib/gcc/avr/5.4.0/../../../../avr/lib/avr5\libm.a(fp_pscA.o)
 .bss           0x00000000        0x0 c:/program files (x86)/atmel/studio/7.0/toolchain/avr8/avr8-gnu-toolchain/bin/../lib/gcc/avr/5.4.0/../../../../avr/lib/avr5\libm.a(fp_pscA.o)
 .text          0x00000000        0x0 c:/program files (x86)/atmel/studio/7.0/toolchain/avr8/avr8-gnu-toolchain/bin/../lib/gcc/avr/5.4.0/../../../../avr/lib/avr5\libm.a(fp_pscB.o)
 .data          0x00000000        0x0 c:/program files (x86)/atmel/studio/7.0/toolchain/avr8/avr8-gnu-toolchain/bin/../lib/gcc/avr/5.4.0/../../../../avr/lib/avr5\libm.a(fp_pscB.o)
 .bss           0x00000000        0x0 c:/program files (x86)/atmel/studio/7.0/toolchain/avr8/avr8-gnu-toolchain/bin/../lib/gcc/avr/5.4.0/../../../../avr/lib/avr5\libm.a(fp_pscB.o)
 .text          0x00000000        0x0 c:/program files (x86)/atmel/studio/7.0/toolchain/avr8/avr8-gnu-toolchain/bin/../lib/gcc/avr/5.4.0/../../../../avr/lib/avr5\libm.a(fp_round.o)
 .data          0x00000000        0x0 c:/program files (x86)/atmel/studio/7.0/toolchain/avr8/avr8-gnu-toolchain/bin/../lib/gcc/avr/5.4.0/../../../../avr/lib/avr5\libm.a(fp_round.o)
 .bss           0x00000000        0x0 c:/program files (x86)/atmel/studio/7.0/toolchain/avr8/avr8-gnu-toolchain/bin/../lib/gcc/avr/5.4.0/../../../../avr/lib/avr5\libm.a(fp_round.o)
 .text          0x00000000        0x0 c:/program files (x86)/atmel/studio/7.0/toolchain/avr8/avr8-gnu-toolchain/bin/../lib/gcc/avr/5.4.0/../../../../avr/lib/avr5\libm.a(fp_split3.o)
 .data          0x00000000        0x0 c:/program files (x86)/atmel/studio/7.0/toolchain/avr8/avr8-gnu-toolchain/bin/../lib/gcc/avr/5.4.0/../../../../avr/lib/avr5\libm.a(fp_split3.o)
 .bss           0x00000000        0x0 c:/program files (x86)/atmel/studio/7.0/toolchain/avr8/avr8-gnu-toolchain/bin/../lib/gcc/avr/5.4.0/../../../../avr/lib/avr5\libm.a(fp_split3.o)
 .text          0x00000000        0x0 c:/program files (x86)/atmel/studio/7.0/toolchain/avr8/avr8-gnu-toolchain/bin/../lib/gcc/avr/5.4.0/../../../../avr/lib/avr5\libm.a(fp_zero.o)
 .data          0x00000000        0x0 c:/program files (x86)/atmel/studio/7.0/toolchain/avr8/avr8-gnu-toolchain/bin/../lib/gcc/avr/5.4.0/../../../../avr/lib/avr5\libm.a(fp_zero.o)
 .bss           0x00000000        0x0 c:/program files (x86)/atmel/studio/7.0/toolchain/avr8/avr8-gnu-toolchain/bin/../lib/gcc/avr/5.4.0/../../../../avr/lib/avr5\libm.a(fp_zero.o)
 .text          0x00000000        0x0 c:/program files (x86)/atmel/studio/7.0/toolchain/avr8/avr8-gnu-toolchain/bin/../lib/gcc/avr/5.4.0/../../../../avr/lib/avr5\libm.a(gesf2.o)
 .data          0x00000000        0x0 c:/program files (x86)/atmel/studio/7.0/toolchain/avr8/avr8-gnu-toolchain/bin/../lib/gcc/avr/5.4.0/../../../../avr/lib/avr5\libm.a(gesf2.o)
 .bss           0x00000000        0x0 c:/program files (x86)/atmel/studio/7.0/toolchain/avr8/avr8-gnu-toolchain/bin/../lib/gcc/avr/5.4.0/../../../../avr/lib/avr5\libm.a(gesf2.o)
 .text          0x00000000        0x0 c:/program files (x86)/atmel/studio/7.0/toolchain/avr8/avr8-gnu-toolchain/bin/../lib/gcc/avr/5.4.0/../../../../avr/lib/avr5\libm.a(mulsf3.o)
 .data          0x00000000        0x0 c:/program files (x86)/atmel/studio/7.0/toolchain/avr8/avr8-gnu-toolchain/bin/../lib/gcc/avr/5.4.0/../../../../avr/lib/avr5\libm.a(mulsf3.o)
 .bss           0x00000000        0x0 c:/program files (x86)/atmel/studio/7.0/toolchain/avr8/avr8-gnu-toolchain/bin/../lib/gcc/avr/5.4.0/../../../../avr/lib/avr5\libm.a(mulsf3.o)
 .text          0x00000000        0x0 c:/program files (x86)/atmel/studio/7.0/toolchain/avr8/avr8-gnu-toolchain/bin/../lib/gcc/avr/5.4.0/../../../../avr/lib/avr5\libm.a(mulsf3x.o)
 .data          0x00000000        0x0 c:/program files (x86)/atmel/studio/7.0/toolchain/avr8/avr8-gnu-toolchain/bin/../lib/gcc/avr/5.4.0/../../../../avr/lib/avr5\libm.a(mulsf3x.o)
 .bss           0x00000000        0x0 c:/program files (x86)/atmel/studio/7.0/toolchain/avr8/avr8-gnu-toolchain/bin/../lib/gcc/avr/5.4.0/../../../../avr/lib/avr5\libm.a(mulsf3x.o)
 .text          0x00000000        0x0 c:/program files (x86)/atmel/studio/7.0/toolchain/avr8/avr8-gnu-toolchain/bin/../lib/gcc/avr/5.4.0/../../../../avr/lib/avr5\libm.a(unordsf2.o)
 .data          0x00000000        0x0 c:/program files (x86)/atmel/studio/7.0/toolchain/avr8/avr8-gnu-toolchain/bin/../lib/gcc/avr/5.4.0/../../../../avr/lib/avr5\libm.a(unordsf2.o)
 .bss           0x00000000        0x0 c:/program files (x86)/atmel/studio/7.0/toolchain/avr8/avr8-gnu-toolchain/bin/../lib/gcc/avr/5.4.0/../../../../avr/lib/avr5\libm.a(unordsf2.o)
 .text          0x00000000        0x0 c:/program files (x86)/atmel/studio/7.0/toolchain/avr8/avr8-gnu-toolchain/bin/../lib/gcc/avr/5.4.0/avr5\libgcc.a(_mulsi3.o)
 .data          0x00000000        0x0 c:/program files (x86)/atmel/studio/7.0/toolchain/avr8/avr8-gnu-toolchain/bin/../lib/gcc/avr/5.4.0/avr5\libgcc.a(_mulsi3.o)
 .bss           0x00000000        0x0 c:/program files (x86)/atmel/studio/7.0/toolchain/avr8/avr8-gnu-toolchain/bin/../lib/gcc/avr/5.4.0/avr5\libgcc.a(_mulsi3.o)
 .text.libgcc.mul
                0x00000000       0x20 c:/program files (x86)/atmel/studio/7.0/toolchain/avr8/avr8-gnu-toolchain/bin/../lib/gcc/avr/5.4.0/avr5\libgcc.a(_mulsi3.o)
 .text.libgcc.div
                0x00000000        0x0 c:/program files (x86)/atmel/studio/7.0/toolchain/avr8/avr8-gnu-toolchain/bin/../lib/gcc/avr/5.4.0/avr5\libgcc.a(_mulsi3.o)
 .text.libgcc   0x00000000        0x0 c:/program files (x86)/atmel/studio/7.0/toolchain/avr8/avr8-gnu-toolchain/bin/../lib/gcc/avr/5.4.0/avr5\libgcc.a(_mulsi3.o)
 .text.libgcc.prologue
                0x00000000        0x0 c:/program files (x86)/atmel/studio/7.0/toolchain/avr8/avr8-gnu-toolchain/bin/../lib/gcc/avr/5.4.0/avr5\libgcc.a(_mulsi3.o)
 .text.libgcc.builtins
                0x00000000        0x0 c:/program files (x86)/atmel/studio/7.0/toolchain/avr8/avr8-gnu-toolchain/bin/../lib/gcc/avr/5.4.0/avr5\libgcc.a(_mulsi3.o)
 .text.libgcc.fmul
                0x00000000        0x0 c:/program files (x86)/atmel/studio/7.0/toolchain/avr8/avr8-gnu-toolchain/bin/../lib/gcc/avr/5.4.0/avr5\libgcc.a(_mulsi3.o)
 .text.libgcc.fixed
                0x00000000        0x0 c:/program files (x86)/atmel/studio/7.0/toolchain/avr8/avr8-gnu-toolchain/bin/../lib/gcc/avr/5.4.0/avr5\libgcc.a(_mulsi3.o)
 .text          0x00000000        0x0 c:/program files (x86)/atmel/studio/7.0/toolchain/avr8/avr8-gnu-toolchain/bin/../lib/gcc/avr/5.4.0/avr5\libgcc.a(_udivmodsi4.o)
 .data          0x00000000        0x0 c:/program files (x86)/atmel/studio/7.0/toolchain/avr8/avr8-gnu-toolchain/bin/../lib/gcc/avr/5.4.0/avr5\libgcc.a(_udivmodsi4.o)
 .bss           0x00000000        0x0 c:/program files (x86)/atmel/studio/7.0/toolchain/avr8/avr8-gnu-toolchain/bin/../lib/gcc/avr/5.4.0/avr5\libgcc.a(_udivmodsi4.o)
 .text.libgcc.mul
                0x00000000        0x0 c:/program files (x86)/atmel/studio/7.0/toolchain/avr8/avr8-gnu-toolchain/bin/../lib/gcc/avr/5.4.0/avr5\libgcc.a(_udivmodsi4.o)
 .text.libgcc   0x00000000        0x0 c:/program files (x86)/atmel/studio/7.0/toolchain/avr8/avr8-gnu-toolchain/bin/../lib/gcc/avr/5.4.0/avr5\libgcc.a(_udivmodsi4.o)
 .text.libgcc.prologue
                0x00000000        0x0 c:/program files (x86)/atmel/studio/7.0/toolchain/avr8/avr8-gnu-toolchain/bin/../lib/gcc/avr/5.4.0/avr5\libgcc.a(_udivmodsi4.o)
 .text.libgcc.builtins
                0x00000000        0x0 c:/program files (x86)/atmel/studio/7.0/toolchain/avr8/avr8-gnu-toolchain/bin/../lib/gcc/avr/5.4.0/avr5\libgcc.a(_udivmodsi4.o)
 .text.libgcc.fmul
                0x00000000        0x0 c:/program files (x86)/atmel/studio/7.0/toolchain/avr8/avr8-gnu-toolchain/bin/../lib/gcc/avr/5.4.0/avr5\libgcc.a(_udivmodsi4.o)
 .text.libgcc.fixed
                0x00000000        0x0 c:/program files (x86)/atmel/studio/7.0/toolchain/avr8/avr8-gnu-toolchain/bin/../lib/gcc/avr/5.4.0/avr5\libgcc.a(_udivmodsi4.o)
 .text          0x00000000        0x0 c:/program files (x86)/atmel/studio/7.0/toolchain/avr8/avr8-gnu-toolchain/bin/../lib/gcc/avr/5.4.0/avr5\libgcc.a(_divmodsi4.o)
 .data          0x00000000        0x0 c:/program files (x86)/atmel/studio/7.0/toolchain/avr8/avr8-gnu-toolchain/bin/../lib/gcc/avr/5.4.0/avr5\libgcc.a(_divmodsi4.o)
 .bss           0x00000000        0x0 c:/program files (x86)/atmel/studio/7.0/toolchain/avr8/avr8-gnu-toolchain/bin/../lib/gcc/avr/5.4.0/avr5\libgcc.a(_divmodsi4.o)
 .text.libgcc.mul
                0x00000000        0x0 c:/program files (x86)/atmel/studio/7.0/toolchain/avr8/avr8-gnu-toolchain/bin/../lib/gcc/avr/5.4.0/avr5\libgcc.a(_divmodsi4.o)
 .text.libgcc.div
                0x00000000       0x2e c:/program files (x86)/atmel/studio/7.0/toolchain/avr8/avr8-gnu-toolchain/bin/../lib/gcc/avr/5.4.0/avr5\libgcc.a(_divmodsi4.o)
 .text.libgcc   0x00000000        0x0 c:/program files (x86)/atmel/studio/7.0/toolchain/avr8/avr8-gnu-toolchain/bin/../lib/gcc/avr/5.4.0/avr5\libgcc.a(_divmodsi4.o)
 .text.libgcc.prologue
                0x00000000        0x0 c:/program files (x86)/atmel/studio/7.0/toolchain/avr8/avr8-gnu-toolchain/bin/../lib/gcc/avr/5.4.0/avr5\libgcc.a(_divmodsi4.o)
 .text.libgcc.builtins
                0x00000000        0x0 c:/program files (x86)/atmel/studio/7.0/toolchain/avr8/avr8-gnu-toolchain/bin/../lib/gcc/avr/5.4.0/avr5\libgcc.a(_divmodsi4.o)
 .text.libgcc.fmul
                0x00000000        0x0 c:/program files (x86)/atmel/studio/7.0/toolchain/avr8/avr8-gnu-toolchain/bin/../lib/gcc/avr/5.4.0/avr5\libgcc.a(_divmodsi4.o)
 .text.libgcc.fixed
                0x00000000        0x0 c:/program files (x86)/atmel/studio/7.0/toolchain/avr8/avr8-gnu-toolchain/bin/../lib/gcc/avr/5.4.0/avr5\libgcc.a(_divmodsi4.o)
 .text          0x00000000        0x0 c:/program files (x86)/atmel/studio/7.0/toolchain/avr8/avr8-gnu-toolchain/bin/../lib/gcc/avr/5.4.0/avr5\libgcc.a(_negsi2.o)
 .data          0x00000000        0x0 c:/program files (x86)/atmel/studio/7.0/toolchain/avr8/avr8-gnu-toolchain/bin/../lib/gcc/avr/5.4.0/avr5\libgcc.a(_negsi2.o)
 .bss           0x00000000        0x0 c:/program files (x86)/atmel/studio/7.0/toolchain/avr8/avr8-gnu-toolchain/bin/../lib/gcc/avr/5.4.0/avr5\libgcc.a(_negsi2.o)
 .text.libgcc.mul
                0x00000000        0x0 c:/program files (x86)/atmel/studio/7.0/toolchain/avr8/avr8-gnu-toolchain/bin/../lib/gcc/avr/5.4.0/avr5\libgcc.a(_negsi2.o)
 .text.libgcc.div
                0x00000000       0x10 c:/program files (x86)/atmel/studio/7.0/toolchain/avr8/avr8-gnu-toolchain/bin/../lib/gcc/avr/5.4.0/avr5\libgcc.a(_negsi2.o)
 .text.libgcc   0x00000000        0x0 c:/program files (x86)/atmel/studio/7.0/toolchain/avr8/avr8-gnu-toolchain/bin/../lib/gcc/avr/5.4.0/avr5\libgcc.a(_negsi2.o)
 .text.libgcc.prologue
                0x00000000        0x0 c:/program files (x86)/atmel/studio/7.0/toolchain/avr8/avr8-gnu-toolchain/bin/../lib/gcc/avr/5.4.0/avr5\libgcc.a(_negsi2.o)
 .text.libgcc.builtins
                0x00000000        0x0 c:/program files (x86)/atmel/studio/7.0/toolchain/avr8/avr8-gnu-toolchain/bin/../lib/gcc/avr/5.4.0/avr5\libgcc.a(_negsi2.o)
 .text.libgcc.fmul
                0x00000000        0x0 c:/program files (x86)/atmel/studio/7.0/toolchain/avr8/avr8-gnu-toolchain/bin/../lib/gcc/avr/5.4.0/avr5\libgcc.a(_negsi2.o)
 .text.libgcc.fixed
                0x00000000        0x0 c:/program files (x86)/atmel/studio/7.0/toolchain/avr8/avr8-gnu-toolchain/bin/../lib/gcc/avr/5.4.0/avr5\libgcc.a(_negsi2.o)
 .text          0x00000000        0x0 c:/program files (x86)/atmel/studio/7.0/toolchain/avr8/avr8-gnu-toolchain/bin/../lib/gcc/avr/5.4.0/avr5\libgcc.a(_exit.o)
 .data          0x00000000        0x0 c:/program files (x86)/atmel/studio/7.0/toolchain/avr8/avr8-gnu-toolchain/bin/../lib/gcc/avr/5.4.0/avr5\libgcc.a(_exit.o)
 .bss           0x00000000        0x0 c:/program files (x86)/atmel/studio/7.0/toolchain/avr8/avr8-gnu-toolchain/bin/../lib/gcc/avr/5.4.0/avr5\libgcc.a(_exit.o)
 .text.libgcc.mul
                0x00000000        0x0 c:/program files (x86)/atmel/studio/7.0/toolchain/avr8/avr8-gnu-toolchain/bin/../lib/gcc/avr/5.4.0/avr5\libgcc.a(_exit.o)
 .text.libgcc.div
                0x00000000        0x0 c:/program files (x86)/atmel/studio/7.0/toolchain/avr8/avr8-gnu-toolchain/bin/../lib/gcc/avr/5.4.0/avr5\libgcc.a(_exit.o)
 .text.libgcc   0x00000000        0x0 c:/program files (x86)/atmel/studio/7.0/toolchain/avr8/avr8-gnu-toolchain/bin/../lib/gcc/avr/5.4.0/avr5\libgcc.a(_exit.o)
 .text.libgcc.prologue
                0x00000000        0x0 c:/program files (x86)/atmel/studio/7.0/toolchain/avr8/avr8-gnu-toolchain/bin/../lib/gcc/avr/5.4.0/avr5\libgcc.a(_exit.o)
 .text.libgcc.builtins
                0x00000000        0x0 c:/program files (x86)/atmel/studio/7.0/toolchain/avr8/avr8-gnu-toolchain/bin/../lib/gcc/avr/5.4.0/avr5\libgcc.a(_exit.o)
 .text.libgcc.fmul
                0x00000000        0x0 c:/program files (x86)/atmel/studio/7.0/toolchain/avr8/avr8-gnu-toolchain/bin/../lib/gcc/avr/5.4.0/avr5\libgcc.a(_exit.o)
 .text.libgcc.fixed
                0x00000000        0x0 c:/program files (x86)/atmel/studio/7.0/toolchain/avr8/avr8-gnu-toolchain/bin/../lib/gcc/avr/5.4.0/avr5\libgcc.a(_exit.o)
 .text          0x00000000        0x0 c:/program files (x86)/atmel/studio/7.0/toolchain/avr8/avr8-gnu-toolchain/bin/../lib/gcc/avr/5.4.0/avr5\libgcc.a(_copy_data.o)
 .data          0x00000000        0x0 c:/program files (x86)/atmel/studio/7.0/toolchain/avr8/avr8-gnu-toolchain/bin/../lib/gcc/avr/5.4.0/avr5\libgcc.a(_copy_data.o)
 .bss           0x00000000        0x0 c:/program files (x86)/atmel/studio/7.0/toolchain/avr8/avr8-gnu-toolchain/bin/../lib/gcc/avr/5.4.0/avr5\libgcc.a(_copy_data.o)
 .text.libgcc.mul
                0x00000000        0x0 c:/program files (x86)/atmel/studio/7.0/toolchain/avr8/avr8-gnu-toolchain/bin/../lib/gcc/avr/5.4.0/avr5\libgcc.a(_copy_data.o)
 .text.libgcc.div
                0x00000000        0x0 c:/program files (x86)/atmel/studio/7.0/toolchain/avr8/avr8-gnu-toolchain/bin/../lib/gcc/avr/5.4.0/avr5\libgcc.a(_copy_data.o)
 .text.libgcc   0x00000000        0x0 c:/program files (x86)/atmel/studio/7.0/toolchain/avr8/avr8-gnu-toolchain/bin/../lib/gcc/avr/5.4.0/avr5\libgcc.a(_copy_data.o)
 .text.libgcc.prologue
                0x00000000        0x0 c:/program files (x86)/atmel/studio/7.0/toolchain/avr8/avr8-gnu-toolchain/bin/../lib/gcc/avr/5.4.0/avr5\libgcc.a(_copy_data.o)
 .text.libgcc.builtins
                0x00000000        0x0 c:/program files (x86)/atmel/studio/7.0/toolchain/avr8/avr8-gnu-toolchain/bin/../lib/gcc/avr/5.4.0/avr5\libgcc.a(_copy_data.o)
 .text.libgcc.fmul
                0x00000000        0x0 c:/program files (x86)/atmel/studio/7.0/toolchain/avr8/avr8-gnu-toolchain/bin/../lib/gcc/avr/5.4.0/avr5\libgcc.a(_copy_data.o)
 .text.libgcc.fixed
                0x00000000        0x0 c:/program files (x86)/atmel/studio/7.0/toolchain/avr8/avr8-gnu-toolchain/bin/../lib/gcc/avr/5.4.0/avr5\libgcc.a(_copy_data.o)
 .text          0x00000000        0x0 c:/program files (x86)/atmel/studio/7.0/toolchain/avr8/avr8-gnu-toolchain/bin/../lib/gcc/avr/5.4.0/avr5\libgcc.a(_clear_bss.o)
 .data          0x00000000        0x0 c:/program files (x86)/atmel/studio/7.0/toolchain/avr8/avr8-gnu-toolchain/bin/../lib/gcc/avr/5.4.0/avr5\libgcc.a(_clear_bss.o)
 .bss           0x00000000        0x0 c:/program files (x86)/atmel/studio/7.0/toolchain/avr8/avr8-gnu-toolchain/bin/../lib/gcc/avr/5.4.0/avr5\libgcc.a(_clear_bss.o)
 .text.libgcc.mul
                0x00000000        0x0 c:/program files (x86)/atmel/studio/7.0/toolchain/avr8/avr8-gnu-toolchain/bin/../lib/gcc/avr/5.4.0/avr5\libgcc.a(_clear_bss.o)
 .text.libgcc.div
                0x00000000        0x0 c:/program files (x86)/atmel/studio/7.0/toolchain/avr8/avr8-gnu-toolchain/bin/../lib/gcc/avr/5.4.0/avr5\libgcc.a(_clear_bss.o)
 .text.libgcc   0x00000000        0x0 c:/program files (x86)/atmel/studio/7.0/toolchain/avr8/avr8-gnu-toolchain/bin/../lib/gcc/avr/5.4.0/avr5\libgcc.a(_clear_bss.o)
 .text.libgcc.prologue
                0x00000000        0x0 c:/program files (x86)/atmel/studio/7.0/toolchain/avr8/avr8-gnu-toolchain/bin/../lib/gcc/avr/5.4.0/avr5\libgcc.a(_clear_bss.o)
 .text.libgcc.builtins
                0x00000000        0x0 c:/program files (x86)/atmel/studio/7.0/toolchain/avr8/avr8-gnu-toolchain/bin/../lib/gcc/avr/5.4.0/avr5\libgcc.a(_clear_bss.o)
 .text.libgcc.fmul
                0x00000000        0x0 c:/program files (x86)/atmel/studio/7.0/toolchain/avr8/avr8-gnu-toolchain/bin/../lib/gcc/avr/5.4.0/avr5\libgcc.a(_clear_bss.o)
 .text.libgcc.fixed
                0x00000000        0x0 c:/program files (x86)/atmel/studio/7.0/toolchain/avr8/avr8-gnu-toolchain/bin/../lib/gcc/avr/5.4.0/avr5\libgcc.a(_clear_bss.o)
 .text          0x00000000        0x0 c:/program files (x86)/atmel/studio/7.0/toolchain/avr8/avr8-gnu-toolchain/bin/../lib/gcc/avr/5.4.0/avr5\libgcc.a(_ctors.o)
 .data          0x00000000        0x0 c:/program files (x86)/atmel/studio/7.0/toolchain/avr8/avr8-gnu-toolchain/bin/../lib/gcc/avr/5.4.0/avr5\libgcc.a(_ctors.o)
 .bss           0x00000000        0x0 c:/program files (x86)/atmel/studio/7.0/toolchain/avr8/avr8-gnu-toolchain/bin/../lib/gcc/avr/5.4.0/avr5\libgcc.a(_ctors.o)
 .text.libgcc.mul
                0x00000000        0x0 c:/program files (x86)/atmel/studio/7.0/toolchain/avr8/avr8-gnu-toolchain/bin/../lib/gcc/avr/5.4.0/avr5\libgcc.a(_ctors.o)
 .text.libgcc.div
                0x00000000        0x0 c:/program files (x86)/atmel/studio/7.0/toolchain/avr8/avr8-gnu-toolchain/bin/../lib/gcc/avr/5.4.0/avr5\libgcc.a(_ctors.o)
 .text.libgcc   0x00000000        0x0 c:/program files (x86)/atmel/studio/7.0/toolchain/avr8/avr8-gnu-toolchain/bin/../lib/gcc/avr/5.4.0/avr5\libgcc.a(_ctors.o)
 .text.libgcc.prologue
                0x00000000        0x0 c:/program files (x86)/atmel/studio/7.0/toolchain/avr8/avr8-gnu-toolchain/bin/../lib/gcc/avr/5.4.0/avr5\libgcc.a(_ctors.o)
 .text.libgcc.builtins
                0x00000000        0x0 c:/program files (x86)/atmel/studio/7.0/toolchain/avr8/avr8-gnu-toolchain/bin/../lib/gcc/avr/5.4.0/avr5\libgcc.a(_ctors.o)
 .text.libgcc.fmul
                0x00000000        0x0 c:/program files (x86)/atmel/studio/7.0/toolchain/avr8/avr8-gnu-toolchain/bin/../lib/gcc/avr/5.4.0/avr5\libgcc.a(_ctors.o)
 .text.libgcc.fixed
                0x00000000        0x0 c:/program files (x86)/atmel/studio/7.0/toolchain/avr8/avr8-gnu-toolchain/bin/../lib/gcc/avr/5.4.0/avr5\libgcc.a(_ctors.o)
 .text          0x00000000        0x0 c:/program files (x86)/atmel/studio/7.0/toolchain/avr8/avr8-gnu-toolchain/bin/../lib/gcc/avr/5.4.0/avr5\libgcc.a(_muluhisi3.o)
 .data          0x00000000        0x0 c:/program files (x86)/atmel/studio/7.0/toolchain/avr8/avr8-gnu-toolchain/bin/../lib/gcc/avr/5.4.0/avr5\libgcc.a(_muluhisi3.o)
 .bss           0x00000000        0x0 c:/program files (x86)/atmel/studio/7.0/toolchain/avr8/avr8-gnu-toolchain/bin/../lib/gcc/avr/5.4.0/avr5\libgcc.a(_muluhisi3.o)
 .text.libgcc.mul
                0x00000000       0x16 c:/program files (x86)/atmel/studio/7.0/toolchain/avr8/avr8-gnu-toolchain/bin/../lib/gcc/avr/5.4.0/avr5\libgcc.a(_muluhisi3.o)
 .text.libgcc.div
                0x00000000        0x0 c:/program files (x86)/atmel/studio/7.0/toolchain/avr8/avr8-gnu-toolchain/bin/../lib/gcc/avr/5.4.0/avr5\libgcc.a(_muluhisi3.o)
 .text.libgcc   0x00000000        0x0 c:/program files (x86)/atmel/studio/7.0/toolchain/avr8/avr8-gnu-toolchain/bin/../lib/gcc/avr/5.4.0/avr5\libgcc.a(_muluhisi3.o)
 .text.libgcc.prologue
                0x00000000        0x0 c:/program files (x86)/atmel/studio/7.0/toolchain/avr8/avr8-gnu-toolchain/bin/../lib/gcc/avr/5.4.0/avr5\libgcc.a(_muluhisi3.o)
 .text.libgcc.builtins
                0x00000000        0x0 c:/program files (x86)/atmel/studio/7.0/toolchain/avr8/avr8-gnu-toolchain/bin/../lib/gcc/avr/5.4.0/avr5\libgcc.a(_muluhisi3.o)
 .text.libgcc.fmul
                0x00000000        0x0 c:/program files (x86)/atmel/studio/7.0/toolchain/avr8/avr8-gnu-toolchain/bin/../lib/gcc/avr/5.4.0/avr5\libgcc.a(_muluhisi3.o)
 .text.libgcc.fixed
                0x00000000        0x0 c:/program files (x86)/atmel/studio/7.0/toolchain/avr8/avr8-gnu-toolchain/bin/../lib/gcc/avr/5.4.0/avr5\libgcc.a(_muluhisi3.o)
 .text          0x00000000        0x0 c:/program files (x86)/atmel/studio/7.0/toolchain/avr8/avr8-gnu-toolchain/bin/../lib/gcc/avr/5.4.0/avr5\libgcc.a(_tablejump2.o)
 .data          0x00000000        0x0 c:/program files (x86)/atmel/studio/7.0/toolchain/avr8/avr8-gnu-toolchain/bin/../lib/gcc/avr/5.4.0/avr5\libgcc.a(_tablejump2.o)
 .bss           0x00000000        0x0 c:/program files (x86)/atmel/studio/7.0/toolchain/avr8/avr8-gnu-toolchain/bin/../lib/gcc/avr/5.4.0/avr5\libgcc.a(_tablejump2.o)
 .text.libgcc.mul
                0x00000000        0x0 c:/program files (x86)/atmel/studio/7.0/toolchain/avr8/avr8-gnu-toolchain/bin/../lib/gcc/avr/5.4.0/avr5\libgcc.a(_tablejump2.o)
 .text.libgcc.div
                0x00000000        0x0 c:/program files (x86)/atmel/studio/7.0/toolchain/avr8/avr8-gnu-toolchain/bin/../lib/gcc/avr/5.4.0/avr5\libgcc.a(_tablejump2.o)
 .text.libgcc.prologue
                0x00000000        0x0 c:/program files (x86)/atmel/studio/7.0/toolchain/avr8/avr8-gnu-toolchain/bin/../lib/gcc/avr/5.4.0/avr5\libgcc.a(_tablejump2.o)
 .text.libgcc.builtins
                0x00000000        0x0 c:/program files (x86)/atmel/studio/7.0/toolchain/avr8/avr8-gnu-toolchain/bin/../lib/gcc/avr/5.4.0/avr5\libgcc.a(_tablejump2.o)
 .text.libgcc.fmul
                0x00000000        0x0 c:/program files (x86)/atmel/studio/7.0/toolchain/avr8/avr8-gnu-toolchain/bin/../lib/gcc/avr/5.4.0/avr5\libgcc.a(_tablejump2.o)
 .text.libgcc.fixed
                0x00000000        0x0 c:/program files (x86)/atmel/studio/7.0/toolchain/avr8/avr8-gnu-toolchain/bin/../lib/gcc/avr/5.4.0/avr5\libgcc.a(_tablejump2.o)
 .text          0x00000000        0x0 c:/program files (x86)/atmel/studio/7.0/toolchain/avr8/avr8-gnu-toolchain/bin/../lib/gcc/avr/5.4.0/avr5\libgcc.a(_umulhisi3.o)
 .data          0x00000000        0x0 c:/program files (x86)/atmel/studio/7.0/toolchain/avr8/avr8-gnu-toolchain/bin/../lib/gcc/avr/5.4.0/avr5\libgcc.a(_umulhisi3.o)
 .bss           0x00000000        0x0 c:/program files (x86)/atmel/studio/7.0/toolchain/avr8/avr8-gnu-toolchain/bin/../lib/gcc/avr/5.4.0/avr5\libgcc.a(_umulhisi3.o)
 .text.libgcc.mul
                0x00000000       0x1e c:/program files (x86)/atmel/studio/7.0/toolchain/avr8/avr8-gnu-toolchain/bin/../lib/gcc/avr/5.4.0/avr5\libgcc.a(_umulhisi3.o)
 .text.libgcc.div
                0x00000000        0x0 c:/program files (x86)/atmel/studio/7.0/toolchain/avr8/avr8-gnu-toolchain/bin/../lib/gcc/avr/5.4.0/avr5\libgcc.a(_umulhisi3.o)
 .text.libgcc   0x00000000        0x0 c:/program files (x86)/atmel/studio/7.0/toolchain/avr8/avr8-gnu-toolchain/bin/../lib/gcc/avr/5.4.0/avr5\libgcc.a(_umulhisi3.o)
 .text.libgcc.prologue
                0x00000000        0x0 c:/program files (x86)/atmel/studio/7.0/toolchain/avr8/avr8-gnu-toolchain/bin/../lib/gcc/avr/5.4.0/avr5\libgcc.a(_umulhisi3.o)
 .text.libgcc.builtins
                0x00000000        0x0 c:/program files (x86)/atmel/studio/7.0/toolchain/avr8/avr8-gnu-toolchain/bin/../lib/gcc/avr/5.4.0/avr5\libgcc.a(_umulhisi3.o)
 .text.libgcc.fmul
                0x00000000        0x0 c:/program files (x86)/atmel/studio/7.0/toolchain/avr8/avr8-gnu-toolchain/bin/../lib/gcc/avr/5.4.0/avr5\libgcc.a(_umulhisi3.o)
 .text.libgcc.fixed
                0x00000000        0x0 c:/program files (x86)/atmel/studio/7.0/toolchain/avr8/avr8-gnu-toolchain/bin/../lib/gcc/avr/5.4.0/avr5\libgcc.a(_umulhisi3.o)
 .text          0x00000000        0x0 c:/program files (x86)/atmel/studio/7.0/toolchain/avr8/avr8-gnu-toolchain/bin/../lib/gcc/avr/5.4.0/../../../../avr/lib/avr5\libc.a(random.o)
 .data          0x00000000        0x4 c:/program files (x86)/atmel/studio/7.0/toolchain/avr8/avr8-gnu-toolchain/bin/../lib/gcc/avr/5.4.0/../../../../avr/lib/avr5\libc.a(random.o)
 .bss           0x00000000        0x0 c:/program files (x86)/atmel/studio/7.0/toolchain/avr8/avr8-gnu-toolchain/bin/../lib/gcc/avr/5.4.0/../../../../avr/lib/avr5\libc.a(random.o)
 .text.avr-libc
                0x00000000      0x144 c:/program files (x86)/atmel/studio/7.0/toolchain/avr8/avr8-gnu-toolchain/bin/../lib/gcc/avr/5.4.0/../../../../avr/lib/avr5\libc.a(random.o)
 .comment       0x00000000       0x31 c:/program files (x86)/atmel/studio/7.0/toolchain/avr8/avr8-gnu-toolchain/bin/../lib/gcc/avr/5.4.0/../../../../avr/lib/avr5\libc.a(random.o)
 .text          0x00000000        0x0 c:/program files (x86)/atmel/studio/7.0/toolchain/avr8/avr8-gnu-toolchain/bin/../lib/gcc/avr/5.4.0/../../../../avr/lib/avr5\libc.a(abort.o)
 .data          0x00000000        0x0 c:/program files (x86)/atmel/studio/7.0/toolchain/avr8/avr8-gnu-toolchain/bin/../lib/gcc/avr/5.4.0/../../../../avr/lib/avr5\libc.a(abort.o)
 .bss           0x00000000        0x0 c:/program files (x86)/atmel/studio/7.0/toolchain/avr8/avr8-gnu-toolchain/bin/../lib/gcc/avr/5.4.0/../../../../avr/lib/avr5\libc.a(abort.o)
 .text.avr-libc
                0x00000000        0xa c:/program files (x86)/atmel/studio/7.0/toolchain/avr8/avr8-gnu-toolchain/bin/../lib/gcc/avr/5.4.0/../../../../avr/lib/avr5\libc.a(abort.o)
 .text          0x00000000        0x0 c:/program files (x86)/atmel/studio/7.0/toolchain/avr8/avr8-gnu-toolchain/bin/../lib/gcc/avr/5.4.0/avr5\libgcc.a(_mulshisi3.o)
 .data          0x00000000        0x0 c:/program files (x86)/atmel/studio/7.0/toolchain/avr8/avr8-gnu-toolchain/bin/../lib/gcc/avr/5.4.0/avr5\libgcc.a(_mulshisi3.o)
 .bss           0x00000000        0x0 c:/program files (x86)/atmel/studio/7.0/toolchain/avr8/avr8-gnu-toolchain/bin/../lib/gcc/avr/5.4.0/avr5\libgcc.a(_mulshisi3.o)
 .text.libgcc.mul
                0x00000000       0x10 c:/program files (x86)/atmel/studio/7.0/toolchain/avr8/avr8-gnu-toolchain/bin/../lib/gcc/avr/5.4.0/avr5\libgcc.a(_mulshisi3.o)
 .text.libgcc.div
                0x00000000        0x0 c:/program files (x86)/atmel/studio/7.0/toolchain/avr8/avr8-gnu-toolchain/bin/../lib/gcc/avr/5.4.0/avr5\libgcc.a(_mulshisi3.o)
 .text.libgcc   0x00000000        0x0 c:/program files (x86)/atmel/studio/7.0/toolchain/avr8/avr8-gnu-toolchain/bin/../lib/gcc/avr/5.4.0/avr5\libgcc.a(_mulshisi3.o)
 .text.libgcc.prologue
                0x00000000        0x0 c:/program files (x86)/atmel/studio/7.0/toolchain/avr8/avr8-gnu-toolchain/bin/../lib/gcc/avr/5.4.0/avr5\libgcc.a(_mulshisi3.o)
 .text.libgcc.builtins
                0x00000000        0x0 c:/program files (x86)/atmel/studio/7.0/toolchain/avr8/avr8-gnu-toolchain/bin/../lib/gcc/avr/5.4.0/avr5\libgcc.a(_mulshisi3.o)
 .text.libgcc.fmul
                0x00000000        0x0 c:/program files (x86)/atmel/studio/7.0/toolchain/avr8/avr8-gnu-toolchain/bin/../lib/gcc/avr/5.4.0/avr5\libgcc.a(_mulshisi3.o)
 .text.libgcc.fixed
                0x00000000        0x0 c:/program files (x86)/atmel/studio/7.0/toolchain/avr8/avr8-gnu-toolchain/bin/../lib/gcc/avr/5.4.0/avr5\libgcc.a(_mulshisi3.o)

Memory Configuration

Name             Origin             Length             Attributes
text             0x00000000         0x00020000         xr
data             0x00800060         0x0000ffa0         rw !x
eeprom           0x00810000         0x00010000         rw !x
fuse             0x00820000         0x00000003         rw !x
lock             0x00830000         0x00000400         rw !x
signature        0x00840000         0x00000400         rw !x
user_signatures  0x00850000         0x00000400         rw !x
*default*        0x00000000         0xffffffff

Linker script and memory map

Address of section .data set to 0x800100
LOAD C:/Program Files (x86)/Atmel/Studio/7.0/Packs/atmel/ATmega_DFP/1.2.150/gcc/dev/atmega328p/avr5/crtatmega328p.o
LOAD Sketch.o
START GROUP
LOAD c:/program files (x86)/atmel/studio/7.0/toolchain/avr8/avr8-gnu-toolchain/bin/../lib/gcc/avr/5.4.0/../../../../avr/lib/avr5\libm.a
LOAD C:\Users\Chirag\Desktop\DTH\Atmel\DISPLA~1\DISPLA~1\ARDUIN~1\Debug\libArduinoCore.a
END GROUP
LOAD c:/program files (x86)/atmel/studio/7.0/toolchain/avr8/avr8-gnu-toolchain/bin/../lib/gcc/avr/5.4.0/avr5\libgcc.a
LOAD c:/program files (x86)/atmel/studio/7.0/toolchain/avr8/avr8-gnu-toolchain/bin/../lib/gcc/avr/5.4.0/../../../../avr/lib/avr5\libm.a
START GROUP
LOAD c:/program files (x86)/atmel/studio/7.0/toolchain/avr8/avr8-gnu-toolchain/bin/../lib/gcc/avr/5.4.0/avr5\libgcc.a
LOAD c:/program files (x86)/atmel/studio/7.0/toolchain/avr8/avr8-gnu-toolchain/bin/../lib/gcc/avr/5.4.0/../../../../avr/lib/avr5\libm.a
LOAD c:/program files (x86)/atmel/studio/7.0/toolchain/avr8/avr8-gnu-toolchain/bin/../lib/gcc/avr/5.4.0/../../../../avr/lib/avr5\libc.a
LOAD C:/Program Files (x86)/Atmel/Studio/7.0/Packs/atmel/ATmega_DFP/1.2.150/gcc/dev/atmega328p/avr5\libatmega328p.a
END GROUP
                0x00020000                __TEXT_REGION_LENGTH__ = DEFINED (__TEXT_REGION_LENGTH__)?__TEXT_REGION_LENGTH__:0x20000
                0x0000ffa0                __DATA_REGION_LENGTH__ = DEFINED (__DATA_REGION_LENGTH__)?__DATA_REGION_LENGTH__:0xffa0
                0x00010000                __EEPROM_REGION_LENGTH__ = DEFINED (__EEPROM_REGION_LENGTH__)?__EEPROM_REGION_LENGTH__:0x10000
                [0x00000003]                __FUSE_REGION_LENGTH__ = DEFINED (__FUSE_REGION_LENGTH__)?__FUSE_REGION_LENGTH__:0x400
                0x00000400                __LOCK_REGION_LENGTH__ = DEFINED (__LOCK_REGION_LENGTH__)?__LOCK_REGION_LENGTH__:0x400
                0x00000400                __SIGNATURE_REGION_LENGTH__ = DEFINED (__SIGNATURE_REGION_LENGTH__)?__SIGNATURE_REGION_LENGTH__:0x400
                0x00000400                __USER_SIGNATURE_REGION_LENGTH__ = DEFINED (__USER_SIGNATURE_REGION_LENGTH__)?__USER_SIGNATURE_REGION_LENGTH__:0x400

.hash
 *(.hash)

.dynsym
 *(.dynsym)

.dynstr
 *(.dynstr)

.gnu.version
 *(.gnu.version)

.gnu.version_d
 *(.gnu.version_d)

.gnu.version_r
 *(.gnu.version_r)

.rel.init
 *(.rel.init)

.rela.init
 *(.rela.init)

.rel.text
 *(.rel.text)
 *(.rel.text.*)
 *(.rel.gnu.linkonce.t*)

.rela.text
 *(.rela.text)
 *(.rela.text.*)
 *(.rela.gnu.linkonce.t*)

.rel.fini
 *(.rel.fini)

.rela.fini
 *(.rela.fini)

.rel.rodata
 *(.rel.rodata)
 *(.rel.rodata.*)
 *(.rel.gnu.linkonce.r*)

.rela.rodata
 *(.rela.rodata)
 *(.rela.rodata.*)
 *(.rela.gnu.linkonce.r*)

.rel.data
 *(.rel.data)
 *(.rel.data.*)
 *(.rel.gnu.linkonce.d*)

.rela.data
 *(.rela.data)
 *(.rela.data.*)
 *(.rela.gnu.linkonce.d*)

.rel.ctors
 *(.rel.ctors)

.rela.ctors
 *(.rela.ctors)

.rel.dtors
 *(.rel.dtors)

.rela.dtors
 *(.rela.dtors)

.rel.got
 *(.rel.got)

.rela.got
 *(.rela.got)

.rel.bss
 *(.rel.bss)

.rela.bss
 *(.rela.bss)

.rel.plt
 *(.rel.plt)

.rela.plt
 *(.rela.plt)

.text           0x00000000     0x1210
 *(.vectors)
 .vectors       0x00000000       0x68 C:/Program Files (x86)/Atmel/Studio/7.0/Packs/atmel/ATmega_DFP/1.2.150/gcc/dev/atmega328p/avr5/crtatmega328p.o
                0x00000000                __vector_default
                0x00000000                __vectors
 *(.vectors)
 *(.progmem.gcc*)
                0x00000068                . = ALIGN (0x2)
                0x00000068                __trampolines_start = .
 *(.trampolines)
 .trampolines   0x00000068        0x0 linker stubs
 *(.trampolines*)
                0x00000068                __trampolines_end = .
 *libprintf_flt.a:*(.progmem.data)
 *libc.a:*(.progmem.data)
 *(.progmem*)
 .progmem.data.digital_pin_to_timer_PGM
                0x00000068       0x14 C:\Users\Chirag\Desktop\DTH\Atmel\DISPLA~1\DISPLA~1\ARDUIN~1\Debug\libArduinoCore.a(wiring_digital.o)
                0x00000068                digital_pin_to_timer_PGM
 .progmem.data.digital_pin_to_bit_mask_PGM
                0x0000007c       0x14 C:\Users\Chirag\Desktop\DTH\Atmel\DISPLA~1\DISPLA~1\ARDUIN~1\Debug\libArduinoCore.a(wiring_digital.o)
                0x0000007c                digital_pin_to_bit_mask_PGM
 .progmem.data.digital_pin_to_port_PGM
                0x00000090       0x14 C:\Users\Chirag\Desktop\DTH\Atmel\DISPLA~1\DISPLA~1\ARDUIN~1\Debug\libArduinoCore.a(wiring_digital.o)
                0x00000090                digital_pin_to_port_PGM
 .progmem.data.port_to_input_PGM
                0x000000a4        0xa C:\Users\Chirag\Desktop\DTH\Atmel\DISPLA~1\DISPLA~1\ARDUIN~1\Debug\libArduinoCore.a(wiring_digital.o)
                0x000000a4                port_to_input_PGM
 .progmem.data.port_to_output_PGM
                0x000000ae        0xa C:\Users\Chirag\Desktop\DTH\Atmel\DISPLA~1\DISPLA~1\ARDUIN~1\Debug\libArduinoCore.a(wiring_digital.o)
                0x000000ae                port_to_output_PGM
 .progmem.data.port_to_mode_PGM
                0x000000b8        0xa C:\Users\Chirag\Desktop\DTH\Atmel\DISPLA~1\DISPLA~1\ARDUIN~1\Debug\libArduinoCore.a(wiring_digital.o)
                0x000000b8                port_to_mode_PGM
                0x000000c2                . = ALIGN (0x2)
 *(.jumptables)
 *(.jumptables*)
 *(.lowtext)
 *(.lowtext*)
                0x000000c2                __ctors_start = .
 *(.ctors)
 .ctors         0x000000c2        0x2 Sketch.o
                0x000000c4                __ctors_end = .
                0x000000c4                __dtors_start = .
 *(.dtors)
                0x000000c4                __dtors_end = .
 SORT(*)(.ctors)
 SORT(*)(.dtors)
 *(.init0)
 .init0         0x000000c4        0x0 C:/Program Files (x86)/Atmel/Studio/7.0/Packs/atmel/ATmega_DFP/1.2.150/gcc/dev/atmega328p/avr5/crtatmega328p.o
                0x000000c4                __init
 *(.init0)
 *(.init1)
 *(.init1)
 *(.init2)
 .init2         0x000000c4        0xc C:/Program Files (x86)/Atmel/Studio/7.0/Packs/atmel/ATmega_DFP/1.2.150/gcc/dev/atmega328p/avr5/crtatmega328p.o
 *(.init2)
 *(.init3)
 *(.init3)
 *(.init4)
 .init4         0x000000d0       0x16 c:/program files (x86)/atmel/studio/7.0/toolchain/avr8/avr8-gnu-toolchain/bin/../lib/gcc/avr/5.4.0/avr5\libgcc.a(_copy_data.o)
                0x000000d0                __do_copy_data
 .init4         0x000000e6       0x10 c:/program files (x86)/atmel/studio/7.0/toolchain/avr8/avr8-gnu-toolchain/bin/../lib/gcc/avr/5.4.0/avr5\libgcc.a(_clear_bss.o)
                0x000000e6                __do_clear_bss
 *(.init4)
 *(.init5)
 *(.init5)
 *(.init6)
 .init6         0x000000f6       0x16 c:/program files (x86)/atmel/studio/7.0/toolchain/avr8/avr8-gnu-toolchain/bin/../lib/gcc/avr/5.4.0/avr5\libgcc.a(_ctors.o)
                0x000000f6                __do_global_ctors
 *(.init6)
 *(.init7)
 *(.init7)
 *(.init8)
 *(.init8)
 *(.init9)
 .init9         0x0000010c        0x8 C:/Program Files (x86)/Atmel/Studio/7.0/Packs/atmel/ATmega_DFP/1.2.150/gcc/dev/atmega328p/avr5/crtatmega328p.o
 *(.init9)
 *(.text)
 .text          0x00000114        0x4 C:/Program Files (x86)/Atmel/Studio/7.0/Packs/atmel/ATmega_DFP/1.2.150/gcc/dev/atmega328p/avr5/crtatmega328p.o
                0x00000114                __vector_22
                0x00000114                __vector_1
                0x00000114                __vector_24
                0x00000114                __vector_12
                0x00000114                __bad_interrupt
                0x00000114                __vector_6
                0x00000114                __vector_3
                0x00000114                __vector_23
                0x00000114                __vector_25
                0x00000114                __vector_11
                0x00000114                __vector_13
                0x00000114                __vector_17
                0x00000114                __vector_19
                0x00000114                __vector_7
                0x00000114                __vector_5
                0x00000114                __vector_4
                0x00000114                __vector_9
                0x00000114                __vector_2
                0x00000114                __vector_21
                0x00000114                __vector_15
                0x00000114                __vector_8
                0x00000114                __vector_14
                0x00000114                __vector_10
                0x00000114                __vector_18
                0x00000114                __vector_20
                0x00000118                . = ALIGN (0x2)
 *(.text.*)
 .text.setup    0x00000118       0x2e Sketch.o
                0x00000118                setup
 .text.loop     0x00000146       0x7a Sketch.o
                0x00000146                loop
 .text.startup._GLOBAL__sub_I_DHT
                0x000001c0       0x26 Sketch.o
 .text.initVariant
                0x000001e6        0x2 C:\Users\Chirag\Desktop\DTH\Atmel\DISPLA~1\DISPLA~1\ARDUIN~1\Debug\libArduinoCore.a(main.o)
                0x000001e6                initVariant
 .text.startup.main
                0x000001e8       0x1e C:\Users\Chirag\Desktop\DTH\Atmel\DISPLA~1\DISPLA~1\ARDUIN~1\Debug\libArduinoCore.a(main.o)
                0x000001e8                main
 .text._ZN5Print17availableForWriteEv
                0x00000206        0x6 C:\Users\Chirag\Desktop\DTH\Atmel\DISPLA~1\DISPLA~1\ARDUIN~1\Debug\libArduinoCore.a(Print.o)
                0x00000206                _ZN5Print17availableForWriteEv
 .text._ZN5Print5flushEv
                0x0000020c        0x2 C:\Users\Chirag\Desktop\DTH\Atmel\DISPLA~1\DISPLA~1\ARDUIN~1\Debug\libArduinoCore.a(Print.o)
                0x0000020c                _ZN5Print5flushEv
 .text._ZN5Print5writeEPKhj
                0x0000020e       0x54 C:\Users\Chirag\Desktop\DTH\Atmel\DISPLA~1\DISPLA~1\ARDUIN~1\Debug\libArduinoCore.a(Print.o)
                0x0000020e                _ZN5Print5writeEPKhj
 .text._ZN5Print5writeEPKc
                0x00000262       0x2a C:\Users\Chirag\Desktop\DTH\Atmel\DISPLA~1\DISPLA~1\ARDUIN~1\Debug\libArduinoCore.a(Print.o)
                0x00000262                _ZN5Print5writeEPKc
 .text._ZN5Print5printEPKc
                0x0000028c        0x4 C:\Users\Chirag\Desktop\DTH\Atmel\DISPLA~1\DISPLA~1\ARDUIN~1\Debug\libArduinoCore.a(Print.o)
                0x0000028c                _ZN5Print5printEPKc
 .text._ZN5Print5printEc
                0x00000290        0xe C:\Users\Chirag\Desktop\DTH\Atmel\DISPLA~1\DISPLA~1\ARDUIN~1\Debug\libArduinoCore.a(Print.o)
                0x00000290                _ZN5Print5printEc
 .text._ZN5Print11printNumberEmh
                0x0000029e       0x92 C:\Users\Chirag\Desktop\DTH\Atmel\DISPLA~1\DISPLA~1\ARDUIN~1\Debug\libArduinoCore.a(Print.o)
                0x0000029e                _ZN5Print11printNumberEmh
 .text._ZN5Print5printEmi
                0x00000330       0x1a C:\Users\Chirag\Desktop\DTH\Atmel\DISPLA~1\DISPLA~1\ARDUIN~1\Debug\libArduinoCore.a(Print.o)
                0x00000330                _ZN5Print5printEmi
 .text._ZN5Print5printEji
                0x0000034a        0xc C:\Users\Chirag\Desktop\DTH\Atmel\DISPLA~1\DISPLA~1\ARDUIN~1\Debug\libArduinoCore.a(Print.o)
                0x0000034a                _ZN5Print5printEji
 .text._ZN5Print10printFloatEdh
                0x00000356      0x1b6 C:\Users\Chirag\Desktop\DTH\Atmel\DISPLA~1\DISPLA~1\ARDUIN~1\Debug\libArduinoCore.a(Print.o)
                0x00000356                _ZN5Print10printFloatEdh
 .text._ZN5Print5printEdi
                0x0000050c        0x4 C:\Users\Chirag\Desktop\DTH\Atmel\DISPLA~1\DISPLA~1\ARDUIN~1\Debug\libArduinoCore.a(Print.o)
                0x0000050c                _ZN5Print5printEdi
 .text.__vector_16
                0x00000510       0x94 C:\Users\Chirag\Desktop\DTH\Atmel\DISPLA~1\DISPLA~1\ARDUIN~1\Debug\libArduinoCore.a(wiring.o)
                0x00000510                __vector_16
 .text.micros   0x000005a4       0x4a C:\Users\Chirag\Desktop\DTH\Atmel\DISPLA~1\DISPLA~1\ARDUIN~1\Debug\libArduinoCore.a(wiring.o)
                0x000005a4                micros
 .text.delay    0x000005ee       0x78 C:\Users\Chirag\Desktop\DTH\Atmel\DISPLA~1\DISPLA~1\ARDUIN~1\Debug\libArduinoCore.a(wiring.o)
                0x000005ee                delay
 .text.delayMicroseconds
                0x00000666       0x16 C:\Users\Chirag\Desktop\DTH\Atmel\DISPLA~1\DISPLA~1\ARDUIN~1\Debug\libArduinoCore.a(wiring.o)
                0x00000666                delayMicroseconds
 .text.init     0x0000067c       0x76 C:\Users\Chirag\Desktop\DTH\Atmel\DISPLA~1\DISPLA~1\ARDUIN~1\Debug\libArduinoCore.a(wiring.o)
                0x0000067c                init
 .text.turnOffPWM
                0x000006f2       0x52 C:\Users\Chirag\Desktop\DTH\Atmel\DISPLA~1\DISPLA~1\ARDUIN~1\Debug\libArduinoCore.a(wiring_digital.o)
 .text.pinMode  0x00000744       0x78 C:\Users\Chirag\Desktop\DTH\Atmel\DISPLA~1\DISPLA~1\ARDUIN~1\Debug\libArduinoCore.a(wiring_digital.o)
                0x00000744                pinMode
 .text.digitalWrite
                0x000007bc       0x5e C:\Users\Chirag\Desktop\DTH\Atmel\DISPLA~1\DISPLA~1\ARDUIN~1\Debug\libArduinoCore.a(wiring_digital.o)
                0x000007bc                digitalWrite
 .text.digitalRead
                0x0000081a       0x52 C:\Users\Chirag\Desktop\DTH\Atmel\DISPLA~1\DISPLA~1\ARDUIN~1\Debug\libArduinoCore.a(wiring_digital.o)
                0x0000081a                digitalRead
 .text._ZN3dht4readEh
                0x0000086c      0x158 C:\Users\Chirag\Desktop\DTH\Atmel\DISPLA~1\DISPLA~1\ARDUIN~1\Debug\libArduinoCore.a(dht.o)
                0x0000086c                _ZN3dht4readEh
 .text._ZN3dht6read11Eh
                0x000009c4       0x5e C:\Users\Chirag\Desktop\DTH\Atmel\DISPLA~1\DISPLA~1\ARDUIN~1\Debug\libArduinoCore.a(dht.o)
                0x000009c4                _ZN3dht6read11Eh
 .text._ZN13LiquidCrystal11pulseEnableEv
                0x00000a22       0x3a C:\Users\Chirag\Desktop\DTH\Atmel\DISPLA~1\DISPLA~1\ARDUIN~1\Debug\libArduinoCore.a(LiquidCrystal.o)
                0x00000a22                _ZN13LiquidCrystal11pulseEnableEv
 .text._ZN13LiquidCrystal10write4bitsEh
                0x00000a5c       0x5a C:\Users\Chirag\Desktop\DTH\Atmel\DISPLA~1\DISPLA~1\ARDUIN~1\Debug\libArduinoCore.a(LiquidCrystal.o)
                0x00000a5c                _ZN13LiquidCrystal10write4bitsEh
 .text._ZN13LiquidCrystal10write8bitsEh
                0x00000ab6       0x5a C:\Users\Chirag\Desktop\DTH\Atmel\DISPLA~1\DISPLA~1\ARDUIN~1\Debug\libArduinoCore.a(LiquidCrystal.o)
                0x00000ab6                _ZN13LiquidCrystal10write8bitsEh
 .text._ZN13LiquidCrystal4sendEhh
                0x00000b10       0x52 C:\Users\Chirag\Desktop\DTH\Atmel\DISPLA~1\DISPLA~1\ARDUIN~1\Debug\libArduinoCore.a(LiquidCrystal.o)
                0x00000b10                _ZN13LiquidCrystal4sendEhh
 .text._ZN13LiquidCrystal7commandEh
                0x00000b62        0x6 C:\Users\Chirag\Desktop\DTH\Atmel\DISPLA~1\DISPLA~1\ARDUIN~1\Debug\libArduinoCore.a(LiquidCrystal.o)
                0x00000b62                _ZN13LiquidCrystal7commandEh
 .text._ZN13LiquidCrystal5clearEv
                0x00000b68        0xe C:\Users\Chirag\Desktop\DTH\Atmel\DISPLA~1\DISPLA~1\ARDUIN~1\Debug\libArduinoCore.a(LiquidCrystal.o)
                0x00000b68                _ZN13LiquidCrystal5clearEv
 .text._ZN13LiquidCrystal9setCursorEhh
                0x00000b76       0x26 C:\Users\Chirag\Desktop\DTH\Atmel\DISPLA~1\DISPLA~1\ARDUIN~1\Debug\libArduinoCore.a(LiquidCrystal.o)
                0x00000b76                _ZN13LiquidCrystal9setCursorEhh
 .text._ZN13LiquidCrystal7displayEv
                0x00000b9c       0x10 C:\Users\Chirag\Desktop\DTH\Atmel\DISPLA~1\DISPLA~1\ARDUIN~1\Debug\libArduinoCore.a(LiquidCrystal.o)
                0x00000b9c                _ZN13LiquidCrystal7displayEv
 .text._ZN13LiquidCrystal5beginEhhh
                0x00000bac      0x14a C:\Users\Chirag\Desktop\DTH\Atmel\DISPLA~1\DISPLA~1\ARDUIN~1\Debug\libArduinoCore.a(LiquidCrystal.o)
                0x00000bac                _ZN13LiquidCrystal5beginEhhh
 .text._ZN13LiquidCrystalC2Ehhhhhh
                0x00000cf6       0x40 C:\Users\Chirag\Desktop\DTH\Atmel\DISPLA~1\DISPLA~1\ARDUIN~1\Debug\libArduinoCore.a(LiquidCrystal.o)
                0x00000cf6                _ZN13LiquidCrystalC1Ehhhhhh
                0x00000cf6                _ZN13LiquidCrystalC2Ehhhhhh
 .text._ZN13LiquidCrystal5writeEh
                0x00000d36        0xc C:\Users\Chirag\Desktop\DTH\Atmel\DISPLA~1\DISPLA~1\ARDUIN~1\Debug\libArduinoCore.a(LiquidCrystal.o)
                0x00000d36                _ZN13LiquidCrystal5writeEh
 .text.__empty  0x00000d42        0x2 C:\Users\Chirag\Desktop\DTH\Atmel\DISPLA~1\DISPLA~1\ARDUIN~1\Debug\libArduinoCore.a(hooks.o)
                0x00000d42                yield
 .text.avr-libc.fplib
                0x00000d44        0xe c:/program files (x86)/atmel/studio/7.0/toolchain/avr8/avr8-gnu-toolchain/bin/../lib/gcc/avr/5.4.0/../../../../avr/lib/avr5\libm.a(addsf3.o)
                0x00000d44                __subsf3
                0x00000d46                __addsf3
 .text.avr-libc.fplib
                0x00000d52       0xcc c:/program files (x86)/atmel/studio/7.0/toolchain/avr8/avr8-gnu-toolchain/bin/../lib/gcc/avr/5.4.0/../../../../avr/lib/avr5\libm.a(addsf3x.o)
                0x00000d74                __addsf3x
 .text.avr-libc.fplib
                0x00000e1e        0xa c:/program files (x86)/atmel/studio/7.0/toolchain/avr8/avr8-gnu-toolchain/bin/../lib/gcc/avr/5.4.0/../../../../avr/lib/avr5\libm.a(cmpsf2.o)
                0x00000e1e                __nesf2
                0x00000e1e                __eqsf2
                0x00000e1e                __cmpsf2
                0x00000e1e                __ltsf2
                0x00000e1e                __lesf2
 .text.avr-libc.fplib
                0x00000e28        0x8 c:/program files (x86)/atmel/studio/7.0/toolchain/avr8/avr8-gnu-toolchain/bin/../lib/gcc/avr/5.4.0/../../../../avr/lib/avr5\libm.a(divsf3.o)
                0x00000e28                __divsf3
 .text.avr-libc.fplib
                0x00000e30       0xdc c:/program files (x86)/atmel/studio/7.0/toolchain/avr8/avr8-gnu-toolchain/bin/../lib/gcc/avr/5.4.0/../../../../avr/lib/avr5\libm.a(divsf3x.o)
                0x00000e50                __divsf3x
                0x00000e56                __divsf3_pse
 .text.avr-libc.fplib
                0x00000f0c       0x5e c:/program files (x86)/atmel/studio/7.0/toolchain/avr8/avr8-gnu-toolchain/bin/../lib/gcc/avr/5.4.0/../../../../avr/lib/avr5\libm.a(fixunssfsi.o)
                0x00000f0c                __fixunssfsi
 .text.avr-libc.fplib
                0x00000f6a       0x7a c:/program files (x86)/atmel/studio/7.0/toolchain/avr8/avr8-gnu-toolchain/bin/../lib/gcc/avr/5.4.0/../../../../avr/lib/avr5\libm.a(floatsisf.o)
                0x00000f6a                __floatunsisf
                0x00000f6e                __floatsisf
 .text.avr-libc.fplib
                0x00000fe4       0x48 c:/program files (x86)/atmel/studio/7.0/toolchain/avr8/avr8-gnu-toolchain/bin/../lib/gcc/avr/5.4.0/../../../../avr/lib/avr5\libm.a(fp_cmp.o)
                0x00000fe4                __fp_cmp
 .text.avr-libc.fplib
                0x0000102c        0xc c:/program files (x86)/atmel/studio/7.0/toolchain/avr8/avr8-gnu-toolchain/bin/../lib/gcc/avr/5.4.0/../../../../avr/lib/avr5\libm.a(fp_inf.o)
                0x0000102c                __fp_inf
 .text.avr-libc.fplib
                0x00001038        0x6 c:/program files (x86)/atmel/studio/7.0/toolchain/avr8/avr8-gnu-toolchain/bin/../lib/gcc/avr/5.4.0/../../../../avr/lib/avr5\libm.a(fp_nan.o)
                0x00001038                __fp_nan
 .text.avr-libc.fplib
                0x0000103e        0xe c:/program files (x86)/atmel/studio/7.0/toolchain/avr8/avr8-gnu-toolchain/bin/../lib/gcc/avr/5.4.0/../../../../avr/lib/avr5\libm.a(fp_pscA.o)
                0x0000103e                __fp_pscA
 .text.avr-libc.fplib
                0x0000104c        0xe c:/program files (x86)/atmel/studio/7.0/toolchain/avr8/avr8-gnu-toolchain/bin/../lib/gcc/avr/5.4.0/../../../../avr/lib/avr5\libm.a(fp_pscB.o)
                0x0000104c                __fp_pscB
 .text.avr-libc.fplib
                0x0000105a       0x22 c:/program files (x86)/atmel/studio/7.0/toolchain/avr8/avr8-gnu-toolchain/bin/../lib/gcc/avr/5.4.0/../../../../avr/lib/avr5\libm.a(fp_round.o)
                0x0000105a                __fp_round
 .text.avr-libc.fplib
                0x0000107c       0x44 c:/program files (x86)/atmel/studio/7.0/toolchain/avr8/avr8-gnu-toolchain/bin/../lib/gcc/avr/5.4.0/../../../../avr/lib/avr5\libm.a(fp_split3.o)
                0x0000107c                __fp_split3
                0x0000108c                __fp_splitA
 .text.avr-libc.fplib
                0x000010c0        0xe c:/program files (x86)/atmel/studio/7.0/toolchain/avr8/avr8-gnu-toolchain/bin/../lib/gcc/avr/5.4.0/../../../../avr/lib/avr5\libm.a(fp_zero.o)
                0x000010c0                __fp_zero
                0x000010c2                __fp_szero
 .text.avr-libc.fplib
                0x000010ce        0xa c:/program files (x86)/atmel/studio/7.0/toolchain/avr8/avr8-gnu-toolchain/bin/../lib/gcc/avr/5.4.0/../../../../avr/lib/avr5\libm.a(gesf2.o)
                0x000010ce                __gesf2
                0x000010ce                __gtsf2
 .text.avr-libc.fplib
                0x000010d8        0x8 c:/program files (x86)/atmel/studio/7.0/toolchain/avr8/avr8-gnu-toolchain/bin/../lib/gcc/avr/5.4.0/../../../../avr/lib/avr5\libm.a(mulsf3.o)
                0x000010d8                __mulsf3
 .text.avr-libc.fplib
                0x000010e0       0xd2 c:/program files (x86)/atmel/studio/7.0/toolchain/avr8/avr8-gnu-toolchain/bin/../lib/gcc/avr/5.4.0/../../../../avr/lib/avr5\libm.a(mulsf3x.o)
                0x000010fe                __mulsf3x
                0x00001104                __mulsf3_pse
 .text.avr-libc.fplib
                0x000011b2        0xa c:/program files (x86)/atmel/studio/7.0/toolchain/avr8/avr8-gnu-toolchain/bin/../lib/gcc/avr/5.4.0/../../../../avr/lib/avr5\libm.a(unordsf2.o)
                0x000011b2                __unordsf2
 .text.libgcc.div
                0x000011bc       0x44 c:/program files (x86)/atmel/studio/7.0/toolchain/avr8/avr8-gnu-toolchain/bin/../lib/gcc/avr/5.4.0/avr5\libgcc.a(_udivmodsi4.o)
                0x000011bc                __udivmodsi4
 .text.libgcc   0x00001200        0xc c:/program files (x86)/atmel/studio/7.0/toolchain/avr8/avr8-gnu-toolchain/bin/../lib/gcc/avr/5.4.0/avr5\libgcc.a(_tablejump2.o)
                0x00001200                __tablejump2__
                0x0000120c                . = ALIGN (0x2)
 *(.fini9)
 .fini9         0x0000120c        0x0 c:/program files (x86)/atmel/studio/7.0/toolchain/avr8/avr8-gnu-toolchain/bin/../lib/gcc/avr/5.4.0/avr5\libgcc.a(_exit.o)
                0x0000120c                _exit
                0x0000120c                exit
 *(.fini9)
 *(.fini8)
 *(.fini8)
 *(.fini7)
 *(.fini7)
 *(.fini6)
 *(.fini6)
 *(.fini5)
 *(.fini5)
 *(.fini4)
 *(.fini4)
 *(.fini3)
 *(.fini3)
 *(.fini2)
 *(.fini2)
 *(.fini1)
 *(.fini1)
 *(.fini0)
 .fini0         0x0000120c        0x4 c:/program files (x86)/atmel/studio/7.0/toolchain/avr8/avr8-gnu-toolchain/bin/../lib/gcc/avr/5.4.0/avr5\libgcc.a(_exit.o)
 *(.fini0)
                0x00001210                _etext = .

.data           0x00800100       0x2c load address 0x00001210
                0x00800100                PROVIDE (__data_start, .)
 *(.data)
 *(.data*)
 *(.gnu.linkonce.d*)
 *(.rodata)
 *(.rodata*)
 .rodata.str1.1
                0x00800100       0x10 Sketch.o
 .rodata.str1.1
                0x00800110        0xf C:\Users\Chirag\Desktop\DTH\Atmel\DISPLA~1\DISPLA~1\ARDUIN~1\Debug\libArduinoCore.a(Print.o)
 .rodata._ZTV13LiquidCrystal
                0x0080011f        0xc C:\Users\Chirag\Desktop\DTH\Atmel\DISPLA~1\DISPLA~1\ARDUIN~1\Debug\libArduinoCore.a(LiquidCrystal.o)
                0x0080011f                _ZTV13LiquidCrystal
 *(.gnu.linkonce.r*)
                0x0080012c                . = ALIGN (0x2)
 *fill*         0x0080012b        0x1 
                0x0080012c                _edata = .
                0x0080012c                PROVIDE (__data_end, .)

.bss            0x0080012c       0x2e
                0x0080012c                PROVIDE (__bss_start, .)
 *(.bss)
 *(.bss*)
 .bss.lcd       0x0080012c       0x18 Sketch.o
                0x0080012c                lcd
 .bss.DHT       0x00800144        0xd Sketch.o
                0x00800144                DHT
 .bss.timer0_fract
                0x00800151        0x1 C:\Users\Chirag\Desktop\DTH\Atmel\DISPLA~1\DISPLA~1\ARDUIN~1\Debug\libArduinoCore.a(wiring.o)
 .bss.timer0_millis
                0x00800152        0x4 C:\Users\Chirag\Desktop\DTH\Atmel\DISPLA~1\DISPLA~1\ARDUIN~1\Debug\libArduinoCore.a(wiring.o)
                0x00800152                timer0_millis
 .bss.timer0_overflow_count
                0x00800156        0x4 C:\Users\Chirag\Desktop\DTH\Atmel\DISPLA~1\DISPLA~1\ARDUIN~1\Debug\libArduinoCore.a(wiring.o)
                0x00800156                timer0_overflow_count
 *(COMMON)
                0x0080015a                PROVIDE (__bss_end, .)
                0x00001210                __data_load_start = LOADADDR (.data)
                0x0000123c                __data_load_end = (__data_load_start + SIZEOF (.data))

.noinit         0x0080015a        0x0
                [!provide]                PROVIDE (__noinit_start, .)
 *(.noinit*)
                [!provide]                PROVIDE (__noinit_end, .)
                0x0080015a                _end = .
                [!provide]                PROVIDE (__heap_start, .)

.eeprom         0x00810000        0x0
 *(.eeprom*)
                0x00810000                __eeprom_end = .

.fuse
 *(.fuse)
 *(.lfuse)
 *(.hfuse)
 *(.efuse)

.lock
 *(.lock*)

.signature
 *(.signature*)

.user_signatures
 *(.user_signatures*)

.stab
 *(.stab)

.stabstr
 *(.stabstr)

.stab.excl
 *(.stab.excl)

.stab.exclstr
 *(.stab.exclstr)

.stab.index
 *(.stab.index)

.stab.indexstr
 *(.stab.indexstr)

.comment        0x00000000       0x30
 *(.comment)
 .comment       0x00000000       0x30 Sketch.o
                                 0x31 (size before relaxing)
 .comment       0x00000030       0x31 C:\Users\Chirag\Desktop\DTH\Atmel\DISPLA~1\DISPLA~1\ARDUIN~1\Debug\libArduinoCore.a(main.o)
 .comment       0x00000030       0x31 C:\Users\Chirag\Desktop\DTH\Atmel\DISPLA~1\DISPLA~1\ARDUIN~1\Debug\libArduinoCore.a(Print.o)
 .comment       0x00000030       0x31 C:\Users\Chirag\Desktop\DTH\Atmel\DISPLA~1\DISPLA~1\ARDUIN~1\Debug\libArduinoCore.a(wiring.o)
 .comment       0x00000030       0x31 C:\Users\Chirag\Desktop\DTH\Atmel\DISPLA~1\DISPLA~1\ARDUIN~1\Debug\libArduinoCore.a(wiring_digital.o)
 .comment       0x00000030       0x31 C:\Users\Chirag\Desktop\DTH\Atmel\DISPLA~1\DISPLA~1\ARDUIN~1\Debug\libArduinoCore.a(dht.o)
 .comment       0x00000030       0x31 C:\Users\Chirag\Desktop\DTH\Atmel\DISPLA~1\DISPLA~1\ARDUIN~1\Debug\libArduinoCore.a(LiquidCrystal.o)
 .comment       0x00000030       0x31 C:\Users\Chirag\Desktop\DTH\Atmel\DISPLA~1\DISPLA~1\ARDUIN~1\Debug\libArduinoCore.a(hooks.o)

.note.gnu.avr.deviceinfo
                0x00000000       0x40
 .note.gnu.avr.deviceinfo
                0x00000000       0x40 C:/Program Files (x86)/Atmel/Studio/7.0/Packs/atmel/ATmega_DFP/1.2.150/gcc/dev/atmega328p/avr5/crtatmega328p.o

.note.gnu.build-id
 *(.note.gnu.build-id)

.debug
 *(.debug)

.line
 *(.line)

.debug_srcinfo
 *(.debug_srcinfo)

.debug_sfnames
 *(.debug_sfnames)

.debug_aranges  0x00000000      0x340
 *(.debug_aranges)
 .debug_aranges
                0x00000000       0x30 Sketch.o
 .debug_aranges
                0x00000030       0x30 C:\Users\Chirag\Desktop\DTH\Atmel\DISPLA~1\DISPLA~1\ARDUIN~1\Debug\libArduinoCore.a(main.o)
 .debug_aranges
                0x00000060      0x100 C:\Users\Chirag\Desktop\DTH\Atmel\DISPLA~1\DISPLA~1\ARDUIN~1\Debug\libArduinoCore.a(Print.o)
 .debug_aranges
                0x00000160       0x48 C:\Users\Chirag\Desktop\DTH\Atmel\DISPLA~1\DISPLA~1\ARDUIN~1\Debug\libArduinoCore.a(wiring.o)
 .debug_aranges
                0x000001a8       0x38 C:\Users\Chirag\Desktop\DTH\Atmel\DISPLA~1\DISPLA~1\ARDUIN~1\Debug\libArduinoCore.a(wiring_digital.o)
 .debug_aranges
                0x000001e0       0x30 C:\Users\Chirag\Desktop\DTH\Atmel\DISPLA~1\DISPLA~1\ARDUIN~1\Debug\libArduinoCore.a(dht.o)
 .debug_aranges
                0x00000210      0x110 C:\Users\Chirag\Desktop\DTH\Atmel\DISPLA~1\DISPLA~1\ARDUIN~1\Debug\libArduinoCore.a(LiquidCrystal.o)
 .debug_aranges
                0x00000320       0x20 C:\Users\Chirag\Desktop\DTH\Atmel\DISPLA~1\DISPLA~1\ARDUIN~1\Debug\libArduinoCore.a(hooks.o)

.debug_pubnames
 *(.debug_pubnames)

.debug_info     0x00000000     0x6125
 *(.debug_info .gnu.linkonce.wi.*)
 .debug_info    0x00000000      0x5f4 C:/Program Files (x86)/Atmel/Studio/7.0/Packs/atmel/ATmega_DFP/1.2.150/gcc/dev/atmega328p/avr5/crtatmega328p.o
 .debug_info    0x000005f4      0x5df Sketch.o
 .debug_info    0x00000bd3      0x237 C:\Users\Chirag\Desktop\DTH\Atmel\DISPLA~1\DISPLA~1\ARDUIN~1\Debug\libArduinoCore.a(main.o)
 .debug_info    0x00000e0a     0x28ff C:\Users\Chirag\Desktop\DTH\Atmel\DISPLA~1\DISPLA~1\ARDUIN~1\Debug\libArduinoCore.a(Print.o)
 .debug_info    0x00003709      0x2cb C:\Users\Chirag\Desktop\DTH\Atmel\DISPLA~1\DISPLA~1\ARDUIN~1\Debug\libArduinoCore.a(wiring.o)
 .debug_info    0x000039d4      0x5fe C:\Users\Chirag\Desktop\DTH\Atmel\DISPLA~1\DISPLA~1\ARDUIN~1\Debug\libArduinoCore.a(wiring_digital.o)
 .debug_info    0x00003fd2      0x538 C:\Users\Chirag\Desktop\DTH\Atmel\DISPLA~1\DISPLA~1\ARDUIN~1\Debug\libArduinoCore.a(dht.o)
 .debug_info    0x0000450a     0x1bdd C:\Users\Chirag\Desktop\DTH\Atmel\DISPLA~1\DISPLA~1\ARDUIN~1\Debug\libArduinoCore.a(LiquidCrystal.o)
 .debug_info    0x000060e7       0x3e C:\Users\Chirag\Desktop\DTH\Atmel\DISPLA~1\DISPLA~1\ARDUIN~1\Debug\libArduinoCore.a(hooks.o)

.debug_abbrev   0x00000000     0x1567
 *(.debug_abbrev)
 .debug_abbrev  0x00000000      0x5a2 C:/Program Files (x86)/Atmel/Studio/7.0/Packs/atmel/ATmega_DFP/1.2.150/gcc/dev/atmega328p/avr5/crtatmega328p.o
 .debug_abbrev  0x000005a2      0x20a Sketch.o
 .debug_abbrev  0x000007ac      0x12d C:\Users\Chirag\Desktop\DTH\Atmel\DISPLA~1\DISPLA~1\ARDUIN~1\Debug\libArduinoCore.a(main.o)
 .debug_abbrev  0x000008d9      0x47a C:\Users\Chirag\Desktop\DTH\Atmel\DISPLA~1\DISPLA~1\ARDUIN~1\Debug\libArduinoCore.a(Print.o)
 .debug_abbrev  0x00000d53      0x146 C:\Users\Chirag\Desktop\DTH\Atmel\DISPLA~1\DISPLA~1\ARDUIN~1\Debug\libArduinoCore.a(wiring.o)
 .debug_abbrev  0x00000e99      0x15b C:\Users\Chirag\Desktop\DTH\Atmel\DISPLA~1\DISPLA~1\ARDUIN~1\Debug\libArduinoCore.a(wiring_digital.o)
 .debug_abbrev  0x00000ff4      0x1e4 C:\Users\Chirag\Desktop\DTH\Atmel\DISPLA~1\DISPLA~1\ARDUIN~1\Debug\libArduinoCore.a(dht.o)
 .debug_abbrev  0x000011d8      0x365 C:\Users\Chirag\Desktop\DTH\Atmel\DISPLA~1\DISPLA~1\ARDUIN~1\Debug\libArduinoCore.a(LiquidCrystal.o)
 .debug_abbrev  0x0000153d       0x2a C:\Users\Chirag\Desktop\DTH\Atmel\DISPLA~1\DISPLA~1\ARDUIN~1\Debug\libArduinoCore.a(hooks.o)

.debug_line     0x00000000     0x1c4e
 *(.debug_line .debug_line.* .debug_line_end)
 .debug_line    0x00000000      0x133 C:/Program Files (x86)/Atmel/Studio/7.0/Packs/atmel/ATmega_DFP/1.2.150/gcc/dev/atmega328p/avr5/crtatmega328p.o
 .debug_line    0x00000133      0x290 Sketch.o
 .debug_line    0x000003c3      0x165 C:\Users\Chirag\Desktop\DTH\Atmel\DISPLA~1\DISPLA~1\ARDUIN~1\Debug\libArduinoCore.a(main.o)
 .debug_line    0x00000528      0x685 C:\Users\Chirag\Desktop\DTH\Atmel\DISPLA~1\DISPLA~1\ARDUIN~1\Debug\libArduinoCore.a(Print.o)
 .debug_line    0x00000bad      0x299 C:\Users\Chirag\Desktop\DTH\Atmel\DISPLA~1\DISPLA~1\ARDUIN~1\Debug\libArduinoCore.a(wiring.o)
 .debug_line    0x00000e46      0x252 C:\Users\Chirag\Desktop\DTH\Atmel\DISPLA~1\DISPLA~1\ARDUIN~1\Debug\libArduinoCore.a(wiring_digital.o)
 .debug_line    0x00001098      0x24d C:\Users\Chirag\Desktop\DTH\Atmel\DISPLA~1\DISPLA~1\ARDUIN~1\Debug\libArduinoCore.a(dht.o)
 .debug_line    0x000012e5      0x928 C:\Users\Chirag\Desktop\DTH\Atmel\DISPLA~1\DISPLA~1\ARDUIN~1\Debug\libArduinoCore.a(LiquidCrystal.o)
 .debug_line    0x00001c0d       0x41 C:\Users\Chirag\Desktop\DTH\Atmel\DISPLA~1\DISPLA~1\ARDUIN~1\Debug\libArduinoCore.a(hooks.o)

.debug_frame    0x00000000      0x9d0
 *(.debug_frame)
 .debug_frame   0x00000000       0x60 Sketch.o
 .debug_frame   0x00000060       0x54 C:\Users\Chirag\Desktop\DTH\Atmel\DISPLA~1\DISPLA~1\ARDUIN~1\Debug\libArduinoCore.a(main.o)
 .debug_frame   0x000000b4      0x3ac C:\Users\Chirag\Desktop\DTH\Atmel\DISPLA~1\DISPLA~1\ARDUIN~1\Debug\libArduinoCore.a(Print.o)
 .debug_frame   0x00000460       0xc4 C:\Users\Chirag\Desktop\DTH\Atmel\DISPLA~1\DISPLA~1\ARDUIN~1\Debug\libArduinoCore.a(wiring.o)
 .debug_frame   0x00000524       0x7c C:\Users\Chirag\Desktop\DTH\Atmel\DISPLA~1\DISPLA~1\ARDUIN~1\Debug\libArduinoCore.a(wiring_digital.o)
 .debug_frame   0x000005a0       0xb8 C:\Users\Chirag\Desktop\DTH\Atmel\DISPLA~1\DISPLA~1\ARDUIN~1\Debug\libArduinoCore.a(dht.o)
 .debug_frame   0x00000658      0x354 C:\Users\Chirag\Desktop\DTH\Atmel\DISPLA~1\DISPLA~1\ARDUIN~1\Debug\libArduinoCore.a(LiquidCrystal.o)
 .debug_frame   0x000009ac       0x24 C:\Users\Chirag\Desktop\DTH\Atmel\DISPLA~1\DISPLA~1\ARDUIN~1\Debug\libArduinoCore.a(hooks.o)

.debug_str      0x00000000     0x1e19
 *(.debug_str)
 .debug_str     0x00000000      0x208 C:/Program Files (x86)/Atmel/Studio/7.0/Packs/atmel/ATmega_DFP/1.2.150/gcc/dev/atmega328p/avr5/crtatmega328p.o
 .debug_str     0x00000208      0x3b2 Sketch.o
                                0x3fd (size before relaxing)
 .debug_str     0x000005ba       0xc7 C:\Users\Chirag\Desktop\DTH\Atmel\DISPLA~1\DISPLA~1\ARDUIN~1\Debug\libArduinoCore.a(main.o)
                                0x2c7 (size before relaxing)
 .debug_str     0x00000681      0xf3d C:\Users\Chirag\Desktop\DTH\Atmel\DISPLA~1\DISPLA~1\ARDUIN~1\Debug\libArduinoCore.a(Print.o)
                               0x1255 (size before relaxing)
 .debug_str     0x000015be      0x15c C:\Users\Chirag\Desktop\DTH\Atmel\DISPLA~1\DISPLA~1\ARDUIN~1\Debug\libArduinoCore.a(wiring.o)
                                0x25d (size before relaxing)
 .debug_str     0x0000171a       0xc2 C:\Users\Chirag\Desktop\DTH\Atmel\DISPLA~1\DISPLA~1\ARDUIN~1\Debug\libArduinoCore.a(wiring_digital.o)
                                0x2c2 (size before relaxing)
 .debug_str     0x000017dc       0x41 C:\Users\Chirag\Desktop\DTH\Atmel\DISPLA~1\DISPLA~1\ARDUIN~1\Debug\libArduinoCore.a(dht.o)
                                0x34a (size before relaxing)
 .debug_str     0x0000181d      0x5e0 C:\Users\Chirag\Desktop\DTH\Atmel\DISPLA~1\DISPLA~1\ARDUIN~1\Debug\libArduinoCore.a(LiquidCrystal.o)
                                0x95c (size before relaxing)
 .debug_str     0x00001dfd       0x1c C:\Users\Chirag\Desktop\DTH\Atmel\DISPLA~1\DISPLA~1\ARDUIN~1\Debug\libArduinoCore.a(hooks.o)
                                0x152 (size before relaxing)

.debug_loc      0x00000000     0x4515
 *(.debug_loc)
 .debug_loc     0x00000000       0x94 Sketch.o
 .debug_loc     0x00000094     0x1c87 C:\Users\Chirag\Desktop\DTH\Atmel\DISPLA~1\DISPLA~1\ARDUIN~1\Debug\libArduinoCore.a(Print.o)
 .debug_loc     0x00001d1b      0x28d C:\Users\Chirag\Desktop\DTH\Atmel\DISPLA~1\DISPLA~1\ARDUIN~1\Debug\libArduinoCore.a(wiring.o)
 .debug_loc     0x00001fa8      0x5fc C:\Users\Chirag\Desktop\DTH\Atmel\DISPLA~1\DISPLA~1\ARDUIN~1\Debug\libArduinoCore.a(wiring_digital.o)
 .debug_loc     0x000025a4      0x503 C:\Users\Chirag\Desktop\DTH\Atmel\DISPLA~1\DISPLA~1\ARDUIN~1\Debug\libArduinoCore.a(dht.o)
 .debug_loc     0x00002aa7     0x1a6e C:\Users\Chirag\Desktop\DTH\Atmel\DISPLA~1\DISPLA~1\ARDUIN~1\Debug\libArduinoCore.a(LiquidCrystal.o)

.debug_macinfo
 *(.debug_macinfo)

.debug_weaknames
 *(.debug_weaknames)

.debug_funcnames
 *(.debug_funcnames)

.debug_typenames
 *(.debug_typenames)

.debug_varnames
 *(.debug_varnames)

.debug_pubtypes
 *(.debug_pubtypes)

.debug_ranges   0x00000000      0x398
 *(.debug_ranges)
 .debug_ranges  0x00000000       0x20 Sketch.o
 .debug_ranges  0x00000020       0x20 C:\Users\Chirag\Desktop\DTH\Atmel\DISPLA~1\DISPLA~1\ARDUIN~1\Debug\libArduinoCore.a(main.o)
 .debug_ranges  0x00000040      0x120 C:\Users\Chirag\Desktop\DTH\Atmel\DISPLA~1\DISPLA~1\ARDUIN~1\Debug\libArduinoCore.a(Print.o)
 .debug_ranges  0x00000160       0x38 C:\Users\Chirag\Desktop\DTH\Atmel\DISPLA~1\DISPLA~1\ARDUIN~1\Debug\libArduinoCore.a(wiring.o)
 .debug_ranges  0x00000198       0x28 C:\Users\Chirag\Desktop\DTH\Atmel\DISPLA~1\DISPLA~1\ARDUIN~1\Debug\libArduinoCore.a(wiring_digital.o)
 .debug_ranges  0x000001c0       0x50 C:\Users\Chirag\Desktop\DTH\Atmel\DISPLA~1\DISPLA~1\ARDUIN~1\Debug\libArduinoCore.a(dht.o)
 .debug_ranges  0x00000210      0x178 C:\Users\Chirag\Desktop\DTH\Atmel\DISPLA~1\DISPLA~1\ARDUIN~1\Debug\libArduinoCore.a(LiquidCrystal.o)
 .debug_ranges  0x00000388       0x10 C:\Users\Chirag\Desktop\DTH\Atmel\DISPLA~1\DISPLA~1\ARDUIN~1\Debug\libArduinoCore.a(hooks.o)

.debug_macro
 *(.debug_macro)
OUTPUT(Arduino.elf elf32-avr)
LOAD linker stubs
