Archive member included to satisfy reference by file (symbol)

C:\Users\Chirag\Desktop\Oled\Atmel\Oled\Oled\ArduinoCore\Debug\libArduinoCore.a(main.o)
                              C:/Program Files (x86)/Atmel/Studio/7.0/Packs/atmel/ATmega_DFP/1.2.150/gcc/dev/atmega328p/avr5/crtatmega328p.o (main)
C:\Users\Chirag\Desktop\Oled\Atmel\Oled\Oled\ArduinoCore\Debug\libArduinoCore.a(Print.o)
                              Sketch.o (_ZN5Print5writeEPKhj)
C:\Users\Chirag\Desktop\Oled\Atmel\Oled\Oled\ArduinoCore\Debug\libArduinoCore.a(wiring.o)
                              Sketch.o (delay)
C:\Users\Chirag\Desktop\Oled\Atmel\Oled\Oled\ArduinoCore\Debug\libArduinoCore.a(SSD1306Ascii.o)
                              Sketch.o (_ZN12SSD1306Ascii5clearEv)
C:\Users\Chirag\Desktop\Oled\Atmel\Oled\Oled\ArduinoCore\Debug\libArduinoCore.a(Wire.o)
                              Sketch.o (_ZN7TwoWire5writeEh)
C:\Users\Chirag\Desktop\Oled\Atmel\Oled\Oled\ArduinoCore\Debug\libArduinoCore.a(abi.o)
                              C:\Users\Chirag\Desktop\Oled\Atmel\Oled\Oled\ArduinoCore\Debug\libArduinoCore.a(Print.o) (__cxa_pure_virtual)
C:\Users\Chirag\Desktop\Oled\Atmel\Oled\Oled\ArduinoCore\Debug\libArduinoCore.a(hooks.o)
                              C:\Users\Chirag\Desktop\Oled\Atmel\Oled\Oled\ArduinoCore\Debug\libArduinoCore.a(wiring.o) (yield)
C:\Users\Chirag\Desktop\Oled\Atmel\Oled\Oled\ArduinoCore\Debug\libArduinoCore.a(wiring_digital.o)
                              C:\Users\Chirag\Desktop\Oled\Atmel\Oled\Oled\ArduinoCore\Debug\libArduinoCore.a(SSD1306Ascii.o) (pinMode)
C:\Users\Chirag\Desktop\Oled\Atmel\Oled\Oled\ArduinoCore\Debug\libArduinoCore.a(twi.o)
                              C:\Users\Chirag\Desktop\Oled\Atmel\Oled\Oled\ArduinoCore\Debug\libArduinoCore.a(Wire.o) (twi_init)
c:/program files (x86)/atmel/studio/7.0/toolchain/avr8/avr8-gnu-toolchain/bin/../lib/gcc/avr/5.4.0/../../../../avr/lib/avr5\libm.a(addsf3.o)
                              C:\Users\Chirag\Desktop\Oled\Atmel\Oled\Oled\ArduinoCore\Debug\libArduinoCore.a(Print.o) (__subsf3)
c:/program files (x86)/atmel/studio/7.0/toolchain/avr8/avr8-gnu-toolchain/bin/../lib/gcc/avr/5.4.0/../../../../avr/lib/avr5\libm.a(addsf3x.o)
                              c:/program files (x86)/atmel/studio/7.0/toolchain/avr8/avr8-gnu-toolchain/bin/../lib/gcc/avr/5.4.0/../../../../avr/lib/avr5\libm.a(addsf3.o) (__addsf3x)
c:/program files (x86)/atmel/studio/7.0/toolchain/avr8/avr8-gnu-toolchain/bin/../lib/gcc/avr/5.4.0/../../../../avr/lib/avr5\libm.a(cmpsf2.o)
                              C:\Users\Chirag\Desktop\Oled\Atmel\Oled\Oled\ArduinoCore\Debug\libArduinoCore.a(Print.o) (__ltsf2)
c:/program files (x86)/atmel/studio/7.0/toolchain/avr8/avr8-gnu-toolchain/bin/../lib/gcc/avr/5.4.0/../../../../avr/lib/avr5\libm.a(divsf3.o)
                              C:\Users\Chirag\Desktop\Oled\Atmel\Oled\Oled\ArduinoCore\Debug\libArduinoCore.a(Print.o) (__divsf3)
c:/program files (x86)/atmel/studio/7.0/toolchain/avr8/avr8-gnu-toolchain/bin/../lib/gcc/avr/5.4.0/../../../../avr/lib/avr5\libm.a(divsf3x.o)
                              c:/program files (x86)/atmel/studio/7.0/toolchain/avr8/avr8-gnu-toolchain/bin/../lib/gcc/avr/5.4.0/../../../../avr/lib/avr5\libm.a(divsf3.o) (__divsf3x)
c:/program files (x86)/atmel/studio/7.0/toolchain/avr8/avr8-gnu-toolchain/bin/../lib/gcc/avr/5.4.0/../../../../avr/lib/avr5\libm.a(fixunssfsi.o)
                              C:\Users\Chirag\Desktop\Oled\Atmel\Oled\Oled\ArduinoCore\Debug\libArduinoCore.a(Print.o) (__fixunssfsi)
c:/program files (x86)/atmel/studio/7.0/toolchain/avr8/avr8-gnu-toolchain/bin/../lib/gcc/avr/5.4.0/../../../../avr/lib/avr5\libm.a(floatsisf.o)
                              C:\Users\Chirag\Desktop\Oled\Atmel\Oled\Oled\ArduinoCore\Debug\libArduinoCore.a(Print.o) (__floatunsisf)
c:/program files (x86)/atmel/studio/7.0/toolchain/avr8/avr8-gnu-toolchain/bin/../lib/gcc/avr/5.4.0/../../../../avr/lib/avr5\libm.a(fp_cmp.o)
                              c:/program files (x86)/atmel/studio/7.0/toolchain/avr8/avr8-gnu-toolchain/bin/../lib/gcc/avr/5.4.0/../../../../avr/lib/avr5\libm.a(cmpsf2.o) (__fp_cmp)
c:/program files (x86)/atmel/studio/7.0/toolchain/avr8/avr8-gnu-toolchain/bin/../lib/gcc/avr/5.4.0/../../../../avr/lib/avr5\libm.a(fp_inf.o)
                              c:/program files (x86)/atmel/studio/7.0/toolchain/avr8/avr8-gnu-toolchain/bin/../lib/gcc/avr/5.4.0/../../../../avr/lib/avr5\libm.a(addsf3x.o) (__fp_inf)
c:/program files (x86)/atmel/studio/7.0/toolchain/avr8/avr8-gnu-toolchain/bin/../lib/gcc/avr/5.4.0/../../../../avr/lib/avr5\libm.a(fp_nan.o)
                              c:/program files (x86)/atmel/studio/7.0/toolchain/avr8/avr8-gnu-toolchain/bin/../lib/gcc/avr/5.4.0/../../../../avr/lib/avr5\libm.a(addsf3x.o) (__fp_nan)
c:/program files (x86)/atmel/studio/7.0/toolchain/avr8/avr8-gnu-toolchain/bin/../lib/gcc/avr/5.4.0/../../../../avr/lib/avr5\libm.a(fp_pscA.o)
                              c:/program files (x86)/atmel/studio/7.0/toolchain/avr8/avr8-gnu-toolchain/bin/../lib/gcc/avr/5.4.0/../../../../avr/lib/avr5\libm.a(addsf3x.o) (__fp_pscA)
c:/program files (x86)/atmel/studio/7.0/toolchain/avr8/avr8-gnu-toolchain/bin/../lib/gcc/avr/5.4.0/../../../../avr/lib/avr5\libm.a(fp_pscB.o)
                              c:/program files (x86)/atmel/studio/7.0/toolchain/avr8/avr8-gnu-toolchain/bin/../lib/gcc/avr/5.4.0/../../../../avr/lib/avr5\libm.a(addsf3x.o) (__fp_pscB)
c:/program files (x86)/atmel/studio/7.0/toolchain/avr8/avr8-gnu-toolchain/bin/../lib/gcc/avr/5.4.0/../../../../avr/lib/avr5\libm.a(fp_round.o)
                              c:/program files (x86)/atmel/studio/7.0/toolchain/avr8/avr8-gnu-toolchain/bin/../lib/gcc/avr/5.4.0/../../../../avr/lib/avr5\libm.a(addsf3.o) (__fp_round)
c:/program files (x86)/atmel/studio/7.0/toolchain/avr8/avr8-gnu-toolchain/bin/../lib/gcc/avr/5.4.0/../../../../avr/lib/avr5\libm.a(fp_split3.o)
                              c:/program files (x86)/atmel/studio/7.0/toolchain/avr8/avr8-gnu-toolchain/bin/../lib/gcc/avr/5.4.0/../../../../avr/lib/avr5\libm.a(addsf3x.o) (__fp_split3)
c:/program files (x86)/atmel/studio/7.0/toolchain/avr8/avr8-gnu-toolchain/bin/../lib/gcc/avr/5.4.0/../../../../avr/lib/avr5\libm.a(fp_zero.o)
                              c:/program files (x86)/atmel/studio/7.0/toolchain/avr8/avr8-gnu-toolchain/bin/../lib/gcc/avr/5.4.0/../../../../avr/lib/avr5\libm.a(addsf3x.o) (__fp_zero)
c:/program files (x86)/atmel/studio/7.0/toolchain/avr8/avr8-gnu-toolchain/bin/../lib/gcc/avr/5.4.0/../../../../avr/lib/avr5\libm.a(gesf2.o)
                              C:\Users\Chirag\Desktop\Oled\Atmel\Oled\Oled\ArduinoCore\Debug\libArduinoCore.a(Print.o) (__gtsf2)
c:/program files (x86)/atmel/studio/7.0/toolchain/avr8/avr8-gnu-toolchain/bin/../lib/gcc/avr/5.4.0/../../../../avr/lib/avr5\libm.a(mulsf3.o)
                              C:\Users\Chirag\Desktop\Oled\Atmel\Oled\Oled\ArduinoCore\Debug\libArduinoCore.a(Print.o) (__mulsf3)
c:/program files (x86)/atmel/studio/7.0/toolchain/avr8/avr8-gnu-toolchain/bin/../lib/gcc/avr/5.4.0/../../../../avr/lib/avr5\libm.a(mulsf3x.o)
                              c:/program files (x86)/atmel/studio/7.0/toolchain/avr8/avr8-gnu-toolchain/bin/../lib/gcc/avr/5.4.0/../../../../avr/lib/avr5\libm.a(mulsf3.o) (__mulsf3x)
c:/program files (x86)/atmel/studio/7.0/toolchain/avr8/avr8-gnu-toolchain/bin/../lib/gcc/avr/5.4.0/../../../../avr/lib/avr5\libm.a(unordsf2.o)
                              C:\Users\Chirag\Desktop\Oled\Atmel\Oled\Oled\ArduinoCore\Debug\libArduinoCore.a(Print.o) (__unordsf2)
c:/program files (x86)/atmel/studio/7.0/toolchain/avr8/avr8-gnu-toolchain/bin/../lib/gcc/avr/5.4.0/avr5\libgcc.a(_udivmodsi4.o)
                              C:\Users\Chirag\Desktop\Oled\Atmel\Oled\Oled\ArduinoCore\Debug\libArduinoCore.a(Print.o) (__udivmodsi4)
c:/program files (x86)/atmel/studio/7.0/toolchain/avr8/avr8-gnu-toolchain/bin/../lib/gcc/avr/5.4.0/avr5\libgcc.a(_exit.o)
                              C:/Program Files (x86)/Atmel/Studio/7.0/Packs/atmel/ATmega_DFP/1.2.150/gcc/dev/atmega328p/avr5/crtatmega328p.o (exit)
c:/program files (x86)/atmel/studio/7.0/toolchain/avr8/avr8-gnu-toolchain/bin/../lib/gcc/avr/5.4.0/avr5\libgcc.a(_copy_data.o)
                              Sketch.o (__do_copy_data)
c:/program files (x86)/atmel/studio/7.0/toolchain/avr8/avr8-gnu-toolchain/bin/../lib/gcc/avr/5.4.0/avr5\libgcc.a(_clear_bss.o)
                              Sketch.o (__do_clear_bss)
c:/program files (x86)/atmel/studio/7.0/toolchain/avr8/avr8-gnu-toolchain/bin/../lib/gcc/avr/5.4.0/avr5\libgcc.a(_ctors.o)
                              Sketch.o (__do_global_ctors)
c:/program files (x86)/atmel/studio/7.0/toolchain/avr8/avr8-gnu-toolchain/bin/../lib/gcc/avr/5.4.0/avr5\libgcc.a(_tablejump2.o)
                              c:/program files (x86)/atmel/studio/7.0/toolchain/avr8/avr8-gnu-toolchain/bin/../lib/gcc/avr/5.4.0/avr5\libgcc.a(_ctors.o) (__tablejump2__)
c:/program files (x86)/atmel/studio/7.0/toolchain/avr8/avr8-gnu-toolchain/bin/../lib/gcc/avr/5.4.0/../../../../avr/lib/avr5\libc.a(abort.o)
                              C:\Users\Chirag\Desktop\Oled\Atmel\Oled\Oled\ArduinoCore\Debug\libArduinoCore.a(abi.o) (abort)

Discarded input sections

 .data          0x00000000        0x0 C:/Program Files (x86)/Atmel/Studio/7.0/Packs/atmel/ATmega_DFP/1.2.150/gcc/dev/atmega328p/avr5/crtatmega328p.o
 .bss           0x00000000        0x0 C:/Program Files (x86)/Atmel/Studio/7.0/Packs/atmel/ATmega_DFP/1.2.150/gcc/dev/atmega328p/avr5/crtatmega328p.o
 .group         0x00000000        0x8 Sketch.o
 .group         0x00000000        0x8 Sketch.o
 .group         0x00000000        0x8 Sketch.o
 .group         0x00000000        0x8 Sketch.o
 .text          0x00000000        0x0 Sketch.o
 .data          0x00000000        0x0 Sketch.o
 .bss           0x00000000        0x0 Sketch.o
 .text          0x00000000        0x0 C:\Users\Chirag\Desktop\Oled\Atmel\Oled\Oled\ArduinoCore\Debug\libArduinoCore.a(main.o)
 .data          0x00000000        0x0 C:\Users\Chirag\Desktop\Oled\Atmel\Oled\Oled\ArduinoCore\Debug\libArduinoCore.a(main.o)
 .bss           0x00000000        0x0 C:\Users\Chirag\Desktop\Oled\Atmel\Oled\Oled\ArduinoCore\Debug\libArduinoCore.a(main.o)
 .text.atexit   0x00000000        0x6 C:\Users\Chirag\Desktop\Oled\Atmel\Oled\Oled\ArduinoCore\Debug\libArduinoCore.a(main.o)
 .text._Z8setupUSBv
                0x00000000        0x2 C:\Users\Chirag\Desktop\Oled\Atmel\Oled\Oled\ArduinoCore\Debug\libArduinoCore.a(main.o)
 .group         0x00000000        0x8 C:\Users\Chirag\Desktop\Oled\Atmel\Oled\Oled\ArduinoCore\Debug\libArduinoCore.a(Print.o)
 .group         0x00000000        0x8 C:\Users\Chirag\Desktop\Oled\Atmel\Oled\Oled\ArduinoCore\Debug\libArduinoCore.a(Print.o)
 .group         0x00000000        0x8 C:\Users\Chirag\Desktop\Oled\Atmel\Oled\Oled\ArduinoCore\Debug\libArduinoCore.a(Print.o)
 .group         0x00000000        0x8 C:\Users\Chirag\Desktop\Oled\Atmel\Oled\Oled\ArduinoCore\Debug\libArduinoCore.a(Print.o)
 .text          0x00000000        0x0 C:\Users\Chirag\Desktop\Oled\Atmel\Oled\Oled\ArduinoCore\Debug\libArduinoCore.a(Print.o)
 .data          0x00000000        0x0 C:\Users\Chirag\Desktop\Oled\Atmel\Oled\Oled\ArduinoCore\Debug\libArduinoCore.a(Print.o)
 .bss           0x00000000        0x0 C:\Users\Chirag\Desktop\Oled\Atmel\Oled\Oled\ArduinoCore\Debug\libArduinoCore.a(Print.o)
 .text._ZN5Print17availableForWriteEv
                0x00000000        0x6 C:\Users\Chirag\Desktop\Oled\Atmel\Oled\Oled\ArduinoCore\Debug\libArduinoCore.a(Print.o)
 .text._ZN5Print5flushEv
                0x00000000        0x2 C:\Users\Chirag\Desktop\Oled\Atmel\Oled\Oled\ArduinoCore\Debug\libArduinoCore.a(Print.o)
 .text._ZN5Print5printEPK19__FlashStringHelper
                0x00000000       0x48 C:\Users\Chirag\Desktop\Oled\Atmel\Oled\Oled\ArduinoCore\Debug\libArduinoCore.a(Print.o)
 .text._ZN5Print5printERK6String
                0x00000000       0x1c C:\Users\Chirag\Desktop\Oled\Atmel\Oled\Oled\ArduinoCore\Debug\libArduinoCore.a(Print.o)
 .text._ZN5Print5printEc
                0x00000000        0xe C:\Users\Chirag\Desktop\Oled\Atmel\Oled\Oled\ArduinoCore\Debug\libArduinoCore.a(Print.o)
 .text._ZN5Print5printERK9Printable
                0x00000000       0x14 C:\Users\Chirag\Desktop\Oled\Atmel\Oled\Oled\ArduinoCore\Debug\libArduinoCore.a(Print.o)
 .text._ZN5Print7printlnEPK19__FlashStringHelper
                0x00000000       0x24 C:\Users\Chirag\Desktop\Oled\Atmel\Oled\Oled\ArduinoCore\Debug\libArduinoCore.a(Print.o)
 .text._ZN5Print7printlnERK6String
                0x00000000       0x24 C:\Users\Chirag\Desktop\Oled\Atmel\Oled\Oled\ArduinoCore\Debug\libArduinoCore.a(Print.o)
 .text._ZN5Print7printlnEc
                0x00000000       0x24 C:\Users\Chirag\Desktop\Oled\Atmel\Oled\Oled\ArduinoCore\Debug\libArduinoCore.a(Print.o)
 .text._ZN5Print7printlnERK9Printable
                0x00000000       0x24 C:\Users\Chirag\Desktop\Oled\Atmel\Oled\Oled\ArduinoCore\Debug\libArduinoCore.a(Print.o)
 .text._ZN5Print11printNumberEmh
                0x00000000       0x92 C:\Users\Chirag\Desktop\Oled\Atmel\Oled\Oled\ArduinoCore\Debug\libArduinoCore.a(Print.o)
 .text._ZN5Print5printEmi
                0x00000000       0x1a C:\Users\Chirag\Desktop\Oled\Atmel\Oled\Oled\ArduinoCore\Debug\libArduinoCore.a(Print.o)
 .text._ZN5Print5printEhi
                0x00000000        0xe C:\Users\Chirag\Desktop\Oled\Atmel\Oled\Oled\ArduinoCore\Debug\libArduinoCore.a(Print.o)
 .text._ZN5Print7printlnEhi
                0x00000000       0x24 C:\Users\Chirag\Desktop\Oled\Atmel\Oled\Oled\ArduinoCore\Debug\libArduinoCore.a(Print.o)
 .text._ZN5Print5printEji
                0x00000000        0xc C:\Users\Chirag\Desktop\Oled\Atmel\Oled\Oled\ArduinoCore\Debug\libArduinoCore.a(Print.o)
 .text._ZN5Print7printlnEji
                0x00000000       0x24 C:\Users\Chirag\Desktop\Oled\Atmel\Oled\Oled\ArduinoCore\Debug\libArduinoCore.a(Print.o)
 .text._ZN5Print7printlnEmi
                0x00000000       0x24 C:\Users\Chirag\Desktop\Oled\Atmel\Oled\Oled\ArduinoCore\Debug\libArduinoCore.a(Print.o)
 .text._ZN5Print5printEli
                0x00000000       0x90 C:\Users\Chirag\Desktop\Oled\Atmel\Oled\Oled\ArduinoCore\Debug\libArduinoCore.a(Print.o)
 .text._ZN5Print5printEii
                0x00000000        0xe C:\Users\Chirag\Desktop\Oled\Atmel\Oled\Oled\ArduinoCore\Debug\libArduinoCore.a(Print.o)
 .text._ZN5Print7printlnEii
                0x00000000       0x24 C:\Users\Chirag\Desktop\Oled\Atmel\Oled\Oled\ArduinoCore\Debug\libArduinoCore.a(Print.o)
 .text._ZN5Print7printlnEli
                0x00000000       0x24 C:\Users\Chirag\Desktop\Oled\Atmel\Oled\Oled\ArduinoCore\Debug\libArduinoCore.a(Print.o)
 .text._ZN5Print10printFloatEdh
                0x00000000      0x1b6 C:\Users\Chirag\Desktop\Oled\Atmel\Oled\Oled\ArduinoCore\Debug\libArduinoCore.a(Print.o)
 .text._ZN5Print5printEdi
                0x00000000        0x4 C:\Users\Chirag\Desktop\Oled\Atmel\Oled\Oled\ArduinoCore\Debug\libArduinoCore.a(Print.o)
 .text._ZN5Print7printlnEdi
                0x00000000       0x24 C:\Users\Chirag\Desktop\Oled\Atmel\Oled\Oled\ArduinoCore\Debug\libArduinoCore.a(Print.o)
 .rodata._ZTV5Print
                0x00000000        0xc C:\Users\Chirag\Desktop\Oled\Atmel\Oled\Oled\ArduinoCore\Debug\libArduinoCore.a(Print.o)
 .text          0x00000000        0x0 C:\Users\Chirag\Desktop\Oled\Atmel\Oled\Oled\ArduinoCore\Debug\libArduinoCore.a(wiring.o)
 .data          0x00000000        0x0 C:\Users\Chirag\Desktop\Oled\Atmel\Oled\Oled\ArduinoCore\Debug\libArduinoCore.a(wiring.o)
 .bss           0x00000000        0x0 C:\Users\Chirag\Desktop\Oled\Atmel\Oled\Oled\ArduinoCore\Debug\libArduinoCore.a(wiring.o)
 .text.millis   0x00000000       0x18 C:\Users\Chirag\Desktop\Oled\Atmel\Oled\Oled\ArduinoCore\Debug\libArduinoCore.a(wiring.o)
 .text.delayMicroseconds
                0x00000000       0x16 C:\Users\Chirag\Desktop\Oled\Atmel\Oled\Oled\ArduinoCore\Debug\libArduinoCore.a(wiring.o)
 .group         0x00000000        0x8 C:\Users\Chirag\Desktop\Oled\Atmel\Oled\Oled\ArduinoCore\Debug\libArduinoCore.a(SSD1306Ascii.o)
 .group         0x00000000        0x8 C:\Users\Chirag\Desktop\Oled\Atmel\Oled\Oled\ArduinoCore\Debug\libArduinoCore.a(SSD1306Ascii.o)
 .group         0x00000000        0x8 C:\Users\Chirag\Desktop\Oled\Atmel\Oled\Oled\ArduinoCore\Debug\libArduinoCore.a(SSD1306Ascii.o)
 .group         0x00000000        0x8 C:\Users\Chirag\Desktop\Oled\Atmel\Oled\Oled\ArduinoCore\Debug\libArduinoCore.a(SSD1306Ascii.o)
 .text          0x00000000        0x0 C:\Users\Chirag\Desktop\Oled\Atmel\Oled\Oled\ArduinoCore\Debug\libArduinoCore.a(SSD1306Ascii.o)
 .data          0x00000000        0x0 C:\Users\Chirag\Desktop\Oled\Atmel\Oled\Oled\ArduinoCore\Debug\libArduinoCore.a(SSD1306Ascii.o)
 .bss           0x00000000        0x0 C:\Users\Chirag\Desktop\Oled\Atmel\Oled\Oled\ArduinoCore\Debug\libArduinoCore.a(SSD1306Ascii.o)
 .text._ZN5Print17availableForWriteEv
                0x00000000        0x6 C:\Users\Chirag\Desktop\Oled\Atmel\Oled\Oled\ArduinoCore\Debug\libArduinoCore.a(SSD1306Ascii.o)
 .text._ZN5Print5flushEv
                0x00000000        0x2 C:\Users\Chirag\Desktop\Oled\Atmel\Oled\Oled\ArduinoCore\Debug\libArduinoCore.a(SSD1306Ascii.o)
 .text._ZN12SSD1306Ascii9charWidthEh
                0x00000000       0x6c C:\Users\Chirag\Desktop\Oled\Atmel\Oled\Oled\ArduinoCore\Debug\libArduinoCore.a(SSD1306Ascii.o)
 .text._ZN12SSD1306Ascii9fontWidthEv
                0x00000000       0x22 C:\Users\Chirag\Desktop\Oled\Atmel\Oled\Oled\ArduinoCore\Debug\libArduinoCore.a(SSD1306Ascii.o)
 .text._ZN12SSD1306Ascii5resetEh
                0x00000000       0x34 C:\Users\Chirag\Desktop\Oled\Atmel\Oled\Oled\ArduinoCore\Debug\libArduinoCore.a(SSD1306Ascii.o)
 .text._ZN12SSD1306Ascii11setContrastEh
                0x00000000       0x1e C:\Users\Chirag\Desktop\Oled\Atmel\Oled\Oled\ArduinoCore\Debug\libArduinoCore.a(SSD1306Ascii.o)
 .text._ZN12SSD1306Ascii15ssd1306WriteRamEh
                0x00000000       0x2a C:\Users\Chirag\Desktop\Oled\Atmel\Oled\Oled\ArduinoCore\Debug\libArduinoCore.a(SSD1306Ascii.o)
 .text._ZN12SSD1306Ascii9setScrollEb
                0x00000000       0x20 C:\Users\Chirag\Desktop\Oled\Atmel\Oled\Oled\ArduinoCore\Debug\libArduinoCore.a(SSD1306Ascii.o)
 .text._ZN12SSD1306Ascii5writeEPKc
                0x00000000       0x58 C:\Users\Chirag\Desktop\Oled\Atmel\Oled\Oled\ArduinoCore\Debug\libArduinoCore.a(SSD1306Ascii.o)
 .rodata._ZTV12SSD1306Ascii
                0x00000000        0xe C:\Users\Chirag\Desktop\Oled\Atmel\Oled\Oled\ArduinoCore\Debug\libArduinoCore.a(SSD1306Ascii.o)
 .group         0x00000000        0x8 C:\Users\Chirag\Desktop\Oled\Atmel\Oled\Oled\ArduinoCore\Debug\libArduinoCore.a(Wire.o)
 .group         0x00000000        0x8 C:\Users\Chirag\Desktop\Oled\Atmel\Oled\Oled\ArduinoCore\Debug\libArduinoCore.a(Wire.o)
 .group         0x00000000        0x8 C:\Users\Chirag\Desktop\Oled\Atmel\Oled\Oled\ArduinoCore\Debug\libArduinoCore.a(Wire.o)
 .text          0x00000000        0x0 C:\Users\Chirag\Desktop\Oled\Atmel\Oled\Oled\ArduinoCore\Debug\libArduinoCore.a(Wire.o)
 .data          0x00000000        0x0 C:\Users\Chirag\Desktop\Oled\Atmel\Oled\Oled\ArduinoCore\Debug\libArduinoCore.a(Wire.o)
 .bss           0x00000000        0x0 C:\Users\Chirag\Desktop\Oled\Atmel\Oled\Oled\ArduinoCore\Debug\libArduinoCore.a(Wire.o)
 .text._ZN5Print17availableForWriteEv
                0x00000000        0x6 C:\Users\Chirag\Desktop\Oled\Atmel\Oled\Oled\ArduinoCore\Debug\libArduinoCore.a(Wire.o)
 .text._ZN5Print5flushEv
                0x00000000        0x2 C:\Users\Chirag\Desktop\Oled\Atmel\Oled\Oled\ArduinoCore\Debug\libArduinoCore.a(Wire.o)
 .text._ZN7TwoWire16onReceiveServiceEPhi
                0x00000000       0x54 C:\Users\Chirag\Desktop\Oled\Atmel\Oled\Oled\ArduinoCore\Debug\libArduinoCore.a(Wire.o)
 .text._ZN7TwoWire16onRequestServiceEv
                0x00000000       0x18 C:\Users\Chirag\Desktop\Oled\Atmel\Oled\Oled\ArduinoCore\Debug\libArduinoCore.a(Wire.o)
 .text._ZN7TwoWire5beginEh
                0x00000000       0x26 C:\Users\Chirag\Desktop\Oled\Atmel\Oled\Oled\ArduinoCore\Debug\libArduinoCore.a(Wire.o)
 .text._ZN7TwoWire5beginEi
                0x00000000        0x4 C:\Users\Chirag\Desktop\Oled\Atmel\Oled\Oled\ArduinoCore\Debug\libArduinoCore.a(Wire.o)
 .text._ZN7TwoWire3endEv
                0x00000000        0x4 C:\Users\Chirag\Desktop\Oled\Atmel\Oled\Oled\ArduinoCore\Debug\libArduinoCore.a(Wire.o)
 .text._ZN7TwoWire8setClockEm
                0x00000000        0x8 C:\Users\Chirag\Desktop\Oled\Atmel\Oled\Oled\ArduinoCore\Debug\libArduinoCore.a(Wire.o)
 .text._ZN7TwoWire17beginTransmissionEi
                0x00000000        0x4 C:\Users\Chirag\Desktop\Oled\Atmel\Oled\Oled\ArduinoCore\Debug\libArduinoCore.a(Wire.o)
 .text._ZN7TwoWire11requestFromEhhmhh
                0x00000000       0xa8 C:\Users\Chirag\Desktop\Oled\Atmel\Oled\Oled\ArduinoCore\Debug\libArduinoCore.a(Wire.o)
 .text._ZN7TwoWire11requestFromEhhh
                0x00000000       0x20 C:\Users\Chirag\Desktop\Oled\Atmel\Oled\Oled\ArduinoCore\Debug\libArduinoCore.a(Wire.o)
 .text._ZN7TwoWire11requestFromEhh
                0x00000000        0x6 C:\Users\Chirag\Desktop\Oled\Atmel\Oled\Oled\ArduinoCore\Debug\libArduinoCore.a(Wire.o)
 .text._ZN7TwoWire11requestFromEii
                0x00000000        0x6 C:\Users\Chirag\Desktop\Oled\Atmel\Oled\Oled\ArduinoCore\Debug\libArduinoCore.a(Wire.o)
 .text._ZN7TwoWire11requestFromEiii
                0x00000000        0x4 C:\Users\Chirag\Desktop\Oled\Atmel\Oled\Oled\ArduinoCore\Debug\libArduinoCore.a(Wire.o)
 .text._ZN7TwoWire9onReceiveEPFviE
                0x00000000        0xa C:\Users\Chirag\Desktop\Oled\Atmel\Oled\Oled\ArduinoCore\Debug\libArduinoCore.a(Wire.o)
 .text._ZN7TwoWire9onRequestEPFvvE
                0x00000000        0xa C:\Users\Chirag\Desktop\Oled\Atmel\Oled\Oled\ArduinoCore\Debug\libArduinoCore.a(Wire.o)
 .bss._ZN7TwoWire14user_onReceiveE
                0x00000000        0x2 C:\Users\Chirag\Desktop\Oled\Atmel\Oled\Oled\ArduinoCore\Debug\libArduinoCore.a(Wire.o)
 .bss._ZN7TwoWire14user_onRequestE
                0x00000000        0x2 C:\Users\Chirag\Desktop\Oled\Atmel\Oled\Oled\ArduinoCore\Debug\libArduinoCore.a(Wire.o)
 .text          0x00000000        0x0 C:\Users\Chirag\Desktop\Oled\Atmel\Oled\Oled\ArduinoCore\Debug\libArduinoCore.a(abi.o)
 .data          0x00000000        0x0 C:\Users\Chirag\Desktop\Oled\Atmel\Oled\Oled\ArduinoCore\Debug\libArduinoCore.a(abi.o)
 .bss           0x00000000        0x0 C:\Users\Chirag\Desktop\Oled\Atmel\Oled\Oled\ArduinoCore\Debug\libArduinoCore.a(abi.o)
 .text.__cxa_pure_virtual
                0x00000000        0x4 C:\Users\Chirag\Desktop\Oled\Atmel\Oled\Oled\ArduinoCore\Debug\libArduinoCore.a(abi.o)
 .text.__cxa_deleted_virtual
                0x00000000        0x4 C:\Users\Chirag\Desktop\Oled\Atmel\Oled\Oled\ArduinoCore\Debug\libArduinoCore.a(abi.o)
 .debug_info    0x00000000       0x76 C:\Users\Chirag\Desktop\Oled\Atmel\Oled\Oled\ArduinoCore\Debug\libArduinoCore.a(abi.o)
 .debug_abbrev  0x00000000       0x6d C:\Users\Chirag\Desktop\Oled\Atmel\Oled\Oled\ArduinoCore\Debug\libArduinoCore.a(abi.o)
 .debug_aranges
                0x00000000       0x20 C:\Users\Chirag\Desktop\Oled\Atmel\Oled\Oled\ArduinoCore\Debug\libArduinoCore.a(abi.o)
 .debug_ranges  0x00000000       0x10 C:\Users\Chirag\Desktop\Oled\Atmel\Oled\Oled\ArduinoCore\Debug\libArduinoCore.a(abi.o)
 .debug_line    0x00000000       0xa9 C:\Users\Chirag\Desktop\Oled\Atmel\Oled\Oled\ArduinoCore\Debug\libArduinoCore.a(abi.o)
 .debug_str     0x00000000      0x188 C:\Users\Chirag\Desktop\Oled\Atmel\Oled\Oled\ArduinoCore\Debug\libArduinoCore.a(abi.o)
 .comment       0x00000000       0x31 C:\Users\Chirag\Desktop\Oled\Atmel\Oled\Oled\ArduinoCore\Debug\libArduinoCore.a(abi.o)
 .debug_frame   0x00000000       0x34 C:\Users\Chirag\Desktop\Oled\Atmel\Oled\Oled\ArduinoCore\Debug\libArduinoCore.a(abi.o)
 .text          0x00000000        0x0 C:\Users\Chirag\Desktop\Oled\Atmel\Oled\Oled\ArduinoCore\Debug\libArduinoCore.a(hooks.o)
 .data          0x00000000        0x0 C:\Users\Chirag\Desktop\Oled\Atmel\Oled\Oled\ArduinoCore\Debug\libArduinoCore.a(hooks.o)
 .bss           0x00000000        0x0 C:\Users\Chirag\Desktop\Oled\Atmel\Oled\Oled\ArduinoCore\Debug\libArduinoCore.a(hooks.o)
 .text          0x00000000        0x0 C:\Users\Chirag\Desktop\Oled\Atmel\Oled\Oled\ArduinoCore\Debug\libArduinoCore.a(wiring_digital.o)
 .data          0x00000000        0x0 C:\Users\Chirag\Desktop\Oled\Atmel\Oled\Oled\ArduinoCore\Debug\libArduinoCore.a(wiring_digital.o)
 .bss           0x00000000        0x0 C:\Users\Chirag\Desktop\Oled\Atmel\Oled\Oled\ArduinoCore\Debug\libArduinoCore.a(wiring_digital.o)
 .text.pinMode  0x00000000       0x78 C:\Users\Chirag\Desktop\Oled\Atmel\Oled\Oled\ArduinoCore\Debug\libArduinoCore.a(wiring_digital.o)
 .text.digitalRead
                0x00000000       0x52 C:\Users\Chirag\Desktop\Oled\Atmel\Oled\Oled\ArduinoCore\Debug\libArduinoCore.a(wiring_digital.o)
 .progmem.data.port_to_input_PGM
                0x00000000        0xa C:\Users\Chirag\Desktop\Oled\Atmel\Oled\Oled\ArduinoCore\Debug\libArduinoCore.a(wiring_digital.o)
 .progmem.data.port_to_mode_PGM
                0x00000000        0xa C:\Users\Chirag\Desktop\Oled\Atmel\Oled\Oled\ArduinoCore\Debug\libArduinoCore.a(wiring_digital.o)
 .text          0x00000000        0x0 C:\Users\Chirag\Desktop\Oled\Atmel\Oled\Oled\ArduinoCore\Debug\libArduinoCore.a(twi.o)
 .data          0x00000000        0x0 C:\Users\Chirag\Desktop\Oled\Atmel\Oled\Oled\ArduinoCore\Debug\libArduinoCore.a(twi.o)
 .bss           0x00000000        0x0 C:\Users\Chirag\Desktop\Oled\Atmel\Oled\Oled\ArduinoCore\Debug\libArduinoCore.a(twi.o)
 .text.twi_disable
                0x00000000       0x1a C:\Users\Chirag\Desktop\Oled\Atmel\Oled\Oled\ArduinoCore\Debug\libArduinoCore.a(twi.o)
 .text.twi_setAddress
                0x00000000        0x8 C:\Users\Chirag\Desktop\Oled\Atmel\Oled\Oled\ArduinoCore\Debug\libArduinoCore.a(twi.o)
 .text.twi_setFrequency
                0x00000000       0x28 C:\Users\Chirag\Desktop\Oled\Atmel\Oled\Oled\ArduinoCore\Debug\libArduinoCore.a(twi.o)
 .text.twi_readFrom
                0x00000000       0x90 C:\Users\Chirag\Desktop\Oled\Atmel\Oled\Oled\ArduinoCore\Debug\libArduinoCore.a(twi.o)
 .text.twi_attachSlaveRxEvent
                0x00000000        0xa C:\Users\Chirag\Desktop\Oled\Atmel\Oled\Oled\ArduinoCore\Debug\libArduinoCore.a(twi.o)
 .text.twi_attachSlaveTxEvent
                0x00000000        0xa C:\Users\Chirag\Desktop\Oled\Atmel\Oled\Oled\ArduinoCore\Debug\libArduinoCore.a(twi.o)
 .text.twi_reply
                0x00000000       0x10 C:\Users\Chirag\Desktop\Oled\Atmel\Oled\Oled\ArduinoCore\Debug\libArduinoCore.a(twi.o)
 .text          0x00000000        0x0 c:/program files (x86)/atmel/studio/7.0/toolchain/avr8/avr8-gnu-toolchain/bin/../lib/gcc/avr/5.4.0/../../../../avr/lib/avr5\libm.a(addsf3.o)
 .data          0x00000000        0x0 c:/program files (x86)/atmel/studio/7.0/toolchain/avr8/avr8-gnu-toolchain/bin/../lib/gcc/avr/5.4.0/../../../../avr/lib/avr5\libm.a(addsf3.o)
 .bss           0x00000000        0x0 c:/program files (x86)/atmel/studio/7.0/toolchain/avr8/avr8-gnu-toolchain/bin/../lib/gcc/avr/5.4.0/../../../../avr/lib/avr5\libm.a(addsf3.o)
 .text.avr-libc.fplib
                0x00000000        0xe c:/program files (x86)/atmel/studio/7.0/toolchain/avr8/avr8-gnu-toolchain/bin/../lib/gcc/avr/5.4.0/../../../../avr/lib/avr5\libm.a(addsf3.o)
 .text          0x00000000        0x0 c:/program files (x86)/atmel/studio/7.0/toolchain/avr8/avr8-gnu-toolchain/bin/../lib/gcc/avr/5.4.0/../../../../avr/lib/avr5\libm.a(addsf3x.o)
 .data          0x00000000        0x0 c:/program files (x86)/atmel/studio/7.0/toolchain/avr8/avr8-gnu-toolchain/bin/../lib/gcc/avr/5.4.0/../../../../avr/lib/avr5\libm.a(addsf3x.o)
 .bss           0x00000000        0x0 c:/program files (x86)/atmel/studio/7.0/toolchain/avr8/avr8-gnu-toolchain/bin/../lib/gcc/avr/5.4.0/../../../../avr/lib/avr5\libm.a(addsf3x.o)
 .text.avr-libc.fplib
                0x00000000       0xcc c:/program files (x86)/atmel/studio/7.0/toolchain/avr8/avr8-gnu-toolchain/bin/../lib/gcc/avr/5.4.0/../../../../avr/lib/avr5\libm.a(addsf3x.o)
 .text          0x00000000        0x0 c:/program files (x86)/atmel/studio/7.0/toolchain/avr8/avr8-gnu-toolchain/bin/../lib/gcc/avr/5.4.0/../../../../avr/lib/avr5\libm.a(cmpsf2.o)
 .data          0x00000000        0x0 c:/program files (x86)/atmel/studio/7.0/toolchain/avr8/avr8-gnu-toolchain/bin/../lib/gcc/avr/5.4.0/../../../../avr/lib/avr5\libm.a(cmpsf2.o)
 .bss           0x00000000        0x0 c:/program files (x86)/atmel/studio/7.0/toolchain/avr8/avr8-gnu-toolchain/bin/../lib/gcc/avr/5.4.0/../../../../avr/lib/avr5\libm.a(cmpsf2.o)
 .text.avr-libc.fplib
                0x00000000        0xa c:/program files (x86)/atmel/studio/7.0/toolchain/avr8/avr8-gnu-toolchain/bin/../lib/gcc/avr/5.4.0/../../../../avr/lib/avr5\libm.a(cmpsf2.o)
 .text          0x00000000        0x0 c:/program files (x86)/atmel/studio/7.0/toolchain/avr8/avr8-gnu-toolchain/bin/../lib/gcc/avr/5.4.0/../../../../avr/lib/avr5\libm.a(divsf3.o)
 .data          0x00000000        0x0 c:/program files (x86)/atmel/studio/7.0/toolchain/avr8/avr8-gnu-toolchain/bin/../lib/gcc/avr/5.4.0/../../../../avr/lib/avr5\libm.a(divsf3.o)
 .bss           0x00000000        0x0 c:/program files (x86)/atmel/studio/7.0/toolchain/avr8/avr8-gnu-toolchain/bin/../lib/gcc/avr/5.4.0/../../../../avr/lib/avr5\libm.a(divsf3.o)
 .text.avr-libc.fplib
                0x00000000        0x8 c:/program files (x86)/atmel/studio/7.0/toolchain/avr8/avr8-gnu-toolchain/bin/../lib/gcc/avr/5.4.0/../../../../avr/lib/avr5\libm.a(divsf3.o)
 .text          0x00000000        0x0 c:/program files (x86)/atmel/studio/7.0/toolchain/avr8/avr8-gnu-toolchain/bin/../lib/gcc/avr/5.4.0/../../../../avr/lib/avr5\libm.a(divsf3x.o)
 .data          0x00000000        0x0 c:/program files (x86)/atmel/studio/7.0/toolchain/avr8/avr8-gnu-toolchain/bin/../lib/gcc/avr/5.4.0/../../../../avr/lib/avr5\libm.a(divsf3x.o)
 .bss           0x00000000        0x0 c:/program files (x86)/atmel/studio/7.0/toolchain/avr8/avr8-gnu-toolchain/bin/../lib/gcc/avr/5.4.0/../../../../avr/lib/avr5\libm.a(divsf3x.o)
 .text.avr-libc.fplib
                0x00000000       0xdc c:/program files (x86)/atmel/studio/7.0/toolchain/avr8/avr8-gnu-toolchain/bin/../lib/gcc/avr/5.4.0/../../../../avr/lib/avr5\libm.a(divsf3x.o)
 .text          0x00000000        0x0 c:/program files (x86)/atmel/studio/7.0/toolchain/avr8/avr8-gnu-toolchain/bin/../lib/gcc/avr/5.4.0/../../../../avr/lib/avr5\libm.a(fixunssfsi.o)
 .data          0x00000000        0x0 c:/program files (x86)/atmel/studio/7.0/toolchain/avr8/avr8-gnu-toolchain/bin/../lib/gcc/avr/5.4.0/../../../../avr/lib/avr5\libm.a(fixunssfsi.o)
 .bss           0x00000000        0x0 c:/program files (x86)/atmel/studio/7.0/toolchain/avr8/avr8-gnu-toolchain/bin/../lib/gcc/avr/5.4.0/../../../../avr/lib/avr5\libm.a(fixunssfsi.o)
 .text.avr-libc.fplib
                0x00000000       0x5e c:/program files (x86)/atmel/studio/7.0/toolchain/avr8/avr8-gnu-toolchain/bin/../lib/gcc/avr/5.4.0/../../../../avr/lib/avr5\libm.a(fixunssfsi.o)
 .text          0x00000000        0x0 c:/program files (x86)/atmel/studio/7.0/toolchain/avr8/avr8-gnu-toolchain/bin/../lib/gcc/avr/5.4.0/../../../../avr/lib/avr5\libm.a(floatsisf.o)
 .data          0x00000000        0x0 c:/program files (x86)/atmel/studio/7.0/toolchain/avr8/avr8-gnu-toolchain/bin/../lib/gcc/avr/5.4.0/../../../../avr/lib/avr5\libm.a(floatsisf.o)
 .bss           0x00000000        0x0 c:/program files (x86)/atmel/studio/7.0/toolchain/avr8/avr8-gnu-toolchain/bin/../lib/gcc/avr/5.4.0/../../../../avr/lib/avr5\libm.a(floatsisf.o)
 .text.avr-libc.fplib
                0x00000000       0x7a c:/program files (x86)/atmel/studio/7.0/toolchain/avr8/avr8-gnu-toolchain/bin/../lib/gcc/avr/5.4.0/../../../../avr/lib/avr5\libm.a(floatsisf.o)
 .text          0x00000000        0x0 c:/program files (x86)/atmel/studio/7.0/toolchain/avr8/avr8-gnu-toolchain/bin/../lib/gcc/avr/5.4.0/../../../../avr/lib/avr5\libm.a(fp_cmp.o)
 .data          0x00000000        0x0 c:/program files (x86)/atmel/studio/7.0/toolchain/avr8/avr8-gnu-toolchain/bin/../lib/gcc/avr/5.4.0/../../../../avr/lib/avr5\libm.a(fp_cmp.o)
 .bss           0x00000000        0x0 c:/program files (x86)/atmel/studio/7.0/toolchain/avr8/avr8-gnu-toolchain/bin/../lib/gcc/avr/5.4.0/../../../../avr/lib/avr5\libm.a(fp_cmp.o)
 .text.avr-libc.fplib
                0x00000000       0x48 c:/program files (x86)/atmel/studio/7.0/toolchain/avr8/avr8-gnu-toolchain/bin/../lib/gcc/avr/5.4.0/../../../../avr/lib/avr5\libm.a(fp_cmp.o)
 .text          0x00000000        0x0 c:/program files (x86)/atmel/studio/7.0/toolchain/avr8/avr8-gnu-toolchain/bin/../lib/gcc/avr/5.4.0/../../../../avr/lib/avr5\libm.a(fp_inf.o)
 .data          0x00000000        0x0 c:/program files (x86)/atmel/studio/7.0/toolchain/avr8/avr8-gnu-toolchain/bin/../lib/gcc/avr/5.4.0/../../../../avr/lib/avr5\libm.a(fp_inf.o)
 .bss           0x00000000        0x0 c:/program files (x86)/atmel/studio/7.0/toolchain/avr8/avr8-gnu-toolchain/bin/../lib/gcc/avr/5.4.0/../../../../avr/lib/avr5\libm.a(fp_inf.o)
 .text.avr-libc.fplib
                0x00000000        0xc c:/program files (x86)/atmel/studio/7.0/toolchain/avr8/avr8-gnu-toolchain/bin/../lib/gcc/avr/5.4.0/../../../../avr/lib/avr5\libm.a(fp_inf.o)
 .text          0x00000000        0x0 c:/program files (x86)/atmel/studio/7.0/toolchain/avr8/avr8-gnu-toolchain/bin/../lib/gcc/avr/5.4.0/../../../../avr/lib/avr5\libm.a(fp_nan.o)
 .data          0x00000000        0x0 c:/program files (x86)/atmel/studio/7.0/toolchain/avr8/avr8-gnu-toolchain/bin/../lib/gcc/avr/5.4.0/../../../../avr/lib/avr5\libm.a(fp_nan.o)
 .bss           0x00000000        0x0 c:/program files (x86)/atmel/studio/7.0/toolchain/avr8/avr8-gnu-toolchain/bin/../lib/gcc/avr/5.4.0/../../../../avr/lib/avr5\libm.a(fp_nan.o)
 .text.avr-libc.fplib
                0x00000000        0x6 c:/program files (x86)/atmel/studio/7.0/toolchain/avr8/avr8-gnu-toolchain/bin/../lib/gcc/avr/5.4.0/../../../../avr/lib/avr5\libm.a(fp_nan.o)
 .text          0x00000000        0x0 c:/program files (x86)/atmel/studio/7.0/toolchain/avr8/avr8-gnu-toolchain/bin/../lib/gcc/avr/5.4.0/../../../../avr/lib/avr5\libm.a(fp_pscA.o)
 .data          0x00000000        0x0 c:/program files (x86)/atmel/studio/7.0/toolchain/avr8/avr8-gnu-toolchain/bin/../lib/gcc/avr/5.4.0/../../../../avr/lib/avr5\libm.a(fp_pscA.o)
 .bss           0x00000000        0x0 c:/program files (x86)/atmel/studio/7.0/toolchain/avr8/avr8-gnu-toolchain/bin/../lib/gcc/avr/5.4.0/../../../../avr/lib/avr5\libm.a(fp_pscA.o)
 .text.avr-libc.fplib
                0x00000000        0xe c:/program files (x86)/atmel/studio/7.0/toolchain/avr8/avr8-gnu-toolchain/bin/../lib/gcc/avr/5.4.0/../../../../avr/lib/avr5\libm.a(fp_pscA.o)
 .text          0x00000000        0x0 c:/program files (x86)/atmel/studio/7.0/toolchain/avr8/avr8-gnu-toolchain/bin/../lib/gcc/avr/5.4.0/../../../../avr/lib/avr5\libm.a(fp_pscB.o)
 .data          0x00000000        0x0 c:/program files (x86)/atmel/studio/7.0/toolchain/avr8/avr8-gnu-toolchain/bin/../lib/gcc/avr/5.4.0/../../../../avr/lib/avr5\libm.a(fp_pscB.o)
 .bss           0x00000000        0x0 c:/program files (x86)/atmel/studio/7.0/toolchain/avr8/avr8-gnu-toolchain/bin/../lib/gcc/avr/5.4.0/../../../../avr/lib/avr5\libm.a(fp_pscB.o)
 .text.avr-libc.fplib
                0x00000000        0xe c:/program files (x86)/atmel/studio/7.0/toolchain/avr8/avr8-gnu-toolchain/bin/../lib/gcc/avr/5.4.0/../../../../avr/lib/avr5\libm.a(fp_pscB.o)
 .text          0x00000000        0x0 c:/program files (x86)/atmel/studio/7.0/toolchain/avr8/avr8-gnu-toolchain/bin/../lib/gcc/avr/5.4.0/../../../../avr/lib/avr5\libm.a(fp_round.o)
 .data          0x00000000        0x0 c:/program files (x86)/atmel/studio/7.0/toolchain/avr8/avr8-gnu-toolchain/bin/../lib/gcc/avr/5.4.0/../../../../avr/lib/avr5\libm.a(fp_round.o)
 .bss           0x00000000        0x0 c:/program files (x86)/atmel/studio/7.0/toolchain/avr8/avr8-gnu-toolchain/bin/../lib/gcc/avr/5.4.0/../../../../avr/lib/avr5\libm.a(fp_round.o)
 .text.avr-libc.fplib
                0x00000000       0x22 c:/program files (x86)/atmel/studio/7.0/toolchain/avr8/avr8-gnu-toolchain/bin/../lib/gcc/avr/5.4.0/../../../../avr/lib/avr5\libm.a(fp_round.o)
 .text          0x00000000        0x0 c:/program files (x86)/atmel/studio/7.0/toolchain/avr8/avr8-gnu-toolchain/bin/../lib/gcc/avr/5.4.0/../../../../avr/lib/avr5\libm.a(fp_split3.o)
 .data          0x00000000        0x0 c:/program files (x86)/atmel/studio/7.0/toolchain/avr8/avr8-gnu-toolchain/bin/../lib/gcc/avr/5.4.0/../../../../avr/lib/avr5\libm.a(fp_split3.o)
 .bss           0x00000000        0x0 c:/program files (x86)/atmel/studio/7.0/toolchain/avr8/avr8-gnu-toolchain/bin/../lib/gcc/avr/5.4.0/../../../../avr/lib/avr5\libm.a(fp_split3.o)
 .text.avr-libc.fplib
                0x00000000       0x44 c:/program files (x86)/atmel/studio/7.0/toolchain/avr8/avr8-gnu-toolchain/bin/../lib/gcc/avr/5.4.0/../../../../avr/lib/avr5\libm.a(fp_split3.o)
 .text          0x00000000        0x0 c:/program files (x86)/atmel/studio/7.0/toolchain/avr8/avr8-gnu-toolchain/bin/../lib/gcc/avr/5.4.0/../../../../avr/lib/avr5\libm.a(fp_zero.o)
 .data          0x00000000        0x0 c:/program files (x86)/atmel/studio/7.0/toolchain/avr8/avr8-gnu-toolchain/bin/../lib/gcc/avr/5.4.0/../../../../avr/lib/avr5\libm.a(fp_zero.o)
 .bss           0x00000000        0x0 c:/program files (x86)/atmel/studio/7.0/toolchain/avr8/avr8-gnu-toolchain/bin/../lib/gcc/avr/5.4.0/../../../../avr/lib/avr5\libm.a(fp_zero.o)
 .text.avr-libc.fplib
                0x00000000        0xe c:/program files (x86)/atmel/studio/7.0/toolchain/avr8/avr8-gnu-toolchain/bin/../lib/gcc/avr/5.4.0/../../../../avr/lib/avr5\libm.a(fp_zero.o)
 .text          0x00000000        0x0 c:/program files (x86)/atmel/studio/7.0/toolchain/avr8/avr8-gnu-toolchain/bin/../lib/gcc/avr/5.4.0/../../../../avr/lib/avr5\libm.a(gesf2.o)
 .data          0x00000000        0x0 c:/program files (x86)/atmel/studio/7.0/toolchain/avr8/avr8-gnu-toolchain/bin/../lib/gcc/avr/5.4.0/../../../../avr/lib/avr5\libm.a(gesf2.o)
 .bss           0x00000000        0x0 c:/program files (x86)/atmel/studio/7.0/toolchain/avr8/avr8-gnu-toolchain/bin/../lib/gcc/avr/5.4.0/../../../../avr/lib/avr5\libm.a(gesf2.o)
 .text.avr-libc.fplib
                0x00000000        0xa c:/program files (x86)/atmel/studio/7.0/toolchain/avr8/avr8-gnu-toolchain/bin/../lib/gcc/avr/5.4.0/../../../../avr/lib/avr5\libm.a(gesf2.o)
 .text          0x00000000        0x0 c:/program files (x86)/atmel/studio/7.0/toolchain/avr8/avr8-gnu-toolchain/bin/../lib/gcc/avr/5.4.0/../../../../avr/lib/avr5\libm.a(mulsf3.o)
 .data          0x00000000        0x0 c:/program files (x86)/atmel/studio/7.0/toolchain/avr8/avr8-gnu-toolchain/bin/../lib/gcc/avr/5.4.0/../../../../avr/lib/avr5\libm.a(mulsf3.o)
 .bss           0x00000000        0x0 c:/program files (x86)/atmel/studio/7.0/toolchain/avr8/avr8-gnu-toolchain/bin/../lib/gcc/avr/5.4.0/../../../../avr/lib/avr5\libm.a(mulsf3.o)
 .text.avr-libc.fplib
                0x00000000        0x8 c:/program files (x86)/atmel/studio/7.0/toolchain/avr8/avr8-gnu-toolchain/bin/../lib/gcc/avr/5.4.0/../../../../avr/lib/avr5\libm.a(mulsf3.o)
 .text          0x00000000        0x0 c:/program files (x86)/atmel/studio/7.0/toolchain/avr8/avr8-gnu-toolchain/bin/../lib/gcc/avr/5.4.0/../../../../avr/lib/avr5\libm.a(mulsf3x.o)
 .data          0x00000000        0x0 c:/program files (x86)/atmel/studio/7.0/toolchain/avr8/avr8-gnu-toolchain/bin/../lib/gcc/avr/5.4.0/../../../../avr/lib/avr5\libm.a(mulsf3x.o)
 .bss           0x00000000        0x0 c:/program files (x86)/atmel/studio/7.0/toolchain/avr8/avr8-gnu-toolchain/bin/../lib/gcc/avr/5.4.0/../../../../avr/lib/avr5\libm.a(mulsf3x.o)
 .text.avr-libc.fplib
                0x00000000       0xd2 c:/program files (x86)/atmel/studio/7.0/toolchain/avr8/avr8-gnu-toolchain/bin/../lib/gcc/avr/5.4.0/../../../../avr/lib/avr5\libm.a(mulsf3x.o)
 .text          0x00000000        0x0 c:/program files (x86)/atmel/studio/7.0/toolchain/avr8/avr8-gnu-toolchain/bin/../lib/gcc/avr/5.4.0/../../../../avr/lib/avr5\libm.a(unordsf2.o)
 .data          0x00000000        0x0 c:/program files (x86)/atmel/studio/7.0/toolchain/avr8/avr8-gnu-toolchain/bin/../lib/gcc/avr/5.4.0/../../../../avr/lib/avr5\libm.a(unordsf2.o)
 .bss           0x00000000        0x0 c:/program files (x86)/atmel/studio/7.0/toolchain/avr8/avr8-gnu-toolchain/bin/../lib/gcc/avr/5.4.0/../../../../avr/lib/avr5\libm.a(unordsf2.o)
 .text.avr-libc.fplib
                0x00000000        0xa c:/program files (x86)/atmel/studio/7.0/toolchain/avr8/avr8-gnu-toolchain/bin/../lib/gcc/avr/5.4.0/../../../../avr/lib/avr5\libm.a(unordsf2.o)
 .text          0x00000000        0x0 c:/program files (x86)/atmel/studio/7.0/toolchain/avr8/avr8-gnu-toolchain/bin/../lib/gcc/avr/5.4.0/avr5\libgcc.a(_udivmodsi4.o)
 .data          0x00000000        0x0 c:/program files (x86)/atmel/studio/7.0/toolchain/avr8/avr8-gnu-toolchain/bin/../lib/gcc/avr/5.4.0/avr5\libgcc.a(_udivmodsi4.o)
 .bss           0x00000000        0x0 c:/program files (x86)/atmel/studio/7.0/toolchain/avr8/avr8-gnu-toolchain/bin/../lib/gcc/avr/5.4.0/avr5\libgcc.a(_udivmodsi4.o)
 .text.libgcc.mul
                0x00000000        0x0 c:/program files (x86)/atmel/studio/7.0/toolchain/avr8/avr8-gnu-toolchain/bin/../lib/gcc/avr/5.4.0/avr5\libgcc.a(_udivmodsi4.o)
 .text.libgcc.div
                0x00000000       0x44 c:/program files (x86)/atmel/studio/7.0/toolchain/avr8/avr8-gnu-toolchain/bin/../lib/gcc/avr/5.4.0/avr5\libgcc.a(_udivmodsi4.o)
 .text.libgcc   0x00000000        0x0 c:/program files (x86)/atmel/studio/7.0/toolchain/avr8/avr8-gnu-toolchain/bin/../lib/gcc/avr/5.4.0/avr5\libgcc.a(_udivmodsi4.o)
 .text.libgcc.prologue
                0x00000000        0x0 c:/program files (x86)/atmel/studio/7.0/toolchain/avr8/avr8-gnu-toolchain/bin/../lib/gcc/avr/5.4.0/avr5\libgcc.a(_udivmodsi4.o)
 .text.libgcc.builtins
                0x00000000        0x0 c:/program files (x86)/atmel/studio/7.0/toolchain/avr8/avr8-gnu-toolchain/bin/../lib/gcc/avr/5.4.0/avr5\libgcc.a(_udivmodsi4.o)
 .text.libgcc.fmul
                0x00000000        0x0 c:/program files (x86)/atmel/studio/7.0/toolchain/avr8/avr8-gnu-toolchain/bin/../lib/gcc/avr/5.4.0/avr5\libgcc.a(_udivmodsi4.o)
 .text.libgcc.fixed
                0x00000000        0x0 c:/program files (x86)/atmel/studio/7.0/toolchain/avr8/avr8-gnu-toolchain/bin/../lib/gcc/avr/5.4.0/avr5\libgcc.a(_udivmodsi4.o)
 .text          0x00000000        0x0 c:/program files (x86)/atmel/studio/7.0/toolchain/avr8/avr8-gnu-toolchain/bin/../lib/gcc/avr/5.4.0/avr5\libgcc.a(_exit.o)
 .data          0x00000000        0x0 c:/program files (x86)/atmel/studio/7.0/toolchain/avr8/avr8-gnu-toolchain/bin/../lib/gcc/avr/5.4.0/avr5\libgcc.a(_exit.o)
 .bss           0x00000000        0x0 c:/program files (x86)/atmel/studio/7.0/toolchain/avr8/avr8-gnu-toolchain/bin/../lib/gcc/avr/5.4.0/avr5\libgcc.a(_exit.o)
 .text.libgcc.mul
                0x00000000        0x0 c:/program files (x86)/atmel/studio/7.0/toolchain/avr8/avr8-gnu-toolchain/bin/../lib/gcc/avr/5.4.0/avr5\libgcc.a(_exit.o)
 .text.libgcc.div
                0x00000000        0x0 c:/program files (x86)/atmel/studio/7.0/toolchain/avr8/avr8-gnu-toolchain/bin/../lib/gcc/avr/5.4.0/avr5\libgcc.a(_exit.o)
 .text.libgcc   0x00000000        0x0 c:/program files (x86)/atmel/studio/7.0/toolchain/avr8/avr8-gnu-toolchain/bin/../lib/gcc/avr/5.4.0/avr5\libgcc.a(_exit.o)
 .text.libgcc.prologue
                0x00000000        0x0 c:/program files (x86)/atmel/studio/7.0/toolchain/avr8/avr8-gnu-toolchain/bin/../lib/gcc/avr/5.4.0/avr5\libgcc.a(_exit.o)
 .text.libgcc.builtins
                0x00000000        0x0 c:/program files (x86)/atmel/studio/7.0/toolchain/avr8/avr8-gnu-toolchain/bin/../lib/gcc/avr/5.4.0/avr5\libgcc.a(_exit.o)
 .text.libgcc.fmul
                0x00000000        0x0 c:/program files (x86)/atmel/studio/7.0/toolchain/avr8/avr8-gnu-toolchain/bin/../lib/gcc/avr/5.4.0/avr5\libgcc.a(_exit.o)
 .text.libgcc.fixed
                0x00000000        0x0 c:/program files (x86)/atmel/studio/7.0/toolchain/avr8/avr8-gnu-toolchain/bin/../lib/gcc/avr/5.4.0/avr5\libgcc.a(_exit.o)
 .text          0x00000000        0x0 c:/program files (x86)/atmel/studio/7.0/toolchain/avr8/avr8-gnu-toolchain/bin/../lib/gcc/avr/5.4.0/avr5\libgcc.a(_copy_data.o)
 .data          0x00000000        0x0 c:/program files (x86)/atmel/studio/7.0/toolchain/avr8/avr8-gnu-toolchain/bin/../lib/gcc/avr/5.4.0/avr5\libgcc.a(_copy_data.o)
 .bss           0x00000000        0x0 c:/program files (x86)/atmel/studio/7.0/toolchain/avr8/avr8-gnu-toolchain/bin/../lib/gcc/avr/5.4.0/avr5\libgcc.a(_copy_data.o)
 .text.libgcc.mul
                0x00000000        0x0 c:/program files (x86)/atmel/studio/7.0/toolchain/avr8/avr8-gnu-toolchain/bin/../lib/gcc/avr/5.4.0/avr5\libgcc.a(_copy_data.o)
 .text.libgcc.div
                0x00000000        0x0 c:/program files (x86)/atmel/studio/7.0/toolchain/avr8/avr8-gnu-toolchain/bin/../lib/gcc/avr/5.4.0/avr5\libgcc.a(_copy_data.o)
 .text.libgcc   0x00000000        0x0 c:/program files (x86)/atmel/studio/7.0/toolchain/avr8/avr8-gnu-toolchain/bin/../lib/gcc/avr/5.4.0/avr5\libgcc.a(_copy_data.o)
 .text.libgcc.prologue
                0x00000000        0x0 c:/program files (x86)/atmel/studio/7.0/toolchain/avr8/avr8-gnu-toolchain/bin/../lib/gcc/avr/5.4.0/avr5\libgcc.a(_copy_data.o)
 .text.libgcc.builtins
                0x00000000        0x0 c:/program files (x86)/atmel/studio/7.0/toolchain/avr8/avr8-gnu-toolchain/bin/../lib/gcc/avr/5.4.0/avr5\libgcc.a(_copy_data.o)
 .text.libgcc.fmul
                0x00000000        0x0 c:/program files (x86)/atmel/studio/7.0/toolchain/avr8/avr8-gnu-toolchain/bin/../lib/gcc/avr/5.4.0/avr5\libgcc.a(_copy_data.o)
 .text.libgcc.fixed
                0x00000000        0x0 c:/program files (x86)/atmel/studio/7.0/toolchain/avr8/avr8-gnu-toolchain/bin/../lib/gcc/avr/5.4.0/avr5\libgcc.a(_copy_data.o)
 .text          0x00000000        0x0 c:/program files (x86)/atmel/studio/7.0/toolchain/avr8/avr8-gnu-toolchain/bin/../lib/gcc/avr/5.4.0/avr5\libgcc.a(_clear_bss.o)
 .data          0x00000000        0x0 c:/program files (x86)/atmel/studio/7.0/toolchain/avr8/avr8-gnu-toolchain/bin/../lib/gcc/avr/5.4.0/avr5\libgcc.a(_clear_bss.o)
 .bss           0x00000000        0x0 c:/program files (x86)/atmel/studio/7.0/toolchain/avr8/avr8-gnu-toolchain/bin/../lib/gcc/avr/5.4.0/avr5\libgcc.a(_clear_bss.o)
 .text.libgcc.mul
                0x00000000        0x0 c:/program files (x86)/atmel/studio/7.0/toolchain/avr8/avr8-gnu-toolchain/bin/../lib/gcc/avr/5.4.0/avr5\libgcc.a(_clear_bss.o)
 .text.libgcc.div
                0x00000000        0x0 c:/program files (x86)/atmel/studio/7.0/toolchain/avr8/avr8-gnu-toolchain/bin/../lib/gcc/avr/5.4.0/avr5\libgcc.a(_clear_bss.o)
 .text.libgcc   0x00000000        0x0 c:/program files (x86)/atmel/studio/7.0/toolchain/avr8/avr8-gnu-toolchain/bin/../lib/gcc/avr/5.4.0/avr5\libgcc.a(_clear_bss.o)
 .text.libgcc.prologue
                0x00000000        0x0 c:/program files (x86)/atmel/studio/7.0/toolchain/avr8/avr8-gnu-toolchain/bin/../lib/gcc/avr/5.4.0/avr5\libgcc.a(_clear_bss.o)
 .text.libgcc.builtins
                0x00000000        0x0 c:/program files (x86)/atmel/studio/7.0/toolchain/avr8/avr8-gnu-toolchain/bin/../lib/gcc/avr/5.4.0/avr5\libgcc.a(_clear_bss.o)
 .text.libgcc.fmul
                0x00000000        0x0 c:/program files (x86)/atmel/studio/7.0/toolchain/avr8/avr8-gnu-toolchain/bin/../lib/gcc/avr/5.4.0/avr5\libgcc.a(_clear_bss.o)
 .text.libgcc.fixed
                0x00000000        0x0 c:/program files (x86)/atmel/studio/7.0/toolchain/avr8/avr8-gnu-toolchain/bin/../lib/gcc/avr/5.4.0/avr5\libgcc.a(_clear_bss.o)
 .text          0x00000000        0x0 c:/program files (x86)/atmel/studio/7.0/toolchain/avr8/avr8-gnu-toolchain/bin/../lib/gcc/avr/5.4.0/avr5\libgcc.a(_ctors.o)
 .data          0x00000000        0x0 c:/program files (x86)/atmel/studio/7.0/toolchain/avr8/avr8-gnu-toolchain/bin/../lib/gcc/avr/5.4.0/avr5\libgcc.a(_ctors.o)
 .bss           0x00000000        0x0 c:/program files (x86)/atmel/studio/7.0/toolchain/avr8/avr8-gnu-toolchain/bin/../lib/gcc/avr/5.4.0/avr5\libgcc.a(_ctors.o)
 .text.libgcc.mul
                0x00000000        0x0 c:/program files (x86)/atmel/studio/7.0/toolchain/avr8/avr8-gnu-toolchain/bin/../lib/gcc/avr/5.4.0/avr5\libgcc.a(_ctors.o)
 .text.libgcc.div
                0x00000000        0x0 c:/program files (x86)/atmel/studio/7.0/toolchain/avr8/avr8-gnu-toolchain/bin/../lib/gcc/avr/5.4.0/avr5\libgcc.a(_ctors.o)
 .text.libgcc   0x00000000        0x0 c:/program files (x86)/atmel/studio/7.0/toolchain/avr8/avr8-gnu-toolchain/bin/../lib/gcc/avr/5.4.0/avr5\libgcc.a(_ctors.o)
 .text.libgcc.prologue
                0x00000000        0x0 c:/program files (x86)/atmel/studio/7.0/toolchain/avr8/avr8-gnu-toolchain/bin/../lib/gcc/avr/5.4.0/avr5\libgcc.a(_ctors.o)
 .text.libgcc.builtins
                0x00000000        0x0 c:/program files (x86)/atmel/studio/7.0/toolchain/avr8/avr8-gnu-toolchain/bin/../lib/gcc/avr/5.4.0/avr5\libgcc.a(_ctors.o)
 .text.libgcc.fmul
                0x00000000        0x0 c:/program files (x86)/atmel/studio/7.0/toolchain/avr8/avr8-gnu-toolchain/bin/../lib/gcc/avr/5.4.0/avr5\libgcc.a(_ctors.o)
 .text.libgcc.fixed
                0x00000000        0x0 c:/program files (x86)/atmel/studio/7.0/toolchain/avr8/avr8-gnu-toolchain/bin/../lib/gcc/avr/5.4.0/avr5\libgcc.a(_ctors.o)
 .text          0x00000000        0x0 c:/program files (x86)/atmel/studio/7.0/toolchain/avr8/avr8-gnu-toolchain/bin/../lib/gcc/avr/5.4.0/avr5\libgcc.a(_tablejump2.o)
 .data          0x00000000        0x0 c:/program files (x86)/atmel/studio/7.0/toolchain/avr8/avr8-gnu-toolchain/bin/../lib/gcc/avr/5.4.0/avr5\libgcc.a(_tablejump2.o)
 .bss           0x00000000        0x0 c:/program files (x86)/atmel/studio/7.0/toolchain/avr8/avr8-gnu-toolchain/bin/../lib/gcc/avr/5.4.0/avr5\libgcc.a(_tablejump2.o)
 .text.libgcc.mul
                0x00000000        0x0 c:/program files (x86)/atmel/studio/7.0/toolchain/avr8/avr8-gnu-toolchain/bin/../lib/gcc/avr/5.4.0/avr5\libgcc.a(_tablejump2.o)
 .text.libgcc.div
                0x00000000        0x0 c:/program files (x86)/atmel/studio/7.0/toolchain/avr8/avr8-gnu-toolchain/bin/../lib/gcc/avr/5.4.0/avr5\libgcc.a(_tablejump2.o)
 .text.libgcc.prologue
                0x00000000        0x0 c:/program files (x86)/atmel/studio/7.0/toolchain/avr8/avr8-gnu-toolchain/bin/../lib/gcc/avr/5.4.0/avr5\libgcc.a(_tablejump2.o)
 .text.libgcc.builtins
                0x00000000        0x0 c:/program files (x86)/atmel/studio/7.0/toolchain/avr8/avr8-gnu-toolchain/bin/../lib/gcc/avr/5.4.0/avr5\libgcc.a(_tablejump2.o)
 .text.libgcc.fmul
                0x00000000        0x0 c:/program files (x86)/atmel/studio/7.0/toolchain/avr8/avr8-gnu-toolchain/bin/../lib/gcc/avr/5.4.0/avr5\libgcc.a(_tablejump2.o)
 .text.libgcc.fixed
                0x00000000        0x0 c:/program files (x86)/atmel/studio/7.0/toolchain/avr8/avr8-gnu-toolchain/bin/../lib/gcc/avr/5.4.0/avr5\libgcc.a(_tablejump2.o)
 .text          0x00000000        0x0 c:/program files (x86)/atmel/studio/7.0/toolchain/avr8/avr8-gnu-toolchain/bin/../lib/gcc/avr/5.4.0/../../../../avr/lib/avr5\libc.a(abort.o)
 .data          0x00000000        0x0 c:/program files (x86)/atmel/studio/7.0/toolchain/avr8/avr8-gnu-toolchain/bin/../lib/gcc/avr/5.4.0/../../../../avr/lib/avr5\libc.a(abort.o)
 .bss           0x00000000        0x0 c:/program files (x86)/atmel/studio/7.0/toolchain/avr8/avr8-gnu-toolchain/bin/../lib/gcc/avr/5.4.0/../../../../avr/lib/avr5\libc.a(abort.o)
 .text.avr-libc
                0x00000000        0xa c:/program files (x86)/atmel/studio/7.0/toolchain/avr8/avr8-gnu-toolchain/bin/../lib/gcc/avr/5.4.0/../../../../avr/lib/avr5\libc.a(abort.o)

Memory Configuration

Name             Origin             Length             Attributes
text             0x00000000         0x00020000         xr
data             0x00800060         0x0000ffa0         rw !x
eeprom           0x00810000         0x00010000         rw !x
fuse             0x00820000         0x00000003         rw !x
lock             0x00830000         0x00000400         rw !x
signature        0x00840000         0x00000400         rw !x
user_signatures  0x00850000         0x00000400         rw !x
*default*        0x00000000         0xffffffff

Linker script and memory map

Address of section .data set to 0x800100
LOAD C:/Program Files (x86)/Atmel/Studio/7.0/Packs/atmel/ATmega_DFP/1.2.150/gcc/dev/atmega328p/avr5/crtatmega328p.o
LOAD Sketch.o
START GROUP
LOAD c:/program files (x86)/atmel/studio/7.0/toolchain/avr8/avr8-gnu-toolchain/bin/../lib/gcc/avr/5.4.0/../../../../avr/lib/avr5\libm.a
LOAD C:\Users\Chirag\Desktop\Oled\Atmel\Oled\Oled\ArduinoCore\Debug\libArduinoCore.a
END GROUP
LOAD c:/program files (x86)/atmel/studio/7.0/toolchain/avr8/avr8-gnu-toolchain/bin/../lib/gcc/avr/5.4.0/avr5\libgcc.a
LOAD c:/program files (x86)/atmel/studio/7.0/toolchain/avr8/avr8-gnu-toolchain/bin/../lib/gcc/avr/5.4.0/../../../../avr/lib/avr5\libm.a
START GROUP
LOAD c:/program files (x86)/atmel/studio/7.0/toolchain/avr8/avr8-gnu-toolchain/bin/../lib/gcc/avr/5.4.0/avr5\libgcc.a
LOAD c:/program files (x86)/atmel/studio/7.0/toolchain/avr8/avr8-gnu-toolchain/bin/../lib/gcc/avr/5.4.0/../../../../avr/lib/avr5\libm.a
LOAD c:/program files (x86)/atmel/studio/7.0/toolchain/avr8/avr8-gnu-toolchain/bin/../lib/gcc/avr/5.4.0/../../../../avr/lib/avr5\libc.a
LOAD C:/Program Files (x86)/Atmel/Studio/7.0/Packs/atmel/ATmega_DFP/1.2.150/gcc/dev/atmega328p/avr5\libatmega328p.a
END GROUP
                0x00020000                __TEXT_REGION_LENGTH__ = DEFINED (__TEXT_REGION_LENGTH__)?__TEXT_REGION_LENGTH__:0x20000
                0x0000ffa0                __DATA_REGION_LENGTH__ = DEFINED (__DATA_REGION_LENGTH__)?__DATA_REGION_LENGTH__:0xffa0
                0x00010000                __EEPROM_REGION_LENGTH__ = DEFINED (__EEPROM_REGION_LENGTH__)?__EEPROM_REGION_LENGTH__:0x10000
                [0x00000003]                __FUSE_REGION_LENGTH__ = DEFINED (__FUSE_REGION_LENGTH__)?__FUSE_REGION_LENGTH__:0x400
                0x00000400                __LOCK_REGION_LENGTH__ = DEFINED (__LOCK_REGION_LENGTH__)?__LOCK_REGION_LENGTH__:0x400
                0x00000400                __SIGNATURE_REGION_LENGTH__ = DEFINED (__SIGNATURE_REGION_LENGTH__)?__SIGNATURE_REGION_LENGTH__:0x400
                0x00000400                __USER_SIGNATURE_REGION_LENGTH__ = DEFINED (__USER_SIGNATURE_REGION_LENGTH__)?__USER_SIGNATURE_REGION_LENGTH__:0x400

.hash
 *(.hash)

.dynsym
 *(.dynsym)

.dynstr
 *(.dynstr)

.gnu.version
 *(.gnu.version)

.gnu.version_d
 *(.gnu.version_d)

.gnu.version_r
 *(.gnu.version_r)

.rel.init
 *(.rel.init)

.rela.init
 *(.rela.init)

.rel.text
 *(.rel.text)
 *(.rel.text.*)
 *(.rel.gnu.linkonce.t*)

.rela.text
 *(.rela.text)
 *(.rela.text.*)
 *(.rela.gnu.linkonce.t*)

.rel.fini
 *(.rel.fini)

.rela.fini
 *(.rela.fini)

.rel.rodata
 *(.rel.rodata)
 *(.rel.rodata.*)
 *(.rel.gnu.linkonce.r*)

.rela.rodata
 *(.rela.rodata)
 *(.rela.rodata.*)
 *(.rela.gnu.linkonce.r*)

.rel.data
 *(.rel.data)
 *(.rel.data.*)
 *(.rel.gnu.linkonce.d*)

.rela.data
 *(.rela.data)
 *(.rela.data.*)
 *(.rela.gnu.linkonce.d*)

.rel.ctors
 *(.rel.ctors)

.rela.ctors
 *(.rela.ctors)

.rel.dtors
 *(.rel.dtors)

.rela.dtors
 *(.rela.dtors)

.rel.got
 *(.rel.got)

.rela.got
 *(.rela.got)

.rel.bss
 *(.rel.bss)

.rela.bss
 *(.rela.bss)

.rel.plt
 *(.rel.plt)

.rela.plt
 *(.rela.plt)

.text           0x00000000     0x792a
 *(.vectors)
 .vectors       0x00000000       0x68 C:/Program Files (x86)/Atmel/Studio/7.0/Packs/atmel/ATmega_DFP/1.2.150/gcc/dev/atmega328p/avr5/crtatmega328p.o
                0x00000000                __vector_default
                0x00000000                __vectors
 *(.vectors)
 *(.progmem.gcc*)
                0x00000068                . = ALIGN (0x2)
                0x00000068                __trampolines_start = .
 *(.trampolines)
 .trampolines   0x00000068        0x0 linker stubs
 *(.trampolines*)
                0x00000068                __trampolines_end = .
 *libprintf_flt.a:*(.progmem.data)
 *libc.a:*(.progmem.data)
 *(.progmem*)
 .progmem.data._ZL13utf8font10x16
                0x00000068      0x868 Sketch.o
 .progmem.data._ZL7font8x8
                0x000008d0      0x2fe Sketch.o
 .progmem.data._ZL15fixed_bold10x15
                0x00000bce      0x772 Sketch.o
 .progmem.data._ZL16Verdana12_italic
                0x00001340      0x4fe Sketch.o
 .progmem.data._ZL14Verdana12_bold
                0x0000183e      0x514 Sketch.o
 .progmem.data._ZL9Verdana12
                0x00001d52      0x49c Sketch.o
 .progmem.data._ZL22TimesNewRoman16_italic
                0x000021ee      0x5be Sketch.o
 .progmem.data._ZL20TimesNewRoman16_bold
                0x000027ac      0x5de Sketch.o
 .progmem.data._ZL15TimesNewRoman16
                0x00002d8a      0x582 Sketch.o
 .progmem.data._ZL10Callibri15
                0x0000330c      0x4ac Sketch.o
 .progmem.data._ZL17Callibri11_italic
                0x000037b8      0x406 Sketch.o
 .progmem.data._ZL15Callibri11_bold
                0x00003bbe      0x40c Sketch.o
 .progmem.data._ZL10Callibri11
                0x00003fca      0x3d2 Sketch.o
 .progmem.data._ZL10Corsiva_12
                0x0000439c      0x45e Sketch.o
 .progmem.data._ZL13Arial_bold_14
                0x000047fa      0x534 Sketch.o
 .progmem.data._ZL7Arial14
                0x00004d2e      0x4b4 Sketch.o
 .progmem.data._ZL7Iain5x7
                0x000051e2      0x1b7 Sketch.o
 .progmem.data._ZL9System5x7
                0x00005399      0x1eb Sketch.o
 .progmem.data._ZL12ZevvPeep8x16
                0x00005584      0x546 Sketch.o
 .progmem.data._ZL13X11fixed7x14B
                0x00005aca      0x486 Sketch.o
 .progmem.data._ZL12X11fixed7x14
                0x00005f50      0x486 Sketch.o
 .progmem.data._ZL8Stang5x7
                0x000063d6      0x1e6 Sketch.o
 .progmem.data._ZL6lcd5x7
                0x000065bc      0x1e6 Sketch.o
 .progmem.data._ZL7font5x7
                0x000067a2      0x1e6 Sketch.o
 .progmem.data._ZL14Adafruit128x64
                0x00006988        0x6 Sketch.o
 .progmem.data._ZL18Adafruit128x64init
                0x0000698e       0x19 Sketch.o
 .progmem.data._ZL12scaledNibble
                0x000069a7       0x10 C:\Users\Chirag\Desktop\Oled\Atmel\Oled\Oled\ArduinoCore\Debug\libArduinoCore.a(SSD1306Ascii.o)
 .progmem.data.digital_pin_to_timer_PGM
                0x000069b7       0x14 C:\Users\Chirag\Desktop\Oled\Atmel\Oled\Oled\ArduinoCore\Debug\libArduinoCore.a(wiring_digital.o)
                0x000069b7                digital_pin_to_timer_PGM
 .progmem.data.digital_pin_to_bit_mask_PGM
                0x000069cb       0x14 C:\Users\Chirag\Desktop\Oled\Atmel\Oled\Oled\ArduinoCore\Debug\libArduinoCore.a(wiring_digital.o)
                0x000069cb                digital_pin_to_bit_mask_PGM
 .progmem.data.digital_pin_to_port_PGM
                0x000069df       0x14 C:\Users\Chirag\Desktop\Oled\Atmel\Oled\Oled\ArduinoCore\Debug\libArduinoCore.a(wiring_digital.o)
                0x000069df                digital_pin_to_port_PGM
 .progmem.data.port_to_output_PGM
                0x000069f3        0xa C:\Users\Chirag\Desktop\Oled\Atmel\Oled\Oled\ArduinoCore\Debug\libArduinoCore.a(wiring_digital.o)
                0x000069f3                port_to_output_PGM
                0x000069fe                . = ALIGN (0x2)
 *fill*         0x000069fd        0x1 
 *(.jumptables)
 *(.jumptables*)
 *(.lowtext)
 *(.lowtext*)
                0x000069fe                __ctors_start = .
 *(.ctors)
 .ctors         0x000069fe        0x2 Sketch.o
 .ctors         0x00006a00        0x2 C:\Users\Chirag\Desktop\Oled\Atmel\Oled\Oled\ArduinoCore\Debug\libArduinoCore.a(Wire.o)
                0x00006a02                __ctors_end = .
                0x00006a02                __dtors_start = .
 *(.dtors)
                0x00006a02                __dtors_end = .
 SORT(*)(.ctors)
 SORT(*)(.dtors)
 *(.init0)
 .init0         0x00006a02        0x0 C:/Program Files (x86)/Atmel/Studio/7.0/Packs/atmel/ATmega_DFP/1.2.150/gcc/dev/atmega328p/avr5/crtatmega328p.o
                0x00006a02                __init
 *(.init0)
 *(.init1)
 *(.init1)
 *(.init2)
 .init2         0x00006a02        0xc C:/Program Files (x86)/Atmel/Studio/7.0/Packs/atmel/ATmega_DFP/1.2.150/gcc/dev/atmega328p/avr5/crtatmega328p.o
 *(.init2)
 *(.init3)
 *(.init3)
 *(.init4)
 .init4         0x00006a0e       0x16 c:/program files (x86)/atmel/studio/7.0/toolchain/avr8/avr8-gnu-toolchain/bin/../lib/gcc/avr/5.4.0/avr5\libgcc.a(_copy_data.o)
                0x00006a0e                __do_copy_data
 .init4         0x00006a24       0x10 c:/program files (x86)/atmel/studio/7.0/toolchain/avr8/avr8-gnu-toolchain/bin/../lib/gcc/avr/5.4.0/avr5\libgcc.a(_clear_bss.o)
                0x00006a24                __do_clear_bss
 *(.init4)
 *(.init5)
 *(.init5)
 *(.init6)
 .init6         0x00006a34       0x16 c:/program files (x86)/atmel/studio/7.0/toolchain/avr8/avr8-gnu-toolchain/bin/../lib/gcc/avr/5.4.0/avr5\libgcc.a(_ctors.o)
                0x00006a34                __do_global_ctors
 *(.init6)
 *(.init7)
 *(.init7)
 *(.init8)
 *(.init8)
 *(.init9)
 .init9         0x00006a4a        0x8 C:/Program Files (x86)/Atmel/Studio/7.0/Packs/atmel/ATmega_DFP/1.2.150/gcc/dev/atmega328p/avr5/crtatmega328p.o
 *(.init9)
 *(.text)
 .text          0x00006a52        0x4 C:/Program Files (x86)/Atmel/Studio/7.0/Packs/atmel/ATmega_DFP/1.2.150/gcc/dev/atmega328p/avr5/crtatmega328p.o
                0x00006a52                __vector_22
                0x00006a52                __vector_1
                0x00006a52                __vector_12
                0x00006a52                __bad_interrupt
                0x00006a52                __vector_6
                0x00006a52                __vector_3
                0x00006a52                __vector_23
                0x00006a52                __vector_25
                0x00006a52                __vector_11
                0x00006a52                __vector_13
                0x00006a52                __vector_17
                0x00006a52                __vector_19
                0x00006a52                __vector_7
                0x00006a52                __vector_5
                0x00006a52                __vector_4
                0x00006a52                __vector_9
                0x00006a52                __vector_2
                0x00006a52                __vector_21
                0x00006a52                __vector_15
                0x00006a52                __vector_8
                0x00006a52                __vector_14
                0x00006a52                __vector_10
                0x00006a52                __vector_18
                0x00006a52                __vector_20
                0x00006a56                . = ALIGN (0x2)
 *(.text.*)
 .text._ZN5Print17availableForWriteEv
                0x00006a56        0x6 Sketch.o
                0x00006a56                _ZN5Print17availableForWriteEv
 .text._ZN5Print5flushEv
                0x00006a5c        0x2 Sketch.o
                0x00006a5c                _ZN5Print5flushEv
 .text.setup    0x00006a5e       0xd4 Sketch.o
                0x00006a5e                setup
 .text.loop     0x00006b32        0x2 Sketch.o
                0x00006b32                loop
 .text.startup._GLOBAL__sub_I_fontName
                0x00006b34       0x1a Sketch.o
 .text._ZN16SSD1306AsciiWire12writeDisplayEhh
                0x00006b4e       0x72 Sketch.o
                0x00006b4e                _ZN16SSD1306AsciiWire12writeDisplayEhh
 .text.initVariant
                0x00006bc0        0x2 C:\Users\Chirag\Desktop\Oled\Atmel\Oled\Oled\ArduinoCore\Debug\libArduinoCore.a(main.o)
                0x00006bc0                initVariant
 .text.startup.main
                0x00006bc2       0x1e C:\Users\Chirag\Desktop\Oled\Atmel\Oled\Oled\ArduinoCore\Debug\libArduinoCore.a(main.o)
                0x00006bc2                main
 .text._ZN5Print5writeEPKhj
                0x00006be0       0x54 C:\Users\Chirag\Desktop\Oled\Atmel\Oled\Oled\ArduinoCore\Debug\libArduinoCore.a(Print.o)
                0x00006be0                _ZN5Print5writeEPKhj
 .text._ZN5Print5writeEPKc
                0x00006c34       0x2a C:\Users\Chirag\Desktop\Oled\Atmel\Oled\Oled\ArduinoCore\Debug\libArduinoCore.a(Print.o)
                0x00006c34                _ZN5Print5writeEPKc
 .text._ZN5Print5printEPKc
                0x00006c5e        0x4 C:\Users\Chirag\Desktop\Oled\Atmel\Oled\Oled\ArduinoCore\Debug\libArduinoCore.a(Print.o)
                0x00006c5e                _ZN5Print5printEPKc
 .text._ZN5Print7printlnEv
                0x00006c62        0x8 C:\Users\Chirag\Desktop\Oled\Atmel\Oled\Oled\ArduinoCore\Debug\libArduinoCore.a(Print.o)
                0x00006c62                _ZN5Print7printlnEv
 .text._ZN5Print7printlnEPKc
                0x00006c6a       0x24 C:\Users\Chirag\Desktop\Oled\Atmel\Oled\Oled\ArduinoCore\Debug\libArduinoCore.a(Print.o)
                0x00006c6a                _ZN5Print7printlnEPKc
 .text.__vector_16
                0x00006c8e       0x94 C:\Users\Chirag\Desktop\Oled\Atmel\Oled\Oled\ArduinoCore\Debug\libArduinoCore.a(wiring.o)
                0x00006c8e                __vector_16
 .text.micros   0x00006d22       0x4a C:\Users\Chirag\Desktop\Oled\Atmel\Oled\Oled\ArduinoCore\Debug\libArduinoCore.a(wiring.o)
                0x00006d22                micros
 .text.delay    0x00006d6c       0x78 C:\Users\Chirag\Desktop\Oled\Atmel\Oled\Oled\ArduinoCore\Debug\libArduinoCore.a(wiring.o)
                0x00006d6c                delay
 .text.init     0x00006de4       0x76 C:\Users\Chirag\Desktop\Oled\Atmel\Oled\Oled\ArduinoCore\Debug\libArduinoCore.a(wiring.o)
                0x00006de4                init
 .text._ZN12SSD1306Ascii15ssd1306WriteCmdEh
                0x00006e5a       0x10 C:\Users\Chirag\Desktop\Oled\Atmel\Oled\Oled\ArduinoCore\Debug\libArduinoCore.a(SSD1306Ascii.o)
                0x00006e5a                _ZN12SSD1306Ascii15ssd1306WriteCmdEh
 .text._ZN12SSD1306Ascii10fontHeightEv
                0x00006e6a       0x22 C:\Users\Chirag\Desktop\Oled\Atmel\Oled\Oled\ArduinoCore\Debug\libArduinoCore.a(SSD1306Ascii.o)
                0x00006e6a                _ZN12SSD1306Ascii10fontHeightEv
 .text._ZN12SSD1306Ascii6setColEh
                0x00006e8c       0x3e C:\Users\Chirag\Desktop\Oled\Atmel\Oled\Oled\ArduinoCore\Debug\libArduinoCore.a(SSD1306Ascii.o)
                0x00006e8c                _ZN12SSD1306Ascii6setColEh
 .text._ZN12SSD1306Ascii6setRowEh
                0x00006eca       0x18 C:\Users\Chirag\Desktop\Oled\Atmel\Oled\Oled\ArduinoCore\Debug\libArduinoCore.a(SSD1306Ascii.o)
                0x00006eca                _ZN12SSD1306Ascii6setRowEh
 .text._ZN12SSD1306Ascii9setCursorEhh
                0x00006ee2       0x1c C:\Users\Chirag\Desktop\Oled\Atmel\Oled\Oled\ArduinoCore\Debug\libArduinoCore.a(SSD1306Ascii.o)
                0x00006ee2                _ZN12SSD1306Ascii9setCursorEhh
 .text._ZN12SSD1306Ascii18ssd1306WriteRamBufEh
                0x00006efe       0x2a C:\Users\Chirag\Desktop\Oled\Atmel\Oled\Oled\ArduinoCore\Debug\libArduinoCore.a(SSD1306Ascii.o)
                0x00006efe                _ZN12SSD1306Ascii18ssd1306WriteRamBufEh
 .text._ZN12SSD1306Ascii5clearEhhhh
                0x00006f28       0x68 C:\Users\Chirag\Desktop\Oled\Atmel\Oled\Oled\ArduinoCore\Debug\libArduinoCore.a(SSD1306Ascii.o)
                0x00006f28                _ZN12SSD1306Ascii5clearEhhhh
 .text._ZN12SSD1306Ascii5clearEv
                0x00006f90       0x38 C:\Users\Chirag\Desktop\Oled\Atmel\Oled\Oled\ArduinoCore\Debug\libArduinoCore.a(SSD1306Ascii.o)
                0x00006f90                _ZN12SSD1306Ascii5clearEv
 .text._ZN12SSD1306Ascii4initEPK7DevType
                0x00006fc8       0x64 C:\Users\Chirag\Desktop\Oled\Atmel\Oled\Oled\ArduinoCore\Debug\libArduinoCore.a(SSD1306Ascii.o)
                0x00006fc8                _ZN12SSD1306Ascii4initEPK7DevType
 .text._ZN12SSD1306Ascii10clearToEOLEv
                0x0000702c       0x36 C:\Users\Chirag\Desktop\Oled\Atmel\Oled\Oled\ArduinoCore\Debug\libArduinoCore.a(SSD1306Ascii.o)
                0x0000702c                _ZN12SSD1306Ascii10clearToEOLEv
 .text._ZN12SSD1306Ascii5writeEh
                0x00007062      0x2c8 C:\Users\Chirag\Desktop\Oled\Atmel\Oled\Oled\ArduinoCore\Debug\libArduinoCore.a(SSD1306Ascii.o)
                0x00007062                _ZN12SSD1306Ascii5writeEh
 .text._ZN7TwoWire9availableEv
                0x0000732a       0x10 C:\Users\Chirag\Desktop\Oled\Atmel\Oled\Oled\ArduinoCore\Debug\libArduinoCore.a(Wire.o)
                0x0000732a                _ZN7TwoWire9availableEv
 .text._ZN7TwoWire4readEv
                0x0000733a       0x28 C:\Users\Chirag\Desktop\Oled\Atmel\Oled\Oled\ArduinoCore\Debug\libArduinoCore.a(Wire.o)
                0x0000733a                _ZN7TwoWire4readEv
 .text._ZN7TwoWire4peekEv
                0x00007362       0x1e C:\Users\Chirag\Desktop\Oled\Atmel\Oled\Oled\ArduinoCore\Debug\libArduinoCore.a(Wire.o)
                0x00007362                _ZN7TwoWire4peekEv
 .text._ZN7TwoWire5flushEv
                0x00007380        0x2 C:\Users\Chirag\Desktop\Oled\Atmel\Oled\Oled\ArduinoCore\Debug\libArduinoCore.a(Wire.o)
                0x00007380                _ZN7TwoWire5flushEv
 .text._ZN7TwoWire5writeEPKhj
                0x00007382       0x5a C:\Users\Chirag\Desktop\Oled\Atmel\Oled\Oled\ArduinoCore\Debug\libArduinoCore.a(Wire.o)
                0x00007382                _ZN7TwoWire5writeEPKhj
 .text._ZN7TwoWire5writeEh
                0x000073dc       0x5e C:\Users\Chirag\Desktop\Oled\Atmel\Oled\Oled\ArduinoCore\Debug\libArduinoCore.a(Wire.o)
                0x000073dc                _ZN7TwoWire5writeEh
 .text._ZN7TwoWireC2Ev
                0x0000743a       0x20 C:\Users\Chirag\Desktop\Oled\Atmel\Oled\Oled\ArduinoCore\Debug\libArduinoCore.a(Wire.o)
                0x0000743a                _ZN7TwoWireC1Ev
                0x0000743a                _ZN7TwoWireC2Ev
 .text._ZN7TwoWire5beginEv
                0x0000745a       0x14 C:\Users\Chirag\Desktop\Oled\Atmel\Oled\Oled\ArduinoCore\Debug\libArduinoCore.a(Wire.o)
                0x0000745a                _ZN7TwoWire5beginEv
 .text._ZN7TwoWire17beginTransmissionEh
                0x0000746e       0x14 C:\Users\Chirag\Desktop\Oled\Atmel\Oled\Oled\ArduinoCore\Debug\libArduinoCore.a(Wire.o)
                0x0000746e                _ZN7TwoWire17beginTransmissionEh
 .text._ZN7TwoWire15endTransmissionEh
                0x00007482       0x26 C:\Users\Chirag\Desktop\Oled\Atmel\Oled\Oled\ArduinoCore\Debug\libArduinoCore.a(Wire.o)
                0x00007482                _ZN7TwoWire15endTransmissionEh
 .text._ZN7TwoWire15endTransmissionEv
                0x000074a8        0x6 C:\Users\Chirag\Desktop\Oled\Atmel\Oled\Oled\ArduinoCore\Debug\libArduinoCore.a(Wire.o)
                0x000074a8                _ZN7TwoWire15endTransmissionEv
 .text.startup._GLOBAL__sub_I__ZN7TwoWire8rxBufferE
                0x000074ae        0x8 C:\Users\Chirag\Desktop\Oled\Atmel\Oled\Oled\ArduinoCore\Debug\libArduinoCore.a(Wire.o)
 .text.__empty  0x000074b6        0x2 C:\Users\Chirag\Desktop\Oled\Atmel\Oled\Oled\ArduinoCore\Debug\libArduinoCore.a(hooks.o)
                0x000074b6                yield
 .text.turnOffPWM
                0x000074b8       0x52 C:\Users\Chirag\Desktop\Oled\Atmel\Oled\Oled\ArduinoCore\Debug\libArduinoCore.a(wiring_digital.o)
 .text.digitalWrite
                0x0000750a       0x5e C:\Users\Chirag\Desktop\Oled\Atmel\Oled\Oled\ArduinoCore\Debug\libArduinoCore.a(wiring_digital.o)
                0x0000750a                digitalWrite
 .text.twi_init
                0x00007568       0x3c C:\Users\Chirag\Desktop\Oled\Atmel\Oled\Oled\ArduinoCore\Debug\libArduinoCore.a(twi.o)
                0x00007568                twi_init
 .text.twi_writeTo
                0x000075a4       0xac C:\Users\Chirag\Desktop\Oled\Atmel\Oled\Oled\ArduinoCore\Debug\libArduinoCore.a(twi.o)
                0x000075a4                twi_writeTo
 .text.twi_transmit
                0x00007650       0x50 C:\Users\Chirag\Desktop\Oled\Atmel\Oled\Oled\ArduinoCore\Debug\libArduinoCore.a(twi.o)
                0x00007650                twi_transmit
 .text.twi_stop
                0x000076a0       0x14 C:\Users\Chirag\Desktop\Oled\Atmel\Oled\Oled\ArduinoCore\Debug\libArduinoCore.a(twi.o)
                0x000076a0                twi_stop
 .text.twi_releaseBus
                0x000076b4        0xc C:\Users\Chirag\Desktop\Oled\Atmel\Oled\Oled\ArduinoCore\Debug\libArduinoCore.a(twi.o)
                0x000076b4                twi_releaseBus
 .text.__vector_24
                0x000076c0      0x25a C:\Users\Chirag\Desktop\Oled\Atmel\Oled\Oled\ArduinoCore\Debug\libArduinoCore.a(twi.o)
                0x000076c0                __vector_24
 .text.libgcc   0x0000791a        0xc c:/program files (x86)/atmel/studio/7.0/toolchain/avr8/avr8-gnu-toolchain/bin/../lib/gcc/avr/5.4.0/avr5\libgcc.a(_tablejump2.o)
                0x0000791a                __tablejump2__
                0x00007926                . = ALIGN (0x2)
 *(.fini9)
 .fini9         0x00007926        0x0 c:/program files (x86)/atmel/studio/7.0/toolchain/avr8/avr8-gnu-toolchain/bin/../lib/gcc/avr/5.4.0/avr5\libgcc.a(_exit.o)
                0x00007926                _exit
                0x00007926                exit
 *(.fini9)
 *(.fini8)
 *(.fini8)
 *(.fini7)
 *(.fini7)
 *(.fini6)
 *(.fini6)
 *(.fini5)
 *(.fini5)
 *(.fini4)
 *(.fini4)
 *(.fini3)
 *(.fini3)
 *(.fini2)
 *(.fini2)
 *(.fini1)
 *(.fini1)
 *(.fini0)
 .fini0         0x00007926        0x4 c:/program files (x86)/atmel/studio/7.0/toolchain/avr8/avr8-gnu-toolchain/bin/../lib/gcc/avr/5.4.0/avr5\libgcc.a(_exit.o)
 *(.fini0)
                0x0000792a                _etext = .

.data           0x00800100      0x200 load address 0x0000792a
                0x00800100                PROVIDE (__data_start, .)
 *(.data)
 *(.data*)
 .data.nFont    0x00800100        0x1 Sketch.o
                0x00800100                nFont
 .data.fontList
                0x00800101       0x30 Sketch.o
                0x00800101                fontList
 .data.fontName
                0x00800131       0x30 Sketch.o
                0x00800131                fontName
 *(.gnu.linkonce.d*)
 *(.rodata)
 *(.rodata*)
 .rodata.str1.1
                0x00800161      0x16f Sketch.o
 .rodata._ZTV16SSD1306AsciiWire
                0x008002d0        0xe Sketch.o
                0x008002d0                _ZTV16SSD1306AsciiWire
 .rodata.str1.1
                0x008002de        0xf C:\Users\Chirag\Desktop\Oled\Atmel\Oled\Oled\ArduinoCore\Debug\libArduinoCore.a(Print.o)
 .rodata._ZTV7TwoWire
                0x008002ed       0x12 C:\Users\Chirag\Desktop\Oled\Atmel\Oled\Oled\ArduinoCore\Debug\libArduinoCore.a(Wire.o)
                0x008002ed                _ZTV7TwoWire
 *(.gnu.linkonce.r*)
                0x00800300                . = ALIGN (0x2)
 *fill*         0x008002ff        0x1 
                0x00800300                _edata = .
                0x00800300                PROVIDE (__data_end, .)

.bss            0x00800300       0xd8
                0x00800300                PROVIDE (__bss_start, .)
 *(.bss)
 *(.bss*)
 .bss.oled      0x00800300        0xf Sketch.o
                0x00800300                oled
 .bss.timer0_fract
                0x0080030f        0x1 C:\Users\Chirag\Desktop\Oled\Atmel\Oled\Oled\ArduinoCore\Debug\libArduinoCore.a(wiring.o)
 .bss.timer0_millis
                0x00800310        0x4 C:\Users\Chirag\Desktop\Oled\Atmel\Oled\Oled\ArduinoCore\Debug\libArduinoCore.a(wiring.o)
                0x00800310                timer0_millis
 .bss.timer0_overflow_count
                0x00800314        0x4 C:\Users\Chirag\Desktop\Oled\Atmel\Oled\Oled\ArduinoCore\Debug\libArduinoCore.a(wiring.o)
                0x00800314                timer0_overflow_count
 .bss.Wire      0x00800318        0xc C:\Users\Chirag\Desktop\Oled\Atmel\Oled\Oled\ArduinoCore\Debug\libArduinoCore.a(Wire.o)
                0x00800318                Wire
 .bss._ZN7TwoWire12transmittingE
                0x00800324        0x1 C:\Users\Chirag\Desktop\Oled\Atmel\Oled\Oled\ArduinoCore\Debug\libArduinoCore.a(Wire.o)
                0x00800324                _ZN7TwoWire12transmittingE
 .bss._ZN7TwoWire14txBufferLengthE
                0x00800325        0x1 C:\Users\Chirag\Desktop\Oled\Atmel\Oled\Oled\ArduinoCore\Debug\libArduinoCore.a(Wire.o)
                0x00800325                _ZN7TwoWire14txBufferLengthE
 .bss._ZN7TwoWire13txBufferIndexE
                0x00800326        0x1 C:\Users\Chirag\Desktop\Oled\Atmel\Oled\Oled\ArduinoCore\Debug\libArduinoCore.a(Wire.o)
                0x00800326                _ZN7TwoWire13txBufferIndexE
 .bss._ZN7TwoWire8txBufferE
                0x00800327       0x20 C:\Users\Chirag\Desktop\Oled\Atmel\Oled\Oled\ArduinoCore\Debug\libArduinoCore.a(Wire.o)
                0x00800327                _ZN7TwoWire8txBufferE
 .bss._ZN7TwoWire9txAddressE
                0x00800347        0x1 C:\Users\Chirag\Desktop\Oled\Atmel\Oled\Oled\ArduinoCore\Debug\libArduinoCore.a(Wire.o)
                0x00800347                _ZN7TwoWire9txAddressE
 .bss._ZN7TwoWire14rxBufferLengthE
                0x00800348        0x1 C:\Users\Chirag\Desktop\Oled\Atmel\Oled\Oled\ArduinoCore\Debug\libArduinoCore.a(Wire.o)
                0x00800348                _ZN7TwoWire14rxBufferLengthE
 .bss._ZN7TwoWire13rxBufferIndexE
                0x00800349        0x1 C:\Users\Chirag\Desktop\Oled\Atmel\Oled\Oled\ArduinoCore\Debug\libArduinoCore.a(Wire.o)
                0x00800349                _ZN7TwoWire13rxBufferIndexE
 .bss._ZN7TwoWire8rxBufferE
                0x0080034a       0x20 C:\Users\Chirag\Desktop\Oled\Atmel\Oled\Oled\ArduinoCore\Debug\libArduinoCore.a(Wire.o)
                0x0080034a                _ZN7TwoWire8rxBufferE
 .bss.twi_error
                0x0080036a        0x1 C:\Users\Chirag\Desktop\Oled\Atmel\Oled\Oled\ArduinoCore\Debug\libArduinoCore.a(twi.o)
 .bss.twi_rxBufferIndex
                0x0080036b        0x1 C:\Users\Chirag\Desktop\Oled\Atmel\Oled\Oled\ArduinoCore\Debug\libArduinoCore.a(twi.o)
 .bss.twi_rxBuffer
                0x0080036c       0x20 C:\Users\Chirag\Desktop\Oled\Atmel\Oled\Oled\ArduinoCore\Debug\libArduinoCore.a(twi.o)
 .bss.twi_txBufferLength
                0x0080038c        0x1 C:\Users\Chirag\Desktop\Oled\Atmel\Oled\Oled\ArduinoCore\Debug\libArduinoCore.a(twi.o)
 .bss.twi_txBufferIndex
                0x0080038d        0x1 C:\Users\Chirag\Desktop\Oled\Atmel\Oled\Oled\ArduinoCore\Debug\libArduinoCore.a(twi.o)
 .bss.twi_txBuffer
                0x0080038e       0x20 C:\Users\Chirag\Desktop\Oled\Atmel\Oled\Oled\ArduinoCore\Debug\libArduinoCore.a(twi.o)
 .bss.twi_masterBufferLength
                0x008003ae        0x1 C:\Users\Chirag\Desktop\Oled\Atmel\Oled\Oled\ArduinoCore\Debug\libArduinoCore.a(twi.o)
 .bss.twi_masterBufferIndex
                0x008003af        0x1 C:\Users\Chirag\Desktop\Oled\Atmel\Oled\Oled\ArduinoCore\Debug\libArduinoCore.a(twi.o)
 .bss.twi_masterBuffer
                0x008003b0       0x20 C:\Users\Chirag\Desktop\Oled\Atmel\Oled\Oled\ArduinoCore\Debug\libArduinoCore.a(twi.o)
 .bss.twi_onSlaveReceive
                0x008003d0        0x2 C:\Users\Chirag\Desktop\Oled\Atmel\Oled\Oled\ArduinoCore\Debug\libArduinoCore.a(twi.o)
 .bss.twi_onSlaveTransmit
                0x008003d2        0x2 C:\Users\Chirag\Desktop\Oled\Atmel\Oled\Oled\ArduinoCore\Debug\libArduinoCore.a(twi.o)
 .bss.twi_inRepStart
                0x008003d4        0x1 C:\Users\Chirag\Desktop\Oled\Atmel\Oled\Oled\ArduinoCore\Debug\libArduinoCore.a(twi.o)
 .bss.twi_sendStop
                0x008003d5        0x1 C:\Users\Chirag\Desktop\Oled\Atmel\Oled\Oled\ArduinoCore\Debug\libArduinoCore.a(twi.o)
 .bss.twi_slarw
                0x008003d6        0x1 C:\Users\Chirag\Desktop\Oled\Atmel\Oled\Oled\ArduinoCore\Debug\libArduinoCore.a(twi.o)
 .bss.twi_state
                0x008003d7        0x1 C:\Users\Chirag\Desktop\Oled\Atmel\Oled\Oled\ArduinoCore\Debug\libArduinoCore.a(twi.o)
 *(COMMON)
                0x008003d8                PROVIDE (__bss_end, .)
                0x0000792a                __data_load_start = LOADADDR (.data)
                0x00007b2a                __data_load_end = (__data_load_start + SIZEOF (.data))

.noinit         0x008003d8        0x0
                [!provide]                PROVIDE (__noinit_start, .)
 *(.noinit*)
                [!provide]                PROVIDE (__noinit_end, .)
                0x008003d8                _end = .
                [!provide]                PROVIDE (__heap_start, .)

.eeprom         0x00810000        0x0
 *(.eeprom*)
                0x00810000                __eeprom_end = .

.fuse
 *(.fuse)
 *(.lfuse)
 *(.hfuse)
 *(.efuse)

.lock
 *(.lock*)

.signature
 *(.signature*)

.user_signatures
 *(.user_signatures*)

.stab
 *(.stab)

.stabstr
 *(.stabstr)

.stab.excl
 *(.stab.excl)

.stab.exclstr
 *(.stab.exclstr)

.stab.index
 *(.stab.index)

.stab.indexstr
 *(.stab.indexstr)

.comment        0x00000000       0x30
 *(.comment)
 .comment       0x00000000       0x30 Sketch.o
                                 0x31 (size before relaxing)
 .comment       0x00000030       0x31 C:\Users\Chirag\Desktop\Oled\Atmel\Oled\Oled\ArduinoCore\Debug\libArduinoCore.a(main.o)
 .comment       0x00000030       0x31 C:\Users\Chirag\Desktop\Oled\Atmel\Oled\Oled\ArduinoCore\Debug\libArduinoCore.a(Print.o)
 .comment       0x00000030       0x31 C:\Users\Chirag\Desktop\Oled\Atmel\Oled\Oled\ArduinoCore\Debug\libArduinoCore.a(wiring.o)
 .comment       0x00000030       0x31 C:\Users\Chirag\Desktop\Oled\Atmel\Oled\Oled\ArduinoCore\Debug\libArduinoCore.a(SSD1306Ascii.o)
 .comment       0x00000030       0x31 C:\Users\Chirag\Desktop\Oled\Atmel\Oled\Oled\ArduinoCore\Debug\libArduinoCore.a(Wire.o)
 .comment       0x00000030       0x31 C:\Users\Chirag\Desktop\Oled\Atmel\Oled\Oled\ArduinoCore\Debug\libArduinoCore.a(hooks.o)
 .comment       0x00000030       0x31 C:\Users\Chirag\Desktop\Oled\Atmel\Oled\Oled\ArduinoCore\Debug\libArduinoCore.a(wiring_digital.o)
 .comment       0x00000030       0x31 C:\Users\Chirag\Desktop\Oled\Atmel\Oled\Oled\ArduinoCore\Debug\libArduinoCore.a(twi.o)

.note.gnu.avr.deviceinfo
                0x00000000       0x40
 .note.gnu.avr.deviceinfo
                0x00000000       0x40 C:/Program Files (x86)/Atmel/Studio/7.0/Packs/atmel/ATmega_DFP/1.2.150/gcc/dev/atmega328p/avr5/crtatmega328p.o

.note.gnu.build-id
 *(.note.gnu.build-id)

.debug
 *(.debug)

.line
 *(.line)

.debug_srcinfo
 *(.debug_srcinfo)

.debug_sfnames
 *(.debug_sfnames)

.debug_aranges  0x00000000      0x448
 *(.debug_aranges)
 .debug_aranges
                0x00000000       0x48 Sketch.o
 .debug_aranges
                0x00000048       0x30 C:\Users\Chirag\Desktop\Oled\Atmel\Oled\Oled\ArduinoCore\Debug\libArduinoCore.a(main.o)
 .debug_aranges
                0x00000078      0x100 C:\Users\Chirag\Desktop\Oled\Atmel\Oled\Oled\ArduinoCore\Debug\libArduinoCore.a(Print.o)
 .debug_aranges
                0x00000178       0x48 C:\Users\Chirag\Desktop\Oled\Atmel\Oled\Oled\ArduinoCore\Debug\libArduinoCore.a(wiring.o)
 .debug_aranges
                0x000001c0       0xb8 C:\Users\Chirag\Desktop\Oled\Atmel\Oled\Oled\ArduinoCore\Debug\libArduinoCore.a(SSD1306Ascii.o)
 .debug_aranges
                0x00000278       0xf8 C:\Users\Chirag\Desktop\Oled\Atmel\Oled\Oled\ArduinoCore\Debug\libArduinoCore.a(Wire.o)
 .debug_aranges
                0x00000370       0x20 C:\Users\Chirag\Desktop\Oled\Atmel\Oled\Oled\ArduinoCore\Debug\libArduinoCore.a(hooks.o)
 .debug_aranges
                0x00000390       0x38 C:\Users\Chirag\Desktop\Oled\Atmel\Oled\Oled\ArduinoCore\Debug\libArduinoCore.a(wiring_digital.o)
 .debug_aranges
                0x000003c8       0x80 C:\Users\Chirag\Desktop\Oled\Atmel\Oled\Oled\ArduinoCore\Debug\libArduinoCore.a(twi.o)

.debug_pubnames
 *(.debug_pubnames)

.debug_info     0x00000000    0x2521a
 *(.debug_info .gnu.linkonce.wi.*)
 .debug_info    0x00000000      0x5f4 C:/Program Files (x86)/Atmel/Studio/7.0/Packs/atmel/ATmega_DFP/1.2.150/gcc/dev/atmega328p/avr5/crtatmega328p.o
 .debug_info    0x000005f4     0xba57 Sketch.o
 .debug_info    0x0000c04b      0x237 C:\Users\Chirag\Desktop\Oled\Atmel\Oled\Oled\ArduinoCore\Debug\libArduinoCore.a(main.o)
 .debug_info    0x0000c282     0x28ff C:\Users\Chirag\Desktop\Oled\Atmel\Oled\Oled\ArduinoCore\Debug\libArduinoCore.a(Print.o)
 .debug_info    0x0000eb81      0x2cb C:\Users\Chirag\Desktop\Oled\Atmel\Oled\Oled\ArduinoCore\Debug\libArduinoCore.a(wiring.o)
 .debug_info    0x0000ee4c    0x12fda C:\Users\Chirag\Desktop\Oled\Atmel\Oled\Oled\ArduinoCore\Debug\libArduinoCore.a(SSD1306Ascii.o)
 .debug_info    0x00021e26     0x27b4 C:\Users\Chirag\Desktop\Oled\Atmel\Oled\Oled\ArduinoCore\Debug\libArduinoCore.a(Wire.o)
 .debug_info    0x000245da       0x3e C:\Users\Chirag\Desktop\Oled\Atmel\Oled\Oled\ArduinoCore\Debug\libArduinoCore.a(hooks.o)
 .debug_info    0x00024618      0x5fe C:\Users\Chirag\Desktop\Oled\Atmel\Oled\Oled\ArduinoCore\Debug\libArduinoCore.a(wiring_digital.o)
 .debug_info    0x00024c16      0x604 C:\Users\Chirag\Desktop\Oled\Atmel\Oled\Oled\ArduinoCore\Debug\libArduinoCore.a(twi.o)

.debug_abbrev   0x00000000     0x1d3a
 *(.debug_abbrev)
 .debug_abbrev  0x00000000      0x5a2 C:/Program Files (x86)/Atmel/Studio/7.0/Packs/atmel/ATmega_DFP/1.2.150/gcc/dev/atmega328p/avr5/crtatmega328p.o
 .debug_abbrev  0x000005a2      0x3cb Sketch.o
 .debug_abbrev  0x0000096d      0x12d C:\Users\Chirag\Desktop\Oled\Atmel\Oled\Oled\ArduinoCore\Debug\libArduinoCore.a(main.o)
 .debug_abbrev  0x00000a9a      0x47a C:\Users\Chirag\Desktop\Oled\Atmel\Oled\Oled\ArduinoCore\Debug\libArduinoCore.a(Print.o)
 .debug_abbrev  0x00000f14      0x146 C:\Users\Chirag\Desktop\Oled\Atmel\Oled\Oled\ArduinoCore\Debug\libArduinoCore.a(wiring.o)
 .debug_abbrev  0x0000105a      0x37a C:\Users\Chirag\Desktop\Oled\Atmel\Oled\Oled\ArduinoCore\Debug\libArduinoCore.a(SSD1306Ascii.o)
 .debug_abbrev  0x000013d4      0x581 C:\Users\Chirag\Desktop\Oled\Atmel\Oled\Oled\ArduinoCore\Debug\libArduinoCore.a(Wire.o)
 .debug_abbrev  0x00001955       0x2a C:\Users\Chirag\Desktop\Oled\Atmel\Oled\Oled\ArduinoCore\Debug\libArduinoCore.a(hooks.o)
 .debug_abbrev  0x0000197f      0x15b C:\Users\Chirag\Desktop\Oled\Atmel\Oled\Oled\ArduinoCore\Debug\libArduinoCore.a(wiring_digital.o)
 .debug_abbrev  0x00001ada      0x260 C:\Users\Chirag\Desktop\Oled\Atmel\Oled\Oled\ArduinoCore\Debug\libArduinoCore.a(twi.o)

.debug_line     0x00000000     0x2ba6
 *(.debug_line .debug_line.* .debug_line_end)
 .debug_line    0x00000000      0x133 C:/Program Files (x86)/Atmel/Studio/7.0/Packs/atmel/ATmega_DFP/1.2.150/gcc/dev/atmega328p/avr5/crtatmega328p.o
 .debug_line    0x00000133      0x71a Sketch.o
 .debug_line    0x0000084d      0x165 C:\Users\Chirag\Desktop\Oled\Atmel\Oled\Oled\ArduinoCore\Debug\libArduinoCore.a(main.o)
 .debug_line    0x000009b2      0x685 C:\Users\Chirag\Desktop\Oled\Atmel\Oled\Oled\ArduinoCore\Debug\libArduinoCore.a(Print.o)
 .debug_line    0x00001037      0x299 C:\Users\Chirag\Desktop\Oled\Atmel\Oled\Oled\ArduinoCore\Debug\libArduinoCore.a(wiring.o)
 .debug_line    0x000012d0      0xb62 C:\Users\Chirag\Desktop\Oled\Atmel\Oled\Oled\ArduinoCore\Debug\libArduinoCore.a(SSD1306Ascii.o)
 .debug_line    0x00001e32      0x5ec C:\Users\Chirag\Desktop\Oled\Atmel\Oled\Oled\ArduinoCore\Debug\libArduinoCore.a(Wire.o)
 .debug_line    0x0000241e       0x41 C:\Users\Chirag\Desktop\Oled\Atmel\Oled\Oled\ArduinoCore\Debug\libArduinoCore.a(hooks.o)
 .debug_line    0x0000245f      0x252 C:\Users\Chirag\Desktop\Oled\Atmel\Oled\Oled\ArduinoCore\Debug\libArduinoCore.a(wiring_digital.o)
 .debug_line    0x000026b1      0x4f5 C:\Users\Chirag\Desktop\Oled\Atmel\Oled\Oled\ArduinoCore\Debug\libArduinoCore.a(twi.o)

.debug_frame    0x00000000      0xc64
 *(.debug_frame)
 .debug_frame   0x00000000       0xa4 Sketch.o
 .debug_frame   0x000000a4       0x54 C:\Users\Chirag\Desktop\Oled\Atmel\Oled\Oled\ArduinoCore\Debug\libArduinoCore.a(main.o)
 .debug_frame   0x000000f8      0x3ac C:\Users\Chirag\Desktop\Oled\Atmel\Oled\Oled\ArduinoCore\Debug\libArduinoCore.a(Print.o)
 .debug_frame   0x000004a4       0xc4 C:\Users\Chirag\Desktop\Oled\Atmel\Oled\Oled\ArduinoCore\Debug\libArduinoCore.a(wiring.o)
 .debug_frame   0x00000568      0x2a4 C:\Users\Chirag\Desktop\Oled\Atmel\Oled\Oled\ArduinoCore\Debug\libArduinoCore.a(SSD1306Ascii.o)
 .debug_frame   0x0000080c      0x284 C:\Users\Chirag\Desktop\Oled\Atmel\Oled\Oled\ArduinoCore\Debug\libArduinoCore.a(Wire.o)
 .debug_frame   0x00000a90       0x24 C:\Users\Chirag\Desktop\Oled\Atmel\Oled\Oled\ArduinoCore\Debug\libArduinoCore.a(hooks.o)
 .debug_frame   0x00000ab4       0x7c C:\Users\Chirag\Desktop\Oled\Atmel\Oled\Oled\ArduinoCore\Debug\libArduinoCore.a(wiring_digital.o)
 .debug_frame   0x00000b30      0x134 C:\Users\Chirag\Desktop\Oled\Atmel\Oled\Oled\ArduinoCore\Debug\libArduinoCore.a(twi.o)

.debug_str      0x00000000     0x2b2a
 *(.debug_str)
 .debug_str     0x00000000      0x208 C:/Program Files (x86)/Atmel/Studio/7.0/Packs/atmel/ATmega_DFP/1.2.150/gcc/dev/atmega328p/avr5/crtatmega328p.o
 .debug_str     0x00000208      0x870 Sketch.o
                                0x8f8 (size before relaxing)
 .debug_str     0x00000a78       0x99 C:\Users\Chirag\Desktop\Oled\Atmel\Oled\Oled\ArduinoCore\Debug\libArduinoCore.a(main.o)
                                0x29e (size before relaxing)
 .debug_str     0x00000b11      0xec2 C:\Users\Chirag\Desktop\Oled\Atmel\Oled\Oled\ArduinoCore\Debug\libArduinoCore.a(Print.o)
                               0x122c (size before relaxing)
 .debug_str     0x000019d3      0x15c C:\Users\Chirag\Desktop\Oled\Atmel\Oled\Oled\ArduinoCore\Debug\libArduinoCore.a(wiring.o)
                                0x234 (size before relaxing)
 .debug_str     0x00001b2f      0x4ba C:\Users\Chirag\Desktop\Oled\Atmel\Oled\Oled\ArduinoCore\Debug\libArduinoCore.a(SSD1306Ascii.o)
                                0xb62 (size before relaxing)
 .debug_str     0x00001fe9      0x912 C:\Users\Chirag\Desktop\Oled\Atmel\Oled\Oled\ArduinoCore\Debug\libArduinoCore.a(Wire.o)
                               0x18ab (size before relaxing)
 .debug_str     0x000028fb       0x1c C:\Users\Chirag\Desktop\Oled\Atmel\Oled\Oled\ArduinoCore\Debug\libArduinoCore.a(hooks.o)
                                0x129 (size before relaxing)
 .debug_str     0x00002917       0xc2 C:\Users\Chirag\Desktop\Oled\Atmel\Oled\Oled\ArduinoCore\Debug\libArduinoCore.a(wiring_digital.o)
                                0x299 (size before relaxing)
 .debug_str     0x000029d9      0x151 C:\Users\Chirag\Desktop\Oled\Atmel\Oled\Oled\ArduinoCore\Debug\libArduinoCore.a(twi.o)
                                0x3b4 (size before relaxing)

.debug_loc      0x00000000     0x5084
 *(.debug_loc)
 .debug_loc     0x00000000      0x1b0 Sketch.o
 .debug_loc     0x000001b0     0x1c87 C:\Users\Chirag\Desktop\Oled\Atmel\Oled\Oled\ArduinoCore\Debug\libArduinoCore.a(Print.o)
 .debug_loc     0x00001e37      0x28d C:\Users\Chirag\Desktop\Oled\Atmel\Oled\Oled\ArduinoCore\Debug\libArduinoCore.a(wiring.o)
 .debug_loc     0x000020c4     0x19e1 C:\Users\Chirag\Desktop\Oled\Atmel\Oled\Oled\ArduinoCore\Debug\libArduinoCore.a(SSD1306Ascii.o)
 .debug_loc     0x00003aa5      0xbfd C:\Users\Chirag\Desktop\Oled\Atmel\Oled\Oled\ArduinoCore\Debug\libArduinoCore.a(Wire.o)
 .debug_loc     0x000046a2      0x5fc C:\Users\Chirag\Desktop\Oled\Atmel\Oled\Oled\ArduinoCore\Debug\libArduinoCore.a(wiring_digital.o)
 .debug_loc     0x00004c9e      0x3e6 C:\Users\Chirag\Desktop\Oled\Atmel\Oled\Oled\ArduinoCore\Debug\libArduinoCore.a(twi.o)

.debug_macinfo
 *(.debug_macinfo)

.debug_weaknames
 *(.debug_weaknames)

.debug_funcnames
 *(.debug_funcnames)

.debug_typenames
 *(.debug_typenames)

.debug_varnames
 *(.debug_varnames)

.debug_pubtypes
 *(.debug_pubtypes)

.debug_ranges   0x00000000      0x4c0
 *(.debug_ranges)
 .debug_ranges  0x00000000       0x50 Sketch.o
 .debug_ranges  0x00000050       0x20 C:\Users\Chirag\Desktop\Oled\Atmel\Oled\Oled\ArduinoCore\Debug\libArduinoCore.a(main.o)
 .debug_ranges  0x00000070      0x120 C:\Users\Chirag\Desktop\Oled\Atmel\Oled\Oled\ArduinoCore\Debug\libArduinoCore.a(Print.o)
 .debug_ranges  0x00000190       0x38 C:\Users\Chirag\Desktop\Oled\Atmel\Oled\Oled\ArduinoCore\Debug\libArduinoCore.a(wiring.o)
 .debug_ranges  0x000001c8      0x168 C:\Users\Chirag\Desktop\Oled\Atmel\Oled\Oled\ArduinoCore\Debug\libArduinoCore.a(SSD1306Ascii.o)
 .debug_ranges  0x00000330       0xe8 C:\Users\Chirag\Desktop\Oled\Atmel\Oled\Oled\ArduinoCore\Debug\libArduinoCore.a(Wire.o)
 .debug_ranges  0x00000418       0x10 C:\Users\Chirag\Desktop\Oled\Atmel\Oled\Oled\ArduinoCore\Debug\libArduinoCore.a(hooks.o)
 .debug_ranges  0x00000428       0x28 C:\Users\Chirag\Desktop\Oled\Atmel\Oled\Oled\ArduinoCore\Debug\libArduinoCore.a(wiring_digital.o)
 .debug_ranges  0x00000450       0x70 C:\Users\Chirag\Desktop\Oled\Atmel\Oled\Oled\ArduinoCore\Debug\libArduinoCore.a(twi.o)

.debug_macro
 *(.debug_macro)
OUTPUT(FontSamplesWire.elf elf32-avr)
LOAD linker stubs
